[2024-10-28T02:55:10.539+0000] {local_task_job_runner.py:123} INFO - ::group::Pre task execution logs
[2024-10-28T02:55:10.607+0000] {taskinstance.py:2612} INFO - Dependencies all met for dep_context=non-requeueable deps ti=<TaskInstance: etl_update_stock_ferrimac.load_data_into_Redshif scheduled__2024-10-25T22:00:00+00:00 [queued]>
[2024-10-28T02:55:10.652+0000] {taskinstance.py:2612} INFO - Dependencies all met for dep_context=requeueable deps ti=<TaskInstance: etl_update_stock_ferrimac.load_data_into_Redshif scheduled__2024-10-25T22:00:00+00:00 [queued]>
[2024-10-28T02:55:10.653+0000] {taskinstance.py:2865} INFO - Starting attempt 1 of 2
[2024-10-28T02:55:10.702+0000] {taskinstance.py:2888} INFO - Executing <Task(PythonOperator): load_data_into_Redshif> on 2024-10-25 22:00:00+00:00
[2024-10-28T02:55:10.720+0000] {warnings.py:112} WARNING - /home/***/.local/lib/python3.12/site-packages/***/task/task_runner/standard_task_runner.py:70: DeprecationWarning: This process (pid=160) is multi-threaded, use of fork() may lead to deadlocks in the child.
  pid = os.fork()

[2024-10-28T02:55:10.724+0000] {standard_task_runner.py:72} INFO - Started process 162 to run task
[2024-10-28T02:55:10.724+0000] {standard_task_runner.py:104} INFO - Running: ['***', 'tasks', 'run', 'etl_update_stock_ferrimac', 'load_data_into_Redshif', 'scheduled__2024-10-25T22:00:00+00:00', '--job-id', '13', '--raw', '--subdir', 'DAGS_FOLDER/object_dag.py', '--cfg-path', '/tmp/tmp8g2ggno2']
[2024-10-28T02:55:10.739+0000] {standard_task_runner.py:105} INFO - Job 13: Subtask load_data_into_Redshif
[2024-10-28T02:55:10.871+0000] {task_command.py:467} INFO - Running <TaskInstance: etl_update_stock_ferrimac.load_data_into_Redshif scheduled__2024-10-25T22:00:00+00:00 [running]> on host 88a8f2cf215f
[2024-10-28T02:55:11.071+0000] {taskinstance.py:3131} INFO - Exporting env vars: AIRFLOW_CTX_DAG_OWNER='***' AIRFLOW_CTX_DAG_ID='etl_update_stock_ferrimac' AIRFLOW_CTX_TASK_ID='load_data_into_Redshif' AIRFLOW_CTX_EXECUTION_DATE='2024-10-25T22:00:00+00:00' AIRFLOW_CTX_TRY_NUMBER='1' AIRFLOW_CTX_DAG_RUN_ID='scheduled__2024-10-25T22:00:00+00:00'
[2024-10-28T02:55:11.073+0000] {taskinstance.py:731} INFO - ::endgroup::
[2024-10-28T02:55:14.374+0000] {logging_mixin.py:190} INFO - Connection to Redshift successful!
[2024-10-28T02:55:14.719+0000] {logging_mixin.py:190} INFO - Update from Redshift: 2024-10-28
[2024-10-28T02:55:15.199+0000] {warnings.py:112} WARNING - /home/***/.local/lib/python3.12/site-packages/pandas/io/parquet.py:189: UserWarning: The DataFrame has column names of mixed type. They will be converted to strings and not roundtrip correctly.
  table = self.api.Table.from_pandas(df, **from_pandas_kwargs)

[2024-10-28T02:55:15.255+0000] {logging_mixin.py:190} INFO - File read as parquet
[2024-10-28T02:55:15.972+0000] {taskinstance.py:3310} ERROR - Task failed with exception
Traceback (most recent call last):
  File "/home/airflow/.local/lib/python3.12/site-packages/sqlalchemy/engine/base.py", line 1890, in _execute_context
    self.dialect.do_executemany(
  File "/home/airflow/.local/lib/python3.12/site-packages/sqlalchemy/dialects/postgresql/psycopg2.py", line 1000, in do_executemany
    cursor.executemany(statement, parameters)
psycopg2.errors.UndefinedColumn: column "2024-10-11 00:00:00" of relation "stock_monetized" does not exist


The above exception was the direct cause of the following exception:

Traceback (most recent call last):
  File "/opt/airflow/functions_etl/load_data.py", line 107, in load_data_to_Redshift
    df.to_sql(redshift_table, con=engine, schema=REDSHIFT_SCHEMA, if_exists='append', index=False)
  File "/home/airflow/.local/lib/python3.12/site-packages/pandas/util/_decorators.py", line 333, in wrapper
    return func(*args, **kwargs)
           ^^^^^^^^^^^^^^^^^^^^^
  File "/home/airflow/.local/lib/python3.12/site-packages/pandas/core/generic.py", line 3008, in to_sql
    return sql.to_sql(
           ^^^^^^^^^^^
  File "/home/airflow/.local/lib/python3.12/site-packages/pandas/io/sql.py", line 788, in to_sql
    return pandas_sql.to_sql(
           ^^^^^^^^^^^^^^^^^^
  File "/home/airflow/.local/lib/python3.12/site-packages/pandas/io/sql.py", line 1958, in to_sql
    total_inserted = sql_engine.insert_records(
                     ^^^^^^^^^^^^^^^^^^^^^^^^^^
  File "/home/airflow/.local/lib/python3.12/site-packages/pandas/io/sql.py", line 1507, in insert_records
    raise err
  File "/home/airflow/.local/lib/python3.12/site-packages/pandas/io/sql.py", line 1498, in insert_records
    return table.insert(chunksize=chunksize, method=method)
           ^^^^^^^^^^^^^^^^^^^^^^^^^^^^^^^^^^^^^^^^^^^^^^^^
  File "/home/airflow/.local/lib/python3.12/site-packages/pandas/io/sql.py", line 1059, in insert
    num_inserted = exec_insert(conn, keys, chunk_iter)
                   ^^^^^^^^^^^^^^^^^^^^^^^^^^^^^^^^^^^
  File "/home/airflow/.local/lib/python3.12/site-packages/pandas/io/sql.py", line 951, in _execute_insert
    result = conn.execute(self.table.insert(), data)
             ^^^^^^^^^^^^^^^^^^^^^^^^^^^^^^^^^^^^^^^
  File "/home/airflow/.local/lib/python3.12/site-packages/sqlalchemy/engine/base.py", line 1385, in execute
    return meth(self, multiparams, params, _EMPTY_EXECUTION_OPTS)
           ^^^^^^^^^^^^^^^^^^^^^^^^^^^^^^^^^^^^^^^^^^^^^^^^^^^^^^
  File "/home/airflow/.local/lib/python3.12/site-packages/sqlalchemy/sql/elements.py", line 334, in _execute_on_connection
    return connection._execute_clauseelement(
           ^^^^^^^^^^^^^^^^^^^^^^^^^^^^^^^^^^
  File "/home/airflow/.local/lib/python3.12/site-packages/sqlalchemy/engine/base.py", line 1577, in _execute_clauseelement
    ret = self._execute_context(
          ^^^^^^^^^^^^^^^^^^^^^^
  File "/home/airflow/.local/lib/python3.12/site-packages/sqlalchemy/engine/base.py", line 1953, in _execute_context
    self._handle_dbapi_exception(
  File "/home/airflow/.local/lib/python3.12/site-packages/sqlalchemy/engine/base.py", line 2134, in _handle_dbapi_exception
    util.raise_(
  File "/home/airflow/.local/lib/python3.12/site-packages/sqlalchemy/util/compat.py", line 211, in raise_
    raise exception
  File "/home/airflow/.local/lib/python3.12/site-packages/sqlalchemy/engine/base.py", line 1890, in _execute_context
    self.dialect.do_executemany(
  File "/home/airflow/.local/lib/python3.12/site-packages/sqlalchemy/dialects/postgresql/psycopg2.py", line 1000, in do_executemany
    cursor.executemany(statement, parameters)
sqlalchemy.exc.ProgrammingError: (psycopg2.errors.UndefinedColumn) column "2024-10-11 00:00:00" of relation "stock_monetized" does not exist

[SQL: INSERT INTO "2024_simon_tiberio_schema".stock_monetized (id_product, model, "descripcion ", suppliers, blands, "2024-09-09 00:00:00", "2024-09-10 00:00:00", "2024-09-11 00:00:00", "2024-09-12 00:00:00", "2024-09-13 00:00:00", "2024-09-14 00:00:00", "2024-09-15 00:00:00", "2024-09-16 00:00:00", "2024-09-17 00:00:00", "2024-09-18 00:00:00", "2024-09-19 00:00:00", "2024-09-20 00:00:00", "2024-09-21 00:00:00", "2024-09-22 00:00:00", "2024-09-23 00:00:00", "2024-09-24 00:00:00", "2024-09-25 00:00:00", "2024-09-26 00:00:00", "2024-09-27 00:00:00", "2024-09-28 00:00:00", "2024-09-29 00:00:00", "2024-09-30 00:00:00", "2024-10-01 00:00:00", "2024-10-02 00:00:00", "2024-10-03 00:00:00", "2024-10-04 00:00:00", "2024-10-05 00:00:00", "2024-10-06 00:00:00", "2024-10-07 00:00:00", "2024-10-08 00:00:00", "2024-10-09 00:00:00", "2024-10-10 00:00:00", "2024-10-11 00:00:00", "2024-10-12 00:00:00", "2024-10-13 00:00:00", "2024-10-14 00:00:00", "2024-10-15 00:00:00", "2024-10-16 00:00:00", "2024-10-17 00:00:00", "2024-10-18 00:00:00") VALUES (%(id_product)s, %(model)s, %(descripcion_)s, %(suppliers)s, %(blands)s, %(2024-09-09_00C00C00)s, %(2024-09-10_00C00C00)s, %(2024-09-11_00C00C00)s, %(2024-09-12_00C00C00)s, %(2024-09-13_00C00C00)s, %(2024-09-14_00C00C00)s, %(2024-09-15_00C00C00)s, %(2024-09-16_00C00C00)s, %(2024-09-17_00C00C00)s, %(2024-09-18_00C00C00)s, %(2024-09-19_00C00C00)s, %(2024-09-20_00C00C00)s, %(2024-09-21_00C00C00)s, %(2024-09-22_00C00C00)s, %(2024-09-23_00C00C00)s, %(2024-09-24_00C00C00)s, %(2024-09-25_00C00C00)s, %(2024-09-26_00C00C00)s, %(2024-09-27_00C00C00)s, %(2024-09-28_00C00C00)s, %(2024-09-29_00C00C00)s, %(2024-09-30_00C00C00)s, %(2024-10-01_00C00C00)s, %(2024-10-02_00C00C00)s, %(2024-10-03_00C00C00)s, %(2024-10-04_00C00C00)s, %(2024-10-05_00C00C00)s, %(2024-10-06_00C00C00)s, %(2024-10-07_00C00C00)s, %(2024-10-08_00C00C00)s, %(2024-10-09_00C00C00)s, %(2024-10-10_00C00C00)s, %(2024-10-11_00C00C00)s, %(2024-10-12_00C00C00)s, %(2024-10-13_00C00C00)s, %(2024-10-14_00C00C00)s, %(2024-10-15_00C00C00)s, %(2024-10-16_00C00C00)s, %(2024-10-17_00C00C00)s, %(2024-10-18_00C00C00)s)]
[parameters: ({'id_product': 'ID-00000001', 'model': 'BSX17', 'descripcion_': 'JUEGO DE TUBOS BAHCO 17P CON CRIQUE', 'suppliers': 'ITURRIA S.A', 'blands': 'BAHCO', '2024-09-09_00C00C00': 1266.28, '2024-09-10_00C00C00': 1265.84, '2024-09-11_00C00C00': 1266.25, '2024-09-12_00C00C00': 1269.23, '2024-09-13_00C00C00': 1266.65, '2024-09-14_00C00C00': 1268.25, '2024-09-15_00C00C00': 1268.25, '2024-09-16_00C00C00': 1269.83, '2024-09-17_00C00C00': 1270.88, '2024-09-18_00C00C00': 1.0, '2024-09-19_00C00C00': 1272.88, '2024-09-20_00C00C00': 1271.26, '2024-09-21_00C00C00': 1271.04, '2024-09-22_00C00C00': 1.0, '2024-09-23_00C00C00': 1.0, '2024-09-24_00C00C00': 1.0, '2024-09-25_00C00C00': 2.0, '2024-09-26_00C00C00': 1.0, '2024-09-27_00C00C00': 1276.47, '2024-09-28_00C00C00': 1276.47, '2024-09-29_00C00C00': 1.0, '2024-09-30_00C00C00': 1280.83, '2024-10-01_00C00C00': 1281.92, '2024-10-02_00C00C00': 1282.78, '2024-10-03_00C00C00': 1284.76, '2024-10-04_00C00C00': 1290.05, '2024-10-05_00C00C00': 1290.05, '2024-10-06_00C00C00': 1291.36, '2024-10-07_00C00C00': 1288.85, '2024-10-08_00C00C00': 1288.08, '2024-10-09_00C00C00': 1288.73, '2024-10-10_00C00C00': None, '2024-10-11_00C00C00': 1295.98, '2024-10-12_00C00C00': None, '2024-10-13_00C00C00': None, '2024-10-14_00C00C00': None, '2024-10-15_00C00C00': None, '2024-10-16_00C00C00': None, '2024-10-17_00C00C00': None, '2024-10-18_00C00C00': None}, {'id_product': 'ID-00000002', 'model': 'TM12', 'descripcion_': 'TUBO ESTRIADO LARGO DE 1/2" 12MM', 'suppliers': 'ITURRIA S.A', 'blands': 'BAHCO', '2024-09-09_00C00C00': 1380.84, '2024-09-10_00C00C00': 1380.36, '2024-09-11_00C00C00': 1380.8, '2024-09-12_00C00C00': 1384.05, '2024-09-13_00C00C00': 1381.24, '2024-09-14_00C00C00': 1382.98, '2024-09-15_00C00C00': 1382.98, '2024-09-16_00C00C00': 1384.71, '2024-09-17_00C00C00': 1385.85, '2024-09-18_00C00C00': 2.0, '2024-09-19_00C00C00': 1388.03, '2024-09-20_00C00C00': 1386.27, '2024-09-21_00C00C00': 1386.02, '2024-09-22_00C00C00': 2.0, '2024-09-23_00C00C00': 2.0, '2024-09-24_00C00C00': 2.0, '2024-09-25_00C00C00': 4.0, '2024-09-26_00C00C00': 2.0, '2024-09-27_00C00C00': 1391.94, '2024-09-28_00C00C00': 1391.94, '2024-09-29_00C00C00': 2.0, '2024-09-30_00C00C00': 1396.7, '2024-10-01_00C00C00': 1397.89, '2024-10-02_00C00C00': 4196.5, '2024-10-03_00C00C00': 1400.98, '2024-10-04_00C00C00': 1406.76, '2024-10-05_00C00C00': 1406.76, '2024-10-06_00C00C00': 1408.19, '2024-10-07_00C00C00': 1405.44, '2024-10-08_00C00C00': 1404.61, '2024-10-09_00C00C00': 1405.31, '2024-10-10_00C00C00': None, '2024-10-11_00C00C00': 1413.22, '2024-10-12_00C00C00': None, '2024-10-13_00C00C00': None, '2024-10-14_00C00C00': None, '2024-10-15_00C00C00': None, '2024-10-16_00C00C00': None, '2024-10-17_00C00C00': None, '2024-10-18_00C00C00': None}, {'id_product': 'ID-00000003', 'model': 'TM13', 'descripcion_': 'TUBO ESTRIADO LARGO DE 1/2" 13MM', 'suppliers': 'ITURRIA S.A', 'blands': 'BAHCO', '2024-09-09_00C00C00': 0.0, '2024-09-10_00C00C00': 0.0, '2024-09-11_00C00C00': 0.0, '2024-09-12_00C00C00': 0.0, '2024-09-13_00C00C00': 0.0, '2024-09-14_00C00C00': 0.0, '2024-09-15_00C00C00': 0.0, '2024-09-16_00C00C00': 0.0, '2024-09-17_00C00C00': 0.0, '2024-09-18_00C00C00': 0.0, '2024-09-19_00C00C00': 0.0, '2024-09-20_00C00C00': 0.0, '2024-09-21_00C00C00': 0.0, '2024-09-22_00C00C00': 0.0, '2024-09-23_00C00C00': 0.0, '2024-09-24_00C00C00': 0.0, '2024-09-25_00C00C00': 0.0, '2024-09-26_00C00C00': 0.0, '2024-09-27_00C00C00': 0.0, '2024-09-28_00C00C00': 0.0, '2024-09-29_00C00C00': 0.0, '2024-09-30_00C00C00': 0.0, '2024-10-01_00C00C00': 0.0, '2024-10-02_00C00C00': 0.0, '2024-10-03_00C00C00': 0.0, '2024-10-04_00C00C00': 0.0, '2024-10-05_00C00C00': 0.0, '2024-10-06_00C00C00': 0.0, '2024-10-07_00C00C00': 0.0, '2024-10-08_00C00C00': 0.0, '2024-10-09_00C00C00': 0.0, '2024-10-10_00C00C00': None, '2024-10-11_00C00C00': 0.0, '2024-10-12_00C00C00': None, '2024-10-13_00C00C00': None, '2024-10-14_00C00C00': None, '2024-10-15_00C00C00': None, '2024-10-16_00C00C00': None, '2024-10-17_00C00C00': None, '2024-10-18_00C00C00': None}, {'id_product': 'ID-00000004', 'model': 'TM14', 'descripcion_': 'TUBO ESTRIADO LARGO DE 1/2" 14 MM', 'suppliers': 'ITURRIA S.A', 'blands': 'BAHCO', '2024-09-09_00C00C00': 0.0, '2024-09-10_00C00C00': 0.0, '2024-09-11_00C00C00': 0.0, '2024-09-12_00C00C00': 0.0, '2024-09-13_00C00C00': 0.0, '2024-09-14_00C00C00': 0.0, '2024-09-15_00C00C00': 0.0, '2024-09-16_00C00C00': 0.0, '2024-09-17_00C00C00': 0.0, '2024-09-18_00C00C00': 0.0, '2024-09-19_00C00C00': 0.0, '2024-09-20_00C00C00': 0.0, '2024-09-21_00C00C00': 0.0, '2024-09-22_00C00C00': 0.0, '2024-09-23_00C00C00': 0.0, '2024-09-24_00C00C00': 0.0, '2024-09-25_00C00C00': 0.0, '2024-09-26_00C00C00': 0.0, '2024-09-27_00C00C00': 0.0, '2024-09-28_00C00C00': 0.0, '2024-09-29_00C00C00': 0.0, '2024-09-30_00C00C00': 0.0, '2024-10-01_00C00C00': 0.0, '2024-10-02_00C00C00': 0.0, '2024-10-03_00C00C00': 0.0, '2024-10-04_00C00C00': 0.0, '2024-10-05_00C00C00': 0.0, '2024-10-06_00C00C00': 0.0, '2024-10-07_00C00C00': 0.0, '2024-10-08_00C00C00': 0.0, '2024-10-09_00C00C00': 0.0, '2024-10-10_00C00C00': None, '2024-10-11_00C00C00': 0.0, '2024-10-12_00C00C00': None, '2024-10-13_00C00C00': None, '2024-10-14_00C00C00': None, '2024-10-15_00C00C00': None, '2024-10-16_00C00C00': None, '2024-10-17_00C00C00': None, '2024-10-18_00C00C00': None}, {'id_product': 'ID-00000005', 'model': 'TM15', 'descripcion_': 'TUBO ESTRIADO LARGO DE 1/2" 15 MM', 'suppliers': 'ITURRIA S.A', 'blands': 'BAHCO', '2024-09-09_00C00C00': 344.75, '2024-09-10_00C00C00': 344.63, '2024-09-11_00C00C00': 344.74, '2024-09-12_00C00C00': 345.56, '2024-09-13_00C00C00': 344.85, '2024-09-14_00C00C00': 345.29, '2024-09-15_00C00C00': 345.29, '2024-09-16_00C00C00': 345.72, '2024-09-17_00C00C00': 346.0, '2024-09-18_00C00C00': 1.0, '2024-09-19_00C00C00': 346.55, '2024-09-20_00C00C00': 346.11, '2024-09-21_00C00C00': 346.05, '2024-09-22_00C00C00': 1.0, '2024-09-23_00C00C00': 1.0, '2024-09-24_00C00C00': 1.0, '2024-09-25_00C00C00': 2.0, '2024-09-26_00C00C00': 1.0, '2024-09-27_00C00C00': 347.52, '2024-09-28_00C00C00': 347.52, '2024-09-29_00C00C00': 1.0, '2024-09-30_00C00C00': 348.71, '2024-10-01_00C00C00': 349.01, '2024-10-02_00C00C00': 1047.73, '2024-10-03_00C00C00': 349.78, '2024-10-04_00C00C00': -351.22, '2024-10-05_00C00C00': 351.22, '2024-10-06_00C00C00': 351.58, '2024-10-07_00C00C00': 350.89, '2024-10-08_00C00C00': 350.69, '2024-10-09_00C00C00': 350.86, '2024-10-10_00C00C00': None, '2024-10-11_00C00C00': 352.84, '2024-10-12_00C00C00': None, '2024-10-13_00C00C00': None, '2024-10-14_00C00C00': None, '2024-10-15_00C00C00': None, '2024-10-16_00C00C00': None, '2024-10-17_00C00C00': None, '2024-10-18_00C00C00': None}, {'id_product': 'ID-00000006', 'model': 'TM16', 'descripcion_': 'TUBO ESTRIADO LARGO DE 1/2" 16 MM', 'suppliers': 'ITURRIA S.A', 'blands': 'BAHCO', '2024-09-09_00C00C00': 885.03, '2024-09-10_00C00C00': 884.72, '2024-09-11_00C00C00': 885.01, '2024-09-12_00C00C00': 887.09, '2024-09-13_00C00C00': 885.29, '2024-09-14_00C00C00': 886.41, '2024-09-15_00C00C00': 886.41, '2024-09-16_00C00C00': 887.51, '2024-09-17_00C00C00': 888.25, '2024-09-18_00C00C00': 1.0, '2024-09-19_00C00C00': 889.64, '2024-09-20_00C00C00': 888.51, '2024-09-21_00C00C00': 888.35, '2024-09-22_00C00C00': 1.0, '2024-09-23_00C00C00': 1.0, '2024-09-24_00C00C00': 1.0, '2024-09-25_00C00C00': 2.0, '2024-09-26_00C00C00': 1.0, '2024-09-27_00C00C00': 892.15, '2024-09-28_00C00C00': 892.15, '2024-09-29_00C00C00': 1.0, '2024-09-30_00C00C00': 895.2, '2024-10-01_00C00C00': 895.96, '2024-10-02_00C00C00': 2689.7, '2024-10-03_00C00C00': 897.94, '2024-10-04_00C00C00': 901.65, '2024-10-05_00C00C00': 901.65, '2024-10-06_00C00C00': 902.56, '2024-10-07_00C00C00': 900.8, '2024-10-08_00C00C00': 900.27, '2024-10-09_00C00C00': 900.72, '2024-10-10_00C00C00': None, '2024-10-11_00C00C00': 905.79, '2024-10-12_00C00C00': None, '2024-10-13_00C00C00': None, '2024-10-14_00C00C00': None, '2024-10-15_00C00C00': None, '2024-10-16_00C00C00': None, '2024-10-17_00C00C00': None, '2024-10-18_00C00C00': None}, {'id_product': 'ID-00000007', 'model': 'TM17', 'descripcion_': 'TUBO ESTRIADO LARGO DE 1/2" 17 MM', 'suppliers': 'ITURRIA S.A', 'blands': 'BAHCO', '2024-09-09_00C00C00': 0.0, '2024-09-10_00C00C00': 0.0, '2024-09-11_00C00C00': 0.0, '2024-09-12_00C00C00': 0.0, '2024-09-13_00C00C00': 0.0, '2024-09-14_00C00C00': 0.0, '2024-09-15_00C00C00': 0.0, '2024-09-16_00C00C00': 0.0, '2024-09-17_00C00C00': 0.0, '2024-09-18_00C00C00': 0.0, '2024-09-19_00C00C00': 0.0, '2024-09-20_00C00C00': 0.0, '2024-09-21_00C00C00': 0.0, '2024-09-22_00C00C00': 0.0, '2024-09-23_00C00C00': 0.0, '2024-09-24_00C00C00': 0.0, '2024-09-25_00C00C00': 0.0, '2024-09-26_00C00C00': 0.0, '2024-09-27_00C00C00': 0.0, '2024-09-28_00C00C00': 0.0, '2024-09-29_00C00C00': 0.0, '2024-09-30_00C00C00': 0.0, '2024-10-01_00C00C00': 0.0, '2024-10-02_00C00C00': 0.0, '2024-10-03_00C00C00': 0.0, '2024-10-04_00C00C00': 0.0, '2024-10-05_00C00C00': 0.0, '2024-10-06_00C00C00': 0.0, '2024-10-07_00C00C00': 0.0, '2024-10-08_00C00C00': 0.0, '2024-10-09_00C00C00': 0.0, '2024-10-10_00C00C00': None, '2024-10-11_00C00C00': 0.0, '2024-10-12_00C00C00': None, '2024-10-13_00C00C00': None, '2024-10-14_00C00C00': None, '2024-10-15_00C00C00': None, '2024-10-16_00C00C00': None, '2024-10-17_00C00C00': None, '2024-10-18_00C00C00': None}, {'id_product': 'ID-00000008', 'model': 'TM18', 'descripcion_': 'TUBO ESTRIADO LARGO DE 1/2" 18 MM', 'suppliers': 'ITURRIA S.A', 'blands': 'BAHCO', '2024-09-09_00C00C00': 1927.36, '2024-09-10_00C00C00': 1926.69, '2024-09-11_00C00C00': 1927.31, '2024-09-12_00C00C00': 1931.85, '2024-09-13_00C00C00': 1927.92, '2024-09-14_00C00C00': 1930.35, '2024-09-15_00C00C00': 1930.35, '2024-09-16_00C00C00': 1932.76, '2024-09-17_00C00C00': 1934.36, '2024-09-18_00C00C00': 2.0, '2024-09-19_00C00C00': 1937.4, '2024-09-20_00C00C00': 1934.94, '2024-09-21_00C00C00': 1934.59, '2024-09-22_00C00C00': 2.0, '2024-09-23_00C00C00': 2.0, '2024-09-24_00C00C00': 2.0, '2024-09-25_00C00C00': 4.0, '2024-09-26_00C00C00': 2.0, '2024-09-27_00C00C00': 1942.86, '2024-09-28_00C00C00': 1942.86, '2024-09-29_00C00C00': 2.0, '2024-09-30_00C00C00': 1949.5, '2024-10-01_00C00C00': 1951.16, '2024-10-02_00C00C00': 5857.43, '2024-10-03_00C00C00': 1955.48, '2024-10-04_00C00C00': 1963.54, '2024-10-05_00C00C00': 1963.54, '2024-10-06_00C00C00': 1965.53, '2024-10-07_00C00C00': 1961.7, '2024-10-08_00C00C00': 1960.54, '2024-10-09_00C00C00': 1961.52, '2024-10-10_00C00C00': None, '2024-10-11_00C00C00': 1972.56, '2024-10-12_00C00C00': None, '2024-10-13_00C00C00': None, '2024-10-14_00C00C00': None, '2024-10-15_00C00C00': None, '2024-10-16_00C00C00': None, '2024-10-17_00C00C00': None, '2024-10-18_00C00C00': None}  ... displaying 10 of 440 total bound parameter sets ...  {'id_product': 'nan', 'model': 'nan', 'descripcion_': 'nan', 'suppliers': 'nan', 'blands': 'nan', '2024-09-09_00C00C00': None, '2024-09-10_00C00C00': None, '2024-09-11_00C00C00': None, '2024-09-12_00C00C00': None, '2024-09-13_00C00C00': None, '2024-09-14_00C00C00': None, '2024-09-15_00C00C00': None, '2024-09-16_00C00C00': None, '2024-09-17_00C00C00': None, '2024-09-18_00C00C00': None, '2024-09-19_00C00C00': None, '2024-09-20_00C00C00': None, '2024-09-21_00C00C00': None, '2024-09-22_00C00C00': None, '2024-09-23_00C00C00': None, '2024-09-24_00C00C00': None, '2024-09-25_00C00C00': None, '2024-09-26_00C00C00': None, '2024-09-27_00C00C00': None, '2024-09-28_00C00C00': None, '2024-09-29_00C00C00': None, '2024-09-30_00C00C00': None, '2024-10-01_00C00C00': None, '2024-10-02_00C00C00': None, '2024-10-03_00C00C00': None, '2024-10-04_00C00C00': None, '2024-10-05_00C00C00': None, '2024-10-06_00C00C00': None, '2024-10-07_00C00C00': None, '2024-10-08_00C00C00': None, '2024-10-09_00C00C00': None, '2024-10-10_00C00C00': None, '2024-10-11_00C00C00': None, '2024-10-12_00C00C00': None, '2024-10-13_00C00C00': None, '2024-10-14_00C00C00': None, '2024-10-15_00C00C00': None, '2024-10-16_00C00C00': None, '2024-10-17_00C00C00': None, '2024-10-18_00C00C00': None}, {'id_product': 'TOTAL', 'model': 'nan', 'descripcion_': 'nan', 'suppliers': 'nan', 'blands': 'nan', '2024-09-09_00C00C00': 4096565754.5400004, '2024-09-10_00C00C00': 128043541948.42998, '2024-09-11_00C00C00': 126068802495.26996, '2024-09-12_00C00C00': 128386607888.90009, '2024-09-13_00C00C00': 128125479811.02997, '2024-09-14_00C00C00': 128286938679.24, '2024-09-15_00C00C00': 128286877562.61995, '2024-09-16_00C00C00': 128447141092.93999, '2024-09-17_00C00C00': 128553208131.06993, '2024-09-18_00C00C00': 49073.38, '2024-09-19_00C00C00': 128755537709.56, '2024-09-20_00C00C00': 128591952030.16, '2024-09-21_00C00C00': 128568937031.12997, '2024-09-22_00C00C00': 49077.38, '2024-09-23_00C00C00': 49078.38, '2024-09-24_00C00C00': 49044.38, '2024-09-25_00C00C00': 52561.76, '2024-09-26_00C00C00': 49059.38, '2024-09-27_00C00C00': 129117240553.05003, '2024-09-28_00C00C00': 129033715943.06999, '2024-09-29_00C00C00': 49002.38, '2024-09-30_00C00C00': 128657205258.53004, '2024-10-01_00C00C00': 124655458109.2399, '2024-10-02_00C00C00': 385825241868.1902, '2024-10-03_00C00C00': 129918173710.58006, '2024-10-04_00C00C00': 130471706737.83998, '2024-10-05_00C00C00': 130481642850.11998, '2024-10-06_00C00C00': 129305993998.37999, '2024-10-07_00C00C00': 129357050108.80998, '2024-10-08_00C00C00': 130293130093.41002, '2024-10-09_00C00C00': 130356489427.33002, '2024-10-10_00C00C00': None, '2024-10-11_00C00C00': None, '2024-10-12_00C00C00': None, '2024-10-13_00C00C00': None, '2024-10-14_00C00C00': None, '2024-10-15_00C00C00': None, '2024-10-16_00C00C00': None, '2024-10-17_00C00C00': None, '2024-10-18_00C00C00': None})]
(Background on this error at: https://sqlalche.me/e/14/f405)

During handling of the above exception, another exception occurred:

Traceback (most recent call last):
  File "/home/airflow/.local/lib/python3.12/site-packages/airflow/models/taskinstance.py", line 767, in _execute_task
    result = _execute_callable(context=context, **execute_callable_kwargs)
             ^^^^^^^^^^^^^^^^^^^^^^^^^^^^^^^^^^^^^^^^^^^^^^^^^^^^^^^^^^^^^
  File "/home/airflow/.local/lib/python3.12/site-packages/airflow/models/taskinstance.py", line 733, in _execute_callable
    return ExecutionCallableRunner(
           ^^^^^^^^^^^^^^^^^^^^^^^^
  File "/home/airflow/.local/lib/python3.12/site-packages/airflow/utils/operator_helpers.py", line 252, in run
    return self.func(*args, **kwargs)
           ^^^^^^^^^^^^^^^^^^^^^^^^^^
  File "/home/airflow/.local/lib/python3.12/site-packages/airflow/models/baseoperator.py", line 406, in wrapper
    return func(self, *args, **kwargs)
           ^^^^^^^^^^^^^^^^^^^^^^^^^^^
  File "/home/airflow/.local/lib/python3.12/site-packages/airflow/operators/python.py", line 238, in execute
    return_value = self.execute_callable()
                   ^^^^^^^^^^^^^^^^^^^^^^^
  File "/home/airflow/.local/lib/python3.12/site-packages/airflow/operators/python.py", line 256, in execute_callable
    return runner.run(*self.op_args, **self.op_kwargs)
           ^^^^^^^^^^^^^^^^^^^^^^^^^^^^^^^^^^^^^^^^^^^
  File "/home/airflow/.local/lib/python3.12/site-packages/airflow/utils/operator_helpers.py", line 252, in run
    return self.func(*args, **kwargs)
           ^^^^^^^^^^^^^^^^^^^^^^^^^^
  File "/opt/airflow/functions_etl/load_data.py", line 110, in load_data_to_Redshift
    raise RuntimeError(f"Error loading data into Redshift table '{redshift_table}': {e}")
RuntimeError: Error loading data into Redshift table 'stock_monetized': (psycopg2.errors.UndefinedColumn) column "2024-10-11 00:00:00" of relation "stock_monetized" does not exist

[SQL: INSERT INTO "2024_simon_tiberio_schema".stock_monetized (id_product, model, "descripcion ", suppliers, blands, "2024-09-09 00:00:00", "2024-09-10 00:00:00", "2024-09-11 00:00:00", "2024-09-12 00:00:00", "2024-09-13 00:00:00", "2024-09-14 00:00:00", "2024-09-15 00:00:00", "2024-09-16 00:00:00", "2024-09-17 00:00:00", "2024-09-18 00:00:00", "2024-09-19 00:00:00", "2024-09-20 00:00:00", "2024-09-21 00:00:00", "2024-09-22 00:00:00", "2024-09-23 00:00:00", "2024-09-24 00:00:00", "2024-09-25 00:00:00", "2024-09-26 00:00:00", "2024-09-27 00:00:00", "2024-09-28 00:00:00", "2024-09-29 00:00:00", "2024-09-30 00:00:00", "2024-10-01 00:00:00", "2024-10-02 00:00:00", "2024-10-03 00:00:00", "2024-10-04 00:00:00", "2024-10-05 00:00:00", "2024-10-06 00:00:00", "2024-10-07 00:00:00", "2024-10-08 00:00:00", "2024-10-09 00:00:00", "2024-10-10 00:00:00", "2024-10-11 00:00:00", "2024-10-12 00:00:00", "2024-10-13 00:00:00", "2024-10-14 00:00:00", "2024-10-15 00:00:00", "2024-10-16 00:00:00", "2024-10-17 00:00:00", "2024-10-18 00:00:00") VALUES (%(id_product)s, %(model)s, %(descripcion_)s, %(suppliers)s, %(blands)s, %(2024-09-09_00C00C00)s, %(2024-09-10_00C00C00)s, %(2024-09-11_00C00C00)s, %(2024-09-12_00C00C00)s, %(2024-09-13_00C00C00)s, %(2024-09-14_00C00C00)s, %(2024-09-15_00C00C00)s, %(2024-09-16_00C00C00)s, %(2024-09-17_00C00C00)s, %(2024-09-18_00C00C00)s, %(2024-09-19_00C00C00)s, %(2024-09-20_00C00C00)s, %(2024-09-21_00C00C00)s, %(2024-09-22_00C00C00)s, %(2024-09-23_00C00C00)s, %(2024-09-24_00C00C00)s, %(2024-09-25_00C00C00)s, %(2024-09-26_00C00C00)s, %(2024-09-27_00C00C00)s, %(2024-09-28_00C00C00)s, %(2024-09-29_00C00C00)s, %(2024-09-30_00C00C00)s, %(2024-10-01_00C00C00)s, %(2024-10-02_00C00C00)s, %(2024-10-03_00C00C00)s, %(2024-10-04_00C00C00)s, %(2024-10-05_00C00C00)s, %(2024-10-06_00C00C00)s, %(2024-10-07_00C00C00)s, %(2024-10-08_00C00C00)s, %(2024-10-09_00C00C00)s, %(2024-10-10_00C00C00)s, %(2024-10-11_00C00C00)s, %(2024-10-12_00C00C00)s, %(2024-10-13_00C00C00)s, %(2024-10-14_00C00C00)s, %(2024-10-15_00C00C00)s, %(2024-10-16_00C00C00)s, %(2024-10-17_00C00C00)s, %(2024-10-18_00C00C00)s)]
[parameters: ({'id_product': 'ID-00000001', 'model': 'BSX17', 'descripcion_': 'JUEGO DE TUBOS BAHCO 17P CON CRIQUE', 'suppliers': 'ITURRIA S.A', 'blands': 'BAHCO', '2024-09-09_00C00C00': 1266.28, '2024-09-10_00C00C00': 1265.84, '2024-09-11_00C00C00': 1266.25, '2024-09-12_00C00C00': 1269.23, '2024-09-13_00C00C00': 1266.65, '2024-09-14_00C00C00': 1268.25, '2024-09-15_00C00C00': 1268.25, '2024-09-16_00C00C00': 1269.83, '2024-09-17_00C00C00': 1270.88, '2024-09-18_00C00C00': 1.0, '2024-09-19_00C00C00': 1272.88, '2024-09-20_00C00C00': 1271.26, '2024-09-21_00C00C00': 1271.04, '2024-09-22_00C00C00': 1.0, '2024-09-23_00C00C00': 1.0, '2024-09-24_00C00C00': 1.0, '2024-09-25_00C00C00': 2.0, '2024-09-26_00C00C00': 1.0, '2024-09-27_00C00C00': 1276.47, '2024-09-28_00C00C00': 1276.47, '2024-09-29_00C00C00': 1.0, '2024-09-30_00C00C00': 1280.83, '2024-10-01_00C00C00': 1281.92, '2024-10-02_00C00C00': 1282.78, '2024-10-03_00C00C00': 1284.76, '2024-10-04_00C00C00': 1290.05, '2024-10-05_00C00C00': 1290.05, '2024-10-06_00C00C00': 1291.36, '2024-10-07_00C00C00': 1288.85, '2024-10-08_00C00C00': 1288.08, '2024-10-09_00C00C00': 1288.73, '2024-10-10_00C00C00': None, '2024-10-11_00C00C00': 1295.98, '2024-10-12_00C00C00': None, '2024-10-13_00C00C00': None, '2024-10-14_00C00C00': None, '2024-10-15_00C00C00': None, '2024-10-16_00C00C00': None, '2024-10-17_00C00C00': None, '2024-10-18_00C00C00': None}, {'id_product': 'ID-00000002', 'model': 'TM12', 'descripcion_': 'TUBO ESTRIADO LARGO DE 1/2" 12MM', 'suppliers': 'ITURRIA S.A', 'blands': 'BAHCO', '2024-09-09_00C00C00': 1380.84, '2024-09-10_00C00C00': 1380.36, '2024-09-11_00C00C00': 1380.8, '2024-09-12_00C00C00': 1384.05, '2024-09-13_00C00C00': 1381.24, '2024-09-14_00C00C00': 1382.98, '2024-09-15_00C00C00': 1382.98, '2024-09-16_00C00C00': 1384.71, '2024-09-17_00C00C00': 1385.85, '2024-09-18_00C00C00': 2.0, '2024-09-19_00C00C00': 1388.03, '2024-09-20_00C00C00': 1386.27, '2024-09-21_00C00C00': 1386.02, '2024-09-22_00C00C00': 2.0, '2024-09-23_00C00C00': 2.0, '2024-09-24_00C00C00': 2.0, '2024-09-25_00C00C00': 4.0, '2024-09-26_00C00C00': 2.0, '2024-09-27_00C00C00': 1391.94, '2024-09-28_00C00C00': 1391.94, '2024-09-29_00C00C00': 2.0, '2024-09-30_00C00C00': 1396.7, '2024-10-01_00C00C00': 1397.89, '2024-10-02_00C00C00': 4196.5, '2024-10-03_00C00C00': 1400.98, '2024-10-04_00C00C00': 1406.76, '2024-10-05_00C00C00': 1406.76, '2024-10-06_00C00C00': 1408.19, '2024-10-07_00C00C00': 1405.44, '2024-10-08_00C00C00': 1404.61, '2024-10-09_00C00C00': 1405.31, '2024-10-10_00C00C00': None, '2024-10-11_00C00C00': 1413.22, '2024-10-12_00C00C00': None, '2024-10-13_00C00C00': None, '2024-10-14_00C00C00': None, '2024-10-15_00C00C00': None, '2024-10-16_00C00C00': None, '2024-10-17_00C00C00': None, '2024-10-18_00C00C00': None}, {'id_product': 'ID-00000003', 'model': 'TM13', 'descripcion_': 'TUBO ESTRIADO LARGO DE 1/2" 13MM', 'suppliers': 'ITURRIA S.A', 'blands': 'BAHCO', '2024-09-09_00C00C00': 0.0, '2024-09-10_00C00C00': 0.0, '2024-09-11_00C00C00': 0.0, '2024-09-12_00C00C00': 0.0, '2024-09-13_00C00C00': 0.0, '2024-09-14_00C00C00': 0.0, '2024-09-15_00C00C00': 0.0, '2024-09-16_00C00C00': 0.0, '2024-09-17_00C00C00': 0.0, '2024-09-18_00C00C00': 0.0, '2024-09-19_00C00C00': 0.0, '2024-09-20_00C00C00': 0.0, '2024-09-21_00C00C00': 0.0, '2024-09-22_00C00C00': 0.0, '2024-09-23_00C00C00': 0.0, '2024-09-24_00C00C00': 0.0, '2024-09-25_00C00C00': 0.0, '2024-09-26_00C00C00': 0.0, '2024-09-27_00C00C00': 0.0, '2024-09-28_00C00C00': 0.0, '2024-09-29_00C00C00': 0.0, '2024-09-30_00C00C00': 0.0, '2024-10-01_00C00C00': 0.0, '2024-10-02_00C00C00': 0.0, '2024-10-03_00C00C00': 0.0, '2024-10-04_00C00C00': 0.0, '2024-10-05_00C00C00': 0.0, '2024-10-06_00C00C00': 0.0, '2024-10-07_00C00C00': 0.0, '2024-10-08_00C00C00': 0.0, '2024-10-09_00C00C00': 0.0, '2024-10-10_00C00C00': None, '2024-10-11_00C00C00': 0.0, '2024-10-12_00C00C00': None, '2024-10-13_00C00C00': None, '2024-10-14_00C00C00': None, '2024-10-15_00C00C00': None, '2024-10-16_00C00C00': None, '2024-10-17_00C00C00': None, '2024-10-18_00C00C00': None}, {'id_product': 'ID-00000004', 'model': 'TM14', 'descripcion_': 'TUBO ESTRIADO LARGO DE 1/2" 14 MM', 'suppliers': 'ITURRIA S.A', 'blands': 'BAHCO', '2024-09-09_00C00C00': 0.0, '2024-09-10_00C00C00': 0.0, '2024-09-11_00C00C00': 0.0, '2024-09-12_00C00C00': 0.0, '2024-09-13_00C00C00': 0.0, '2024-09-14_00C00C00': 0.0, '2024-09-15_00C00C00': 0.0, '2024-09-16_00C00C00': 0.0, '2024-09-17_00C00C00': 0.0, '2024-09-18_00C00C00': 0.0, '2024-09-19_00C00C00': 0.0, '2024-09-20_00C00C00': 0.0, '2024-09-21_00C00C00': 0.0, '2024-09-22_00C00C00': 0.0, '2024-09-23_00C00C00': 0.0, '2024-09-24_00C00C00': 0.0, '2024-09-25_00C00C00': 0.0, '2024-09-26_00C00C00': 0.0, '2024-09-27_00C00C00': 0.0, '2024-09-28_00C00C00': 0.0, '2024-09-29_00C00C00': 0.0, '2024-09-30_00C00C00': 0.0, '2024-10-01_00C00C00': 0.0, '2024-10-02_00C00C00': 0.0, '2024-10-03_00C00C00': 0.0, '2024-10-04_00C00C00': 0.0, '2024-10-05_00C00C00': 0.0, '2024-10-06_00C00C00': 0.0, '2024-10-07_00C00C00': 0.0, '2024-10-08_00C00C00': 0.0, '2024-10-09_00C00C00': 0.0, '2024-10-10_00C00C00': None, '2024-10-11_00C00C00': 0.0, '2024-10-12_00C00C00': None, '2024-10-13_00C00C00': None, '2024-10-14_00C00C00': None, '2024-10-15_00C00C00': None, '2024-10-16_00C00C00': None, '2024-10-17_00C00C00': None, '2024-10-18_00C00C00': None}, {'id_product': 'ID-00000005', 'model': 'TM15', 'descripcion_': 'TUBO ESTRIADO LARGO DE 1/2" 15 MM', 'suppliers': 'ITURRIA S.A', 'blands': 'BAHCO', '2024-09-09_00C00C00': 344.75, '2024-09-10_00C00C00': 344.63, '2024-09-11_00C00C00': 344.74, '2024-09-12_00C00C00': 345.56, '2024-09-13_00C00C00': 344.85, '2024-09-14_00C00C00': 345.29, '2024-09-15_00C00C00': 345.29, '2024-09-16_00C00C00': 345.72, '2024-09-17_00C00C00': 346.0, '2024-09-18_00C00C00': 1.0, '2024-09-19_00C00C00': 346.55, '2024-09-20_00C00C00': 346.11, '2024-09-21_00C00C00': 346.05, '2024-09-22_00C00C00': 1.0, '2024-09-23_00C00C00': 1.0, '2024-09-24_00C00C00': 1.0, '2024-09-25_00C00C00': 2.0, '2024-09-26_00C00C00': 1.0, '2024-09-27_00C00C00': 347.52, '2024-09-28_00C00C00': 347.52, '2024-09-29_00C00C00': 1.0, '2024-09-30_00C00C00': 348.71, '2024-10-01_00C00C00': 349.01, '2024-10-02_00C00C00': 1047.73, '2024-10-03_00C00C00': 349.78, '2024-10-04_00C00C00': -351.22, '2024-10-05_00C00C00': 351.22, '2024-10-06_00C00C00': 351.58, '2024-10-07_00C00C00': 350.89, '2024-10-08_00C00C00': 350.69, '2024-10-09_00C00C00': 350.86, '2024-10-10_00C00C00': None, '2024-10-11_00C00C00': 352.84, '2024-10-12_00C00C00': None, '2024-10-13_00C00C00': None, '2024-10-14_00C00C00': None, '2024-10-15_00C00C00': None, '2024-10-16_00C00C00': None, '2024-10-17_00C00C00': None, '2024-10-18_00C00C00': None}, {'id_product': 'ID-00000006', 'model': 'TM16', 'descripcion_': 'TUBO ESTRIADO LARGO DE 1/2" 16 MM', 'suppliers': 'ITURRIA S.A', 'blands': 'BAHCO', '2024-09-09_00C00C00': 885.03, '2024-09-10_00C00C00': 884.72, '2024-09-11_00C00C00': 885.01, '2024-09-12_00C00C00': 887.09, '2024-09-13_00C00C00': 885.29, '2024-09-14_00C00C00': 886.41, '2024-09-15_00C00C00': 886.41, '2024-09-16_00C00C00': 887.51, '2024-09-17_00C00C00': 888.25, '2024-09-18_00C00C00': 1.0, '2024-09-19_00C00C00': 889.64, '2024-09-20_00C00C00': 888.51, '2024-09-21_00C00C00': 888.35, '2024-09-22_00C00C00': 1.0, '2024-09-23_00C00C00': 1.0, '2024-09-24_00C00C00': 1.0, '2024-09-25_00C00C00': 2.0, '2024-09-26_00C00C00': 1.0, '2024-09-27_00C00C00': 892.15, '2024-09-28_00C00C00': 892.15, '2024-09-29_00C00C00': 1.0, '2024-09-30_00C00C00': 895.2, '2024-10-01_00C00C00': 895.96, '2024-10-02_00C00C00': 2689.7, '2024-10-03_00C00C00': 897.94, '2024-10-04_00C00C00': 901.65, '2024-10-05_00C00C00': 901.65, '2024-10-06_00C00C00': 902.56, '2024-10-07_00C00C00': 900.8, '2024-10-08_00C00C00': 900.27, '2024-10-09_00C00C00': 900.72, '2024-10-10_00C00C00': None, '2024-10-11_00C00C00': 905.79, '2024-10-12_00C00C00': None, '2024-10-13_00C00C00': None, '2024-10-14_00C00C00': None, '2024-10-15_00C00C00': None, '2024-10-16_00C00C00': None, '2024-10-17_00C00C00': None, '2024-10-18_00C00C00': None}, {'id_product': 'ID-00000007', 'model': 'TM17', 'descripcion_': 'TUBO ESTRIADO LARGO DE 1/2" 17 MM', 'suppliers': 'ITURRIA S.A', 'blands': 'BAHCO', '2024-09-09_00C00C00': 0.0, '2024-09-10_00C00C00': 0.0, '2024-09-11_00C00C00': 0.0, '2024-09-12_00C00C00': 0.0, '2024-09-13_00C00C00': 0.0, '2024-09-14_00C00C00': 0.0, '2024-09-15_00C00C00': 0.0, '2024-09-16_00C00C00': 0.0, '2024-09-17_00C00C00': 0.0, '2024-09-18_00C00C00': 0.0, '2024-09-19_00C00C00': 0.0, '2024-09-20_00C00C00': 0.0, '2024-09-21_00C00C00': 0.0, '2024-09-22_00C00C00': 0.0, '2024-09-23_00C00C00': 0.0, '2024-09-24_00C00C00': 0.0, '2024-09-25_00C00C00': 0.0, '2024-09-26_00C00C00': 0.0, '2024-09-27_00C00C00': 0.0, '2024-09-28_00C00C00': 0.0, '2024-09-29_00C00C00': 0.0, '2024-09-30_00C00C00': 0.0, '2024-10-01_00C00C00': 0.0, '2024-10-02_00C00C00': 0.0, '2024-10-03_00C00C00': 0.0, '2024-10-04_00C00C00': 0.0, '2024-10-05_00C00C00': 0.0, '2024-10-06_00C00C00': 0.0, '2024-10-07_00C00C00': 0.0, '2024-10-08_00C00C00': 0.0, '2024-10-09_00C00C00': 0.0, '2024-10-10_00C00C00': None, '2024-10-11_00C00C00': 0.0, '2024-10-12_00C00C00': None, '2024-10-13_00C00C00': None, '2024-10-14_00C00C00': None, '2024-10-15_00C00C00': None, '2024-10-16_00C00C00': None, '2024-10-17_00C00C00': None, '2024-10-18_00C00C00': None}, {'id_product': 'ID-00000008', 'model': 'TM18', 'descripcion_': 'TUBO ESTRIADO LARGO DE 1/2" 18 MM', 'suppliers': 'ITURRIA S.A', 'blands': 'BAHCO', '2024-09-09_00C00C00': 1927.36, '2024-09-10_00C00C00': 1926.69, '2024-09-11_00C00C00': 1927.31, '2024-09-12_00C00C00': 1931.85, '2024-09-13_00C00C00': 1927.92, '2024-09-14_00C00C00': 1930.35, '2024-09-15_00C00C00': 1930.35, '2024-09-16_00C00C00': 1932.76, '2024-09-17_00C00C00': 1934.36, '2024-09-18_00C00C00': 2.0, '2024-09-19_00C00C00': 1937.4, '2024-09-20_00C00C00': 1934.94, '2024-09-21_00C00C00': 1934.59, '2024-09-22_00C00C00': 2.0, '2024-09-23_00C00C00': 2.0, '2024-09-24_00C00C00': 2.0, '2024-09-25_00C00C00': 4.0, '2024-09-26_00C00C00': 2.0, '2024-09-27_00C00C00': 1942.86, '2024-09-28_00C00C00': 1942.86, '2024-09-29_00C00C00': 2.0, '2024-09-30_00C00C00': 1949.5, '2024-10-01_00C00C00': 1951.16, '2024-10-02_00C00C00': 5857.43, '2024-10-03_00C00C00': 1955.48, '2024-10-04_00C00C00': 1963.54, '2024-10-05_00C00C00': 1963.54, '2024-10-06_00C00C00': 1965.53, '2024-10-07_00C00C00': 1961.7, '2024-10-08_00C00C00': 1960.54, '2024-10-09_00C00C00': 1961.52, '2024-10-10_00C00C00': None, '2024-10-11_00C00C00': 1972.56, '2024-10-12_00C00C00': None, '2024-10-13_00C00C00': None, '2024-10-14_00C00C00': None, '2024-10-15_00C00C00': None, '2024-10-16_00C00C00': None, '2024-10-17_00C00C00': None, '2024-10-18_00C00C00': None}  ... displaying 10 of 440 total bound parameter sets ...  {'id_product': 'nan', 'model': 'nan', 'descripcion_': 'nan', 'suppliers': 'nan', 'blands': 'nan', '2024-09-09_00C00C00': None, '2024-09-10_00C00C00': None, '2024-09-11_00C00C00': None, '2024-09-12_00C00C00': None, '2024-09-13_00C00C00': None, '2024-09-14_00C00C00': None, '2024-09-15_00C00C00': None, '2024-09-16_00C00C00': None, '2024-09-17_00C00C00': None, '2024-09-18_00C00C00': None, '2024-09-19_00C00C00': None, '2024-09-20_00C00C00': None, '2024-09-21_00C00C00': None, '2024-09-22_00C00C00': None, '2024-09-23_00C00C00': None, '2024-09-24_00C00C00': None, '2024-09-25_00C00C00': None, '2024-09-26_00C00C00': None, '2024-09-27_00C00C00': None, '2024-09-28_00C00C00': None, '2024-09-29_00C00C00': None, '2024-09-30_00C00C00': None, '2024-10-01_00C00C00': None, '2024-10-02_00C00C00': None, '2024-10-03_00C00C00': None, '2024-10-04_00C00C00': None, '2024-10-05_00C00C00': None, '2024-10-06_00C00C00': None, '2024-10-07_00C00C00': None, '2024-10-08_00C00C00': None, '2024-10-09_00C00C00': None, '2024-10-10_00C00C00': None, '2024-10-11_00C00C00': None, '2024-10-12_00C00C00': None, '2024-10-13_00C00C00': None, '2024-10-14_00C00C00': None, '2024-10-15_00C00C00': None, '2024-10-16_00C00C00': None, '2024-10-17_00C00C00': None, '2024-10-18_00C00C00': None}, {'id_product': 'TOTAL', 'model': 'nan', 'descripcion_': 'nan', 'suppliers': 'nan', 'blands': 'nan', '2024-09-09_00C00C00': 4096565754.5400004, '2024-09-10_00C00C00': 128043541948.42998, '2024-09-11_00C00C00': 126068802495.26996, '2024-09-12_00C00C00': 128386607888.90009, '2024-09-13_00C00C00': 128125479811.02997, '2024-09-14_00C00C00': 128286938679.24, '2024-09-15_00C00C00': 128286877562.61995, '2024-09-16_00C00C00': 128447141092.93999, '2024-09-17_00C00C00': 128553208131.06993, '2024-09-18_00C00C00': 49073.38, '2024-09-19_00C00C00': 128755537709.56, '2024-09-20_00C00C00': 128591952030.16, '2024-09-21_00C00C00': 128568937031.12997, '2024-09-22_00C00C00': 49077.38, '2024-09-23_00C00C00': 49078.38, '2024-09-24_00C00C00': 49044.38, '2024-09-25_00C00C00': 52561.76, '2024-09-26_00C00C00': 49059.38, '2024-09-27_00C00C00': 129117240553.05003, '2024-09-28_00C00C00': 129033715943.06999, '2024-09-29_00C00C00': 49002.38, '2024-09-30_00C00C00': 128657205258.53004, '2024-10-01_00C00C00': 124655458109.2399, '2024-10-02_00C00C00': 385825241868.1902, '2024-10-03_00C00C00': 129918173710.58006, '2024-10-04_00C00C00': 130471706737.83998, '2024-10-05_00C00C00': 130481642850.11998, '2024-10-06_00C00C00': 129305993998.37999, '2024-10-07_00C00C00': 129357050108.80998, '2024-10-08_00C00C00': 130293130093.41002, '2024-10-09_00C00C00': 130356489427.33002, '2024-10-10_00C00C00': None, '2024-10-11_00C00C00': None, '2024-10-12_00C00C00': None, '2024-10-13_00C00C00': None, '2024-10-14_00C00C00': None, '2024-10-15_00C00C00': None, '2024-10-16_00C00C00': None, '2024-10-17_00C00C00': None, '2024-10-18_00C00C00': None})]
(Background on this error at: https://sqlalche.me/e/14/f405)
[2024-10-28T02:55:16.010+0000] {taskinstance.py:1225} INFO - Marking task as UP_FOR_RETRY. dag_id=etl_update_stock_ferrimac, task_id=load_data_into_Redshif, run_id=scheduled__2024-10-25T22:00:00+00:00, execution_date=20241025T220000, start_date=20241028T025510, end_date=20241028T025516
[2024-10-28T02:55:16.029+0000] {taskinstance.py:340} INFO - ::group::Post task execution logs
[2024-10-28T02:55:16.030+0000] {standard_task_runner.py:124} ERROR - Failed to execute job 13 for task load_data_into_Redshif (Error loading data into Redshift table 'stock_monetized': (psycopg2.errors.UndefinedColumn) column "2024-10-11 00:00:00" of relation "stock_monetized" does not exist

[SQL: INSERT INTO "2024_simon_tiberio_schema".stock_monetized (id_product, model, "descripcion ", suppliers, blands, "2024-09-09 00:00:00", "2024-09-10 00:00:00", "2024-09-11 00:00:00", "2024-09-12 00:00:00", "2024-09-13 00:00:00", "2024-09-14 00:00:00", "2024-09-15 00:00:00", "2024-09-16 00:00:00", "2024-09-17 00:00:00", "2024-09-18 00:00:00", "2024-09-19 00:00:00", "2024-09-20 00:00:00", "2024-09-21 00:00:00", "2024-09-22 00:00:00", "2024-09-23 00:00:00", "2024-09-24 00:00:00", "2024-09-25 00:00:00", "2024-09-26 00:00:00", "2024-09-27 00:00:00", "2024-09-28 00:00:00", "2024-09-29 00:00:00", "2024-09-30 00:00:00", "2024-10-01 00:00:00", "2024-10-02 00:00:00", "2024-10-03 00:00:00", "2024-10-04 00:00:00", "2024-10-05 00:00:00", "2024-10-06 00:00:00", "2024-10-07 00:00:00", "2024-10-08 00:00:00", "2024-10-09 00:00:00", "2024-10-10 00:00:00", "2024-10-11 00:00:00", "2024-10-12 00:00:00", "2024-10-13 00:00:00", "2024-10-14 00:00:00", "2024-10-15 00:00:00", "2024-10-16 00:00:00", "2024-10-17 00:00:00", "2024-10-18 00:00:00") VALUES (%(id_product)s, %(model)s, %(descripcion_)s, %(suppliers)s, %(blands)s, %(2024-09-09_00C00C00)s, %(2024-09-10_00C00C00)s, %(2024-09-11_00C00C00)s, %(2024-09-12_00C00C00)s, %(2024-09-13_00C00C00)s, %(2024-09-14_00C00C00)s, %(2024-09-15_00C00C00)s, %(2024-09-16_00C00C00)s, %(2024-09-17_00C00C00)s, %(2024-09-18_00C00C00)s, %(2024-09-19_00C00C00)s, %(2024-09-20_00C00C00)s, %(2024-09-21_00C00C00)s, %(2024-09-22_00C00C00)s, %(2024-09-23_00C00C00)s, %(2024-09-24_00C00C00)s, %(2024-09-25_00C00C00)s, %(2024-09-26_00C00C00)s, %(2024-09-27_00C00C00)s, %(2024-09-28_00C00C00)s, %(2024-09-29_00C00C00)s, %(2024-09-30_00C00C00)s, %(2024-10-01_00C00C00)s, %(2024-10-02_00C00C00)s, %(2024-10-03_00C00C00)s, %(2024-10-04_00C00C00)s, %(2024-10-05_00C00C00)s, %(2024-10-06_00C00C00)s, %(2024-10-07_00C00C00)s, %(2024-10-08_00C00C00)s, %(2024-10-09_00C00C00)s, %(2024-10-10_00C00C00)s, %(2024-10-11_00C00C00)s, %(2024-10-12_00C00C00)s, %(2024-10-13_00C00C00)s, %(2024-10-14_00C00C00)s, %(2024-10-15_00C00C00)s, %(2024-10-16_00C00C00)s, %(2024-10-17_00C00C00)s, %(2024-10-18_00C00C00)s)]
[parameters: ({'id_product': 'ID-00000001', 'model': 'BSX17', 'descripcion_': 'JUEGO DE TUBOS BAHCO 17P CON CRIQUE', 'suppliers': 'ITURRIA S.A', 'blands': 'BAHCO', '2024-09-09_00C00C00': 1266.28, '2024-09-10_00C00C00': 1265.84, '2024-09-11_00C00C00': 1266.25, '2024-09-12_00C00C00': 1269.23, '2024-09-13_00C00C00': 1266.65, '2024-09-14_00C00C00': 1268.25, '2024-09-15_00C00C00': 1268.25, '2024-09-16_00C00C00': 1269.83, '2024-09-17_00C00C00': 1270.88, '2024-09-18_00C00C00': 1.0, '2024-09-19_00C00C00': 1272.88, '2024-09-20_00C00C00': 1271.26, '2024-09-21_00C00C00': 1271.04, '2024-09-22_00C00C00': 1.0, '2024-09-23_00C00C00': 1.0, '2024-09-24_00C00C00': 1.0, '2024-09-25_00C00C00': 2.0, '2024-09-26_00C00C00': 1.0, '2024-09-27_00C00C00': 1276.47, '2024-09-28_00C00C00': 1276.47, '2024-09-29_00C00C00': 1.0, '2024-09-30_00C00C00': 1280.83, '2024-10-01_00C00C00': 1281.92, '2024-10-02_00C00C00': 1282.78, '2024-10-03_00C00C00': 1284.76, '2024-10-04_00C00C00': 1290.05, '2024-10-05_00C00C00': 1290.05, '2024-10-06_00C00C00': 1291.36, '2024-10-07_00C00C00': 1288.85, '2024-10-08_00C00C00': 1288.08, '2024-10-09_00C00C00': 1288.73, '2024-10-10_00C00C00': None, '2024-10-11_00C00C00': 1295.98, '2024-10-12_00C00C00': None, '2024-10-13_00C00C00': None, '2024-10-14_00C00C00': None, '2024-10-15_00C00C00': None, '2024-10-16_00C00C00': None, '2024-10-17_00C00C00': None, '2024-10-18_00C00C00': None}, {'id_product': 'ID-00000002', 'model': 'TM12', 'descripcion_': 'TUBO ESTRIADO LARGO DE 1/2" 12MM', 'suppliers': 'ITURRIA S.A', 'blands': 'BAHCO', '2024-09-09_00C00C00': 1380.84, '2024-09-10_00C00C00': 1380.36, '2024-09-11_00C00C00': 1380.8, '2024-09-12_00C00C00': 1384.05, '2024-09-13_00C00C00': 1381.24, '2024-09-14_00C00C00': 1382.98, '2024-09-15_00C00C00': 1382.98, '2024-09-16_00C00C00': 1384.71, '2024-09-17_00C00C00': 1385.85, '2024-09-18_00C00C00': 2.0, '2024-09-19_00C00C00': 1388.03, '2024-09-20_00C00C00': 1386.27, '2024-09-21_00C00C00': 1386.02, '2024-09-22_00C00C00': 2.0, '2024-09-23_00C00C00': 2.0, '2024-09-24_00C00C00': 2.0, '2024-09-25_00C00C00': 4.0, '2024-09-26_00C00C00': 2.0, '2024-09-27_00C00C00': 1391.94, '2024-09-28_00C00C00': 1391.94, '2024-09-29_00C00C00': 2.0, '2024-09-30_00C00C00': 1396.7, '2024-10-01_00C00C00': 1397.89, '2024-10-02_00C00C00': 4196.5, '2024-10-03_00C00C00': 1400.98, '2024-10-04_00C00C00': 1406.76, '2024-10-05_00C00C00': 1406.76, '2024-10-06_00C00C00': 1408.19, '2024-10-07_00C00C00': 1405.44, '2024-10-08_00C00C00': 1404.61, '2024-10-09_00C00C00': 1405.31, '2024-10-10_00C00C00': None, '2024-10-11_00C00C00': 1413.22, '2024-10-12_00C00C00': None, '2024-10-13_00C00C00': None, '2024-10-14_00C00C00': None, '2024-10-15_00C00C00': None, '2024-10-16_00C00C00': None, '2024-10-17_00C00C00': None, '2024-10-18_00C00C00': None}, {'id_product': 'ID-00000003', 'model': 'TM13', 'descripcion_': 'TUBO ESTRIADO LARGO DE 1/2" 13MM', 'suppliers': 'ITURRIA S.A', 'blands': 'BAHCO', '2024-09-09_00C00C00': 0.0, '2024-09-10_00C00C00': 0.0, '2024-09-11_00C00C00': 0.0, '2024-09-12_00C00C00': 0.0, '2024-09-13_00C00C00': 0.0, '2024-09-14_00C00C00': 0.0, '2024-09-15_00C00C00': 0.0, '2024-09-16_00C00C00': 0.0, '2024-09-17_00C00C00': 0.0, '2024-09-18_00C00C00': 0.0, '2024-09-19_00C00C00': 0.0, '2024-09-20_00C00C00': 0.0, '2024-09-21_00C00C00': 0.0, '2024-09-22_00C00C00': 0.0, '2024-09-23_00C00C00': 0.0, '2024-09-24_00C00C00': 0.0, '2024-09-25_00C00C00': 0.0, '2024-09-26_00C00C00': 0.0, '2024-09-27_00C00C00': 0.0, '2024-09-28_00C00C00': 0.0, '2024-09-29_00C00C00': 0.0, '2024-09-30_00C00C00': 0.0, '2024-10-01_00C00C00': 0.0, '2024-10-02_00C00C00': 0.0, '2024-10-03_00C00C00': 0.0, '2024-10-04_00C00C00': 0.0, '2024-10-05_00C00C00': 0.0, '2024-10-06_00C00C00': 0.0, '2024-10-07_00C00C00': 0.0, '2024-10-08_00C00C00': 0.0, '2024-10-09_00C00C00': 0.0, '2024-10-10_00C00C00': None, '2024-10-11_00C00C00': 0.0, '2024-10-12_00C00C00': None, '2024-10-13_00C00C00': None, '2024-10-14_00C00C00': None, '2024-10-15_00C00C00': None, '2024-10-16_00C00C00': None, '2024-10-17_00C00C00': None, '2024-10-18_00C00C00': None}, {'id_product': 'ID-00000004', 'model': 'TM14', 'descripcion_': 'TUBO ESTRIADO LARGO DE 1/2" 14 MM', 'suppliers': 'ITURRIA S.A', 'blands': 'BAHCO', '2024-09-09_00C00C00': 0.0, '2024-09-10_00C00C00': 0.0, '2024-09-11_00C00C00': 0.0, '2024-09-12_00C00C00': 0.0, '2024-09-13_00C00C00': 0.0, '2024-09-14_00C00C00': 0.0, '2024-09-15_00C00C00': 0.0, '2024-09-16_00C00C00': 0.0, '2024-09-17_00C00C00': 0.0, '2024-09-18_00C00C00': 0.0, '2024-09-19_00C00C00': 0.0, '2024-09-20_00C00C00': 0.0, '2024-09-21_00C00C00': 0.0, '2024-09-22_00C00C00': 0.0, '2024-09-23_00C00C00': 0.0, '2024-09-24_00C00C00': 0.0, '2024-09-25_00C00C00': 0.0, '2024-09-26_00C00C00': 0.0, '2024-09-27_00C00C00': 0.0, '2024-09-28_00C00C00': 0.0, '2024-09-29_00C00C00': 0.0, '2024-09-30_00C00C00': 0.0, '2024-10-01_00C00C00': 0.0, '2024-10-02_00C00C00': 0.0, '2024-10-03_00C00C00': 0.0, '2024-10-04_00C00C00': 0.0, '2024-10-05_00C00C00': 0.0, '2024-10-06_00C00C00': 0.0, '2024-10-07_00C00C00': 0.0, '2024-10-08_00C00C00': 0.0, '2024-10-09_00C00C00': 0.0, '2024-10-10_00C00C00': None, '2024-10-11_00C00C00': 0.0, '2024-10-12_00C00C00': None, '2024-10-13_00C00C00': None, '2024-10-14_00C00C00': None, '2024-10-15_00C00C00': None, '2024-10-16_00C00C00': None, '2024-10-17_00C00C00': None, '2024-10-18_00C00C00': None}, {'id_product': 'ID-00000005', 'model': 'TM15', 'descripcion_': 'TUBO ESTRIADO LARGO DE 1/2" 15 MM', 'suppliers': 'ITURRIA S.A', 'blands': 'BAHCO', '2024-09-09_00C00C00': 344.75, '2024-09-10_00C00C00': 344.63, '2024-09-11_00C00C00': 344.74, '2024-09-12_00C00C00': 345.56, '2024-09-13_00C00C00': 344.85, '2024-09-14_00C00C00': 345.29, '2024-09-15_00C00C00': 345.29, '2024-09-16_00C00C00': 345.72, '2024-09-17_00C00C00': 346.0, '2024-09-18_00C00C00': 1.0, '2024-09-19_00C00C00': 346.55, '2024-09-20_00C00C00': 346.11, '2024-09-21_00C00C00': 346.05, '2024-09-22_00C00C00': 1.0, '2024-09-23_00C00C00': 1.0, '2024-09-24_00C00C00': 1.0, '2024-09-25_00C00C00': 2.0, '2024-09-26_00C00C00': 1.0, '2024-09-27_00C00C00': 347.52, '2024-09-28_00C00C00': 347.52, '2024-09-29_00C00C00': 1.0, '2024-09-30_00C00C00': 348.71, '2024-10-01_00C00C00': 349.01, '2024-10-02_00C00C00': 1047.73, '2024-10-03_00C00C00': 349.78, '2024-10-04_00C00C00': -351.22, '2024-10-05_00C00C00': 351.22, '2024-10-06_00C00C00': 351.58, '2024-10-07_00C00C00': 350.89, '2024-10-08_00C00C00': 350.69, '2024-10-09_00C00C00': 350.86, '2024-10-10_00C00C00': None, '2024-10-11_00C00C00': 352.84, '2024-10-12_00C00C00': None, '2024-10-13_00C00C00': None, '2024-10-14_00C00C00': None, '2024-10-15_00C00C00': None, '2024-10-16_00C00C00': None, '2024-10-17_00C00C00': None, '2024-10-18_00C00C00': None}, {'id_product': 'ID-00000006', 'model': 'TM16', 'descripcion_': 'TUBO ESTRIADO LARGO DE 1/2" 16 MM', 'suppliers': 'ITURRIA S.A', 'blands': 'BAHCO', '2024-09-09_00C00C00': 885.03, '2024-09-10_00C00C00': 884.72, '2024-09-11_00C00C00': 885.01, '2024-09-12_00C00C00': 887.09, '2024-09-13_00C00C00': 885.29, '2024-09-14_00C00C00': 886.41, '2024-09-15_00C00C00': 886.41, '2024-09-16_00C00C00': 887.51, '2024-09-17_00C00C00': 888.25, '2024-09-18_00C00C00': 1.0, '2024-09-19_00C00C00': 889.64, '2024-09-20_00C00C00': 888.51, '2024-09-21_00C00C00': 888.35, '2024-09-22_00C00C00': 1.0, '2024-09-23_00C00C00': 1.0, '2024-09-24_00C00C00': 1.0, '2024-09-25_00C00C00': 2.0, '2024-09-26_00C00C00': 1.0, '2024-09-27_00C00C00': 892.15, '2024-09-28_00C00C00': 892.15, '2024-09-29_00C00C00': 1.0, '2024-09-30_00C00C00': 895.2, '2024-10-01_00C00C00': 895.96, '2024-10-02_00C00C00': 2689.7, '2024-10-03_00C00C00': 897.94, '2024-10-04_00C00C00': 901.65, '2024-10-05_00C00C00': 901.65, '2024-10-06_00C00C00': 902.56, '2024-10-07_00C00C00': 900.8, '2024-10-08_00C00C00': 900.27, '2024-10-09_00C00C00': 900.72, '2024-10-10_00C00C00': None, '2024-10-11_00C00C00': 905.79, '2024-10-12_00C00C00': None, '2024-10-13_00C00C00': None, '2024-10-14_00C00C00': None, '2024-10-15_00C00C00': None, '2024-10-16_00C00C00': None, '2024-10-17_00C00C00': None, '2024-10-18_00C00C00': None}, {'id_product': 'ID-00000007', 'model': 'TM17', 'descripcion_': 'TUBO ESTRIADO LARGO DE 1/2" 17 MM', 'suppliers': 'ITURRIA S.A', 'blands': 'BAHCO', '2024-09-09_00C00C00': 0.0, '2024-09-10_00C00C00': 0.0, '2024-09-11_00C00C00': 0.0, '2024-09-12_00C00C00': 0.0, '2024-09-13_00C00C00': 0.0, '2024-09-14_00C00C00': 0.0, '2024-09-15_00C00C00': 0.0, '2024-09-16_00C00C00': 0.0, '2024-09-17_00C00C00': 0.0, '2024-09-18_00C00C00': 0.0, '2024-09-19_00C00C00': 0.0, '2024-09-20_00C00C00': 0.0, '2024-09-21_00C00C00': 0.0, '2024-09-22_00C00C00': 0.0, '2024-09-23_00C00C00': 0.0, '2024-09-24_00C00C00': 0.0, '2024-09-25_00C00C00': 0.0, '2024-09-26_00C00C00': 0.0, '2024-09-27_00C00C00': 0.0, '2024-09-28_00C00C00': 0.0, '2024-09-29_00C00C00': 0.0, '2024-09-30_00C00C00': 0.0, '2024-10-01_00C00C00': 0.0, '2024-10-02_00C00C00': 0.0, '2024-10-03_00C00C00': 0.0, '2024-10-04_00C00C00': 0.0, '2024-10-05_00C00C00': 0.0, '2024-10-06_00C00C00': 0.0, '2024-10-07_00C00C00': 0.0, '2024-10-08_00C00C00': 0.0, '2024-10-09_00C00C00': 0.0, '2024-10-10_00C00C00': None, '2024-10-11_00C00C00': 0.0, '2024-10-12_00C00C00': None, '2024-10-13_00C00C00': None, '2024-10-14_00C00C00': None, '2024-10-15_00C00C00': None, '2024-10-16_00C00C00': None, '2024-10-17_00C00C00': None, '2024-10-18_00C00C00': None}, {'id_product': 'ID-00000008', 'model': 'TM18', 'descripcion_': 'TUBO ESTRIADO LARGO DE 1/2" 18 MM', 'suppliers': 'ITURRIA S.A', 'blands': 'BAHCO', '2024-09-09_00C00C00': 1927.36, '2024-09-10_00C00C00': 1926.69, '2024-09-11_00C00C00': 1927.31, '2024-09-12_00C00C00': 1931.85, '2024-09-13_00C00C00': 1927.92, '2024-09-14_00C00C00': 1930.35, '2024-09-15_00C00C00': 1930.35, '2024-09-16_00C00C00': 1932.76, '2024-09-17_00C00C00': 1934.36, '2024-09-18_00C00C00': 2.0, '2024-09-19_00C00C00': 1937.4, '2024-09-20_00C00C00': 1934.94, '2024-09-21_00C00C00': 1934.59, '2024-09-22_00C00C00': 2.0, '2024-09-23_00C00C00': 2.0, '2024-09-24_00C00C00': 2.0, '2024-09-25_00C00C00': 4.0, '2024-09-26_00C00C00': 2.0, '2024-09-27_00C00C00': 1942.86, '2024-09-28_00C00C00': 1942.86, '2024-09-29_00C00C00': 2.0, '2024-09-30_00C00C00': 1949.5, '2024-10-01_00C00C00': 1951.16, '2024-10-02_00C00C00': 5857.43, '2024-10-03_00C00C00': 1955.48, '2024-10-04_00C00C00': 1963.54, '2024-10-05_00C00C00': 1963.54, '2024-10-06_00C00C00': 1965.53, '2024-10-07_00C00C00': 1961.7, '2024-10-08_00C00C00': 1960.54, '2024-10-09_00C00C00': 1961.52, '2024-10-10_00C00C00': None, '2024-10-11_00C00C00': 1972.56, '2024-10-12_00C00C00': None, '2024-10-13_00C00C00': None, '2024-10-14_00C00C00': None, '2024-10-15_00C00C00': None, '2024-10-16_00C00C00': None, '2024-10-17_00C00C00': None, '2024-10-18_00C00C00': None}  ... displaying 10 of 440 total bound parameter sets ...  {'id_product': 'nan', 'model': 'nan', 'descripcion_': 'nan', 'suppliers': 'nan', 'blands': 'nan', '2024-09-09_00C00C00': None, '2024-09-10_00C00C00': None, '2024-09-11_00C00C00': None, '2024-09-12_00C00C00': None, '2024-09-13_00C00C00': None, '2024-09-14_00C00C00': None, '2024-09-15_00C00C00': None, '2024-09-16_00C00C00': None, '2024-09-17_00C00C00': None, '2024-09-18_00C00C00': None, '2024-09-19_00C00C00': None, '2024-09-20_00C00C00': None, '2024-09-21_00C00C00': None, '2024-09-22_00C00C00': None, '2024-09-23_00C00C00': None, '2024-09-24_00C00C00': None, '2024-09-25_00C00C00': None, '2024-09-26_00C00C00': None, '2024-09-27_00C00C00': None, '2024-09-28_00C00C00': None, '2024-09-29_00C00C00': None, '2024-09-30_00C00C00': None, '2024-10-01_00C00C00': None, '2024-10-02_00C00C00': None, '2024-10-03_00C00C00': None, '2024-10-04_00C00C00': None, '2024-10-05_00C00C00': None, '2024-10-06_00C00C00': None, '2024-10-07_00C00C00': None, '2024-10-08_00C00C00': None, '2024-10-09_00C00C00': None, '2024-10-10_00C00C00': None, '2024-10-11_00C00C00': None, '2024-10-12_00C00C00': None, '2024-10-13_00C00C00': None, '2024-10-14_00C00C00': None, '2024-10-15_00C00C00': None, '2024-10-16_00C00C00': None, '2024-10-17_00C00C00': None, '2024-10-18_00C00C00': None}, {'id_product': 'TOTAL', 'model': 'nan', 'descripcion_': 'nan', 'suppliers': 'nan', 'blands': 'nan', '2024-09-09_00C00C00': 4096565754.5400004, '2024-09-10_00C00C00': 128043541948.42998, '2024-09-11_00C00C00': 126068802495.26996, '2024-09-12_00C00C00': 128386607888.90009, '2024-09-13_00C00C00': 128125479811.02997, '2024-09-14_00C00C00': 128286938679.24, '2024-09-15_00C00C00': 128286877562.61995, '2024-09-16_00C00C00': 128447141092.93999, '2024-09-17_00C00C00': 128553208131.06993, '2024-09-18_00C00C00': 49073.38, '2024-09-19_00C00C00': 128755537709.56, '2024-09-20_00C00C00': 128591952030.16, '2024-09-21_00C00C00': 128568937031.12997, '2024-09-22_00C00C00': 49077.38, '2024-09-23_00C00C00': 49078.38, '2024-09-24_00C00C00': 49044.38, '2024-09-25_00C00C00': 52561.76, '2024-09-26_00C00C00': 49059.38, '2024-09-27_00C00C00': 129117240553.05003, '2024-09-28_00C00C00': 129033715943.06999, '2024-09-29_00C00C00': 49002.38, '2024-09-30_00C00C00': 128657205258.53004, '2024-10-01_00C00C00': 124655458109.2399, '2024-10-02_00C00C00': 385825241868.1902, '2024-10-03_00C00C00': 129918173710.58006, '2024-10-04_00C00C00': 130471706737.83998, '2024-10-05_00C00C00': 130481642850.11998, '2024-10-06_00C00C00': 129305993998.37999, '2024-10-07_00C00C00': 129357050108.80998, '2024-10-08_00C00C00': 130293130093.41002, '2024-10-09_00C00C00': 130356489427.33002, '2024-10-10_00C00C00': None, '2024-10-11_00C00C00': None, '2024-10-12_00C00C00': None, '2024-10-13_00C00C00': None, '2024-10-14_00C00C00': None, '2024-10-15_00C00C00': None, '2024-10-16_00C00C00': None, '2024-10-17_00C00C00': None, '2024-10-18_00C00C00': None})]
(Background on this error at: https://sqlalche.me/e/14/f405); 162)
Traceback (most recent call last):
  File "/home/airflow/.local/lib/python3.12/site-packages/sqlalchemy/engine/base.py", line 1890, in _execute_context
    self.dialect.do_executemany(
  File "/home/airflow/.local/lib/python3.12/site-packages/sqlalchemy/dialects/postgresql/psycopg2.py", line 1000, in do_executemany
    cursor.executemany(statement, parameters)
psycopg2.errors.UndefinedColumn: column "2024-10-11 00:00:00" of relation "stock_monetized" does not exist


The above exception was the direct cause of the following exception:

Traceback (most recent call last):
  File "/opt/airflow/functions_etl/load_data.py", line 107, in load_data_to_Redshift
    df.to_sql(redshift_table, con=engine, schema=REDSHIFT_SCHEMA, if_exists='append', index=False)
  File "/home/airflow/.local/lib/python3.12/site-packages/pandas/util/_decorators.py", line 333, in wrapper
    return func(*args, **kwargs)
           ^^^^^^^^^^^^^^^^^^^^^
  File "/home/airflow/.local/lib/python3.12/site-packages/pandas/core/generic.py", line 3008, in to_sql
    return sql.to_sql(
           ^^^^^^^^^^^
  File "/home/airflow/.local/lib/python3.12/site-packages/pandas/io/sql.py", line 788, in to_sql
    return pandas_sql.to_sql(
           ^^^^^^^^^^^^^^^^^^
  File "/home/airflow/.local/lib/python3.12/site-packages/pandas/io/sql.py", line 1958, in to_sql
    total_inserted = sql_engine.insert_records(
                     ^^^^^^^^^^^^^^^^^^^^^^^^^^
  File "/home/airflow/.local/lib/python3.12/site-packages/pandas/io/sql.py", line 1507, in insert_records
    raise err
  File "/home/airflow/.local/lib/python3.12/site-packages/pandas/io/sql.py", line 1498, in insert_records
    return table.insert(chunksize=chunksize, method=method)
           ^^^^^^^^^^^^^^^^^^^^^^^^^^^^^^^^^^^^^^^^^^^^^^^^
  File "/home/airflow/.local/lib/python3.12/site-packages/pandas/io/sql.py", line 1059, in insert
    num_inserted = exec_insert(conn, keys, chunk_iter)
                   ^^^^^^^^^^^^^^^^^^^^^^^^^^^^^^^^^^^
  File "/home/airflow/.local/lib/python3.12/site-packages/pandas/io/sql.py", line 951, in _execute_insert
    result = conn.execute(self.table.insert(), data)
             ^^^^^^^^^^^^^^^^^^^^^^^^^^^^^^^^^^^^^^^
  File "/home/airflow/.local/lib/python3.12/site-packages/sqlalchemy/engine/base.py", line 1385, in execute
    return meth(self, multiparams, params, _EMPTY_EXECUTION_OPTS)
           ^^^^^^^^^^^^^^^^^^^^^^^^^^^^^^^^^^^^^^^^^^^^^^^^^^^^^^
  File "/home/airflow/.local/lib/python3.12/site-packages/sqlalchemy/sql/elements.py", line 334, in _execute_on_connection
    return connection._execute_clauseelement(
           ^^^^^^^^^^^^^^^^^^^^^^^^^^^^^^^^^^
  File "/home/airflow/.local/lib/python3.12/site-packages/sqlalchemy/engine/base.py", line 1577, in _execute_clauseelement
    ret = self._execute_context(
          ^^^^^^^^^^^^^^^^^^^^^^
  File "/home/airflow/.local/lib/python3.12/site-packages/sqlalchemy/engine/base.py", line 1953, in _execute_context
    self._handle_dbapi_exception(
  File "/home/airflow/.local/lib/python3.12/site-packages/sqlalchemy/engine/base.py", line 2134, in _handle_dbapi_exception
    util.raise_(
  File "/home/airflow/.local/lib/python3.12/site-packages/sqlalchemy/util/compat.py", line 211, in raise_
    raise exception
  File "/home/airflow/.local/lib/python3.12/site-packages/sqlalchemy/engine/base.py", line 1890, in _execute_context
    self.dialect.do_executemany(
  File "/home/airflow/.local/lib/python3.12/site-packages/sqlalchemy/dialects/postgresql/psycopg2.py", line 1000, in do_executemany
    cursor.executemany(statement, parameters)
sqlalchemy.exc.ProgrammingError: (psycopg2.errors.UndefinedColumn) column "2024-10-11 00:00:00" of relation "stock_monetized" does not exist

[SQL: INSERT INTO "2024_simon_tiberio_schema".stock_monetized (id_product, model, "descripcion ", suppliers, blands, "2024-09-09 00:00:00", "2024-09-10 00:00:00", "2024-09-11 00:00:00", "2024-09-12 00:00:00", "2024-09-13 00:00:00", "2024-09-14 00:00:00", "2024-09-15 00:00:00", "2024-09-16 00:00:00", "2024-09-17 00:00:00", "2024-09-18 00:00:00", "2024-09-19 00:00:00", "2024-09-20 00:00:00", "2024-09-21 00:00:00", "2024-09-22 00:00:00", "2024-09-23 00:00:00", "2024-09-24 00:00:00", "2024-09-25 00:00:00", "2024-09-26 00:00:00", "2024-09-27 00:00:00", "2024-09-28 00:00:00", "2024-09-29 00:00:00", "2024-09-30 00:00:00", "2024-10-01 00:00:00", "2024-10-02 00:00:00", "2024-10-03 00:00:00", "2024-10-04 00:00:00", "2024-10-05 00:00:00", "2024-10-06 00:00:00", "2024-10-07 00:00:00", "2024-10-08 00:00:00", "2024-10-09 00:00:00", "2024-10-10 00:00:00", "2024-10-11 00:00:00", "2024-10-12 00:00:00", "2024-10-13 00:00:00", "2024-10-14 00:00:00", "2024-10-15 00:00:00", "2024-10-16 00:00:00", "2024-10-17 00:00:00", "2024-10-18 00:00:00") VALUES (%(id_product)s, %(model)s, %(descripcion_)s, %(suppliers)s, %(blands)s, %(2024-09-09_00C00C00)s, %(2024-09-10_00C00C00)s, %(2024-09-11_00C00C00)s, %(2024-09-12_00C00C00)s, %(2024-09-13_00C00C00)s, %(2024-09-14_00C00C00)s, %(2024-09-15_00C00C00)s, %(2024-09-16_00C00C00)s, %(2024-09-17_00C00C00)s, %(2024-09-18_00C00C00)s, %(2024-09-19_00C00C00)s, %(2024-09-20_00C00C00)s, %(2024-09-21_00C00C00)s, %(2024-09-22_00C00C00)s, %(2024-09-23_00C00C00)s, %(2024-09-24_00C00C00)s, %(2024-09-25_00C00C00)s, %(2024-09-26_00C00C00)s, %(2024-09-27_00C00C00)s, %(2024-09-28_00C00C00)s, %(2024-09-29_00C00C00)s, %(2024-09-30_00C00C00)s, %(2024-10-01_00C00C00)s, %(2024-10-02_00C00C00)s, %(2024-10-03_00C00C00)s, %(2024-10-04_00C00C00)s, %(2024-10-05_00C00C00)s, %(2024-10-06_00C00C00)s, %(2024-10-07_00C00C00)s, %(2024-10-08_00C00C00)s, %(2024-10-09_00C00C00)s, %(2024-10-10_00C00C00)s, %(2024-10-11_00C00C00)s, %(2024-10-12_00C00C00)s, %(2024-10-13_00C00C00)s, %(2024-10-14_00C00C00)s, %(2024-10-15_00C00C00)s, %(2024-10-16_00C00C00)s, %(2024-10-17_00C00C00)s, %(2024-10-18_00C00C00)s)]
[parameters: ({'id_product': 'ID-00000001', 'model': 'BSX17', 'descripcion_': 'JUEGO DE TUBOS BAHCO 17P CON CRIQUE', 'suppliers': 'ITURRIA S.A', 'blands': 'BAHCO', '2024-09-09_00C00C00': 1266.28, '2024-09-10_00C00C00': 1265.84, '2024-09-11_00C00C00': 1266.25, '2024-09-12_00C00C00': 1269.23, '2024-09-13_00C00C00': 1266.65, '2024-09-14_00C00C00': 1268.25, '2024-09-15_00C00C00': 1268.25, '2024-09-16_00C00C00': 1269.83, '2024-09-17_00C00C00': 1270.88, '2024-09-18_00C00C00': 1.0, '2024-09-19_00C00C00': 1272.88, '2024-09-20_00C00C00': 1271.26, '2024-09-21_00C00C00': 1271.04, '2024-09-22_00C00C00': 1.0, '2024-09-23_00C00C00': 1.0, '2024-09-24_00C00C00': 1.0, '2024-09-25_00C00C00': 2.0, '2024-09-26_00C00C00': 1.0, '2024-09-27_00C00C00': 1276.47, '2024-09-28_00C00C00': 1276.47, '2024-09-29_00C00C00': 1.0, '2024-09-30_00C00C00': 1280.83, '2024-10-01_00C00C00': 1281.92, '2024-10-02_00C00C00': 1282.78, '2024-10-03_00C00C00': 1284.76, '2024-10-04_00C00C00': 1290.05, '2024-10-05_00C00C00': 1290.05, '2024-10-06_00C00C00': 1291.36, '2024-10-07_00C00C00': 1288.85, '2024-10-08_00C00C00': 1288.08, '2024-10-09_00C00C00': 1288.73, '2024-10-10_00C00C00': None, '2024-10-11_00C00C00': 1295.98, '2024-10-12_00C00C00': None, '2024-10-13_00C00C00': None, '2024-10-14_00C00C00': None, '2024-10-15_00C00C00': None, '2024-10-16_00C00C00': None, '2024-10-17_00C00C00': None, '2024-10-18_00C00C00': None}, {'id_product': 'ID-00000002', 'model': 'TM12', 'descripcion_': 'TUBO ESTRIADO LARGO DE 1/2" 12MM', 'suppliers': 'ITURRIA S.A', 'blands': 'BAHCO', '2024-09-09_00C00C00': 1380.84, '2024-09-10_00C00C00': 1380.36, '2024-09-11_00C00C00': 1380.8, '2024-09-12_00C00C00': 1384.05, '2024-09-13_00C00C00': 1381.24, '2024-09-14_00C00C00': 1382.98, '2024-09-15_00C00C00': 1382.98, '2024-09-16_00C00C00': 1384.71, '2024-09-17_00C00C00': 1385.85, '2024-09-18_00C00C00': 2.0, '2024-09-19_00C00C00': 1388.03, '2024-09-20_00C00C00': 1386.27, '2024-09-21_00C00C00': 1386.02, '2024-09-22_00C00C00': 2.0, '2024-09-23_00C00C00': 2.0, '2024-09-24_00C00C00': 2.0, '2024-09-25_00C00C00': 4.0, '2024-09-26_00C00C00': 2.0, '2024-09-27_00C00C00': 1391.94, '2024-09-28_00C00C00': 1391.94, '2024-09-29_00C00C00': 2.0, '2024-09-30_00C00C00': 1396.7, '2024-10-01_00C00C00': 1397.89, '2024-10-02_00C00C00': 4196.5, '2024-10-03_00C00C00': 1400.98, '2024-10-04_00C00C00': 1406.76, '2024-10-05_00C00C00': 1406.76, '2024-10-06_00C00C00': 1408.19, '2024-10-07_00C00C00': 1405.44, '2024-10-08_00C00C00': 1404.61, '2024-10-09_00C00C00': 1405.31, '2024-10-10_00C00C00': None, '2024-10-11_00C00C00': 1413.22, '2024-10-12_00C00C00': None, '2024-10-13_00C00C00': None, '2024-10-14_00C00C00': None, '2024-10-15_00C00C00': None, '2024-10-16_00C00C00': None, '2024-10-17_00C00C00': None, '2024-10-18_00C00C00': None}, {'id_product': 'ID-00000003', 'model': 'TM13', 'descripcion_': 'TUBO ESTRIADO LARGO DE 1/2" 13MM', 'suppliers': 'ITURRIA S.A', 'blands': 'BAHCO', '2024-09-09_00C00C00': 0.0, '2024-09-10_00C00C00': 0.0, '2024-09-11_00C00C00': 0.0, '2024-09-12_00C00C00': 0.0, '2024-09-13_00C00C00': 0.0, '2024-09-14_00C00C00': 0.0, '2024-09-15_00C00C00': 0.0, '2024-09-16_00C00C00': 0.0, '2024-09-17_00C00C00': 0.0, '2024-09-18_00C00C00': 0.0, '2024-09-19_00C00C00': 0.0, '2024-09-20_00C00C00': 0.0, '2024-09-21_00C00C00': 0.0, '2024-09-22_00C00C00': 0.0, '2024-09-23_00C00C00': 0.0, '2024-09-24_00C00C00': 0.0, '2024-09-25_00C00C00': 0.0, '2024-09-26_00C00C00': 0.0, '2024-09-27_00C00C00': 0.0, '2024-09-28_00C00C00': 0.0, '2024-09-29_00C00C00': 0.0, '2024-09-30_00C00C00': 0.0, '2024-10-01_00C00C00': 0.0, '2024-10-02_00C00C00': 0.0, '2024-10-03_00C00C00': 0.0, '2024-10-04_00C00C00': 0.0, '2024-10-05_00C00C00': 0.0, '2024-10-06_00C00C00': 0.0, '2024-10-07_00C00C00': 0.0, '2024-10-08_00C00C00': 0.0, '2024-10-09_00C00C00': 0.0, '2024-10-10_00C00C00': None, '2024-10-11_00C00C00': 0.0, '2024-10-12_00C00C00': None, '2024-10-13_00C00C00': None, '2024-10-14_00C00C00': None, '2024-10-15_00C00C00': None, '2024-10-16_00C00C00': None, '2024-10-17_00C00C00': None, '2024-10-18_00C00C00': None}, {'id_product': 'ID-00000004', 'model': 'TM14', 'descripcion_': 'TUBO ESTRIADO LARGO DE 1/2" 14 MM', 'suppliers': 'ITURRIA S.A', 'blands': 'BAHCO', '2024-09-09_00C00C00': 0.0, '2024-09-10_00C00C00': 0.0, '2024-09-11_00C00C00': 0.0, '2024-09-12_00C00C00': 0.0, '2024-09-13_00C00C00': 0.0, '2024-09-14_00C00C00': 0.0, '2024-09-15_00C00C00': 0.0, '2024-09-16_00C00C00': 0.0, '2024-09-17_00C00C00': 0.0, '2024-09-18_00C00C00': 0.0, '2024-09-19_00C00C00': 0.0, '2024-09-20_00C00C00': 0.0, '2024-09-21_00C00C00': 0.0, '2024-09-22_00C00C00': 0.0, '2024-09-23_00C00C00': 0.0, '2024-09-24_00C00C00': 0.0, '2024-09-25_00C00C00': 0.0, '2024-09-26_00C00C00': 0.0, '2024-09-27_00C00C00': 0.0, '2024-09-28_00C00C00': 0.0, '2024-09-29_00C00C00': 0.0, '2024-09-30_00C00C00': 0.0, '2024-10-01_00C00C00': 0.0, '2024-10-02_00C00C00': 0.0, '2024-10-03_00C00C00': 0.0, '2024-10-04_00C00C00': 0.0, '2024-10-05_00C00C00': 0.0, '2024-10-06_00C00C00': 0.0, '2024-10-07_00C00C00': 0.0, '2024-10-08_00C00C00': 0.0, '2024-10-09_00C00C00': 0.0, '2024-10-10_00C00C00': None, '2024-10-11_00C00C00': 0.0, '2024-10-12_00C00C00': None, '2024-10-13_00C00C00': None, '2024-10-14_00C00C00': None, '2024-10-15_00C00C00': None, '2024-10-16_00C00C00': None, '2024-10-17_00C00C00': None, '2024-10-18_00C00C00': None}, {'id_product': 'ID-00000005', 'model': 'TM15', 'descripcion_': 'TUBO ESTRIADO LARGO DE 1/2" 15 MM', 'suppliers': 'ITURRIA S.A', 'blands': 'BAHCO', '2024-09-09_00C00C00': 344.75, '2024-09-10_00C00C00': 344.63, '2024-09-11_00C00C00': 344.74, '2024-09-12_00C00C00': 345.56, '2024-09-13_00C00C00': 344.85, '2024-09-14_00C00C00': 345.29, '2024-09-15_00C00C00': 345.29, '2024-09-16_00C00C00': 345.72, '2024-09-17_00C00C00': 346.0, '2024-09-18_00C00C00': 1.0, '2024-09-19_00C00C00': 346.55, '2024-09-20_00C00C00': 346.11, '2024-09-21_00C00C00': 346.05, '2024-09-22_00C00C00': 1.0, '2024-09-23_00C00C00': 1.0, '2024-09-24_00C00C00': 1.0, '2024-09-25_00C00C00': 2.0, '2024-09-26_00C00C00': 1.0, '2024-09-27_00C00C00': 347.52, '2024-09-28_00C00C00': 347.52, '2024-09-29_00C00C00': 1.0, '2024-09-30_00C00C00': 348.71, '2024-10-01_00C00C00': 349.01, '2024-10-02_00C00C00': 1047.73, '2024-10-03_00C00C00': 349.78, '2024-10-04_00C00C00': -351.22, '2024-10-05_00C00C00': 351.22, '2024-10-06_00C00C00': 351.58, '2024-10-07_00C00C00': 350.89, '2024-10-08_00C00C00': 350.69, '2024-10-09_00C00C00': 350.86, '2024-10-10_00C00C00': None, '2024-10-11_00C00C00': 352.84, '2024-10-12_00C00C00': None, '2024-10-13_00C00C00': None, '2024-10-14_00C00C00': None, '2024-10-15_00C00C00': None, '2024-10-16_00C00C00': None, '2024-10-17_00C00C00': None, '2024-10-18_00C00C00': None}, {'id_product': 'ID-00000006', 'model': 'TM16', 'descripcion_': 'TUBO ESTRIADO LARGO DE 1/2" 16 MM', 'suppliers': 'ITURRIA S.A', 'blands': 'BAHCO', '2024-09-09_00C00C00': 885.03, '2024-09-10_00C00C00': 884.72, '2024-09-11_00C00C00': 885.01, '2024-09-12_00C00C00': 887.09, '2024-09-13_00C00C00': 885.29, '2024-09-14_00C00C00': 886.41, '2024-09-15_00C00C00': 886.41, '2024-09-16_00C00C00': 887.51, '2024-09-17_00C00C00': 888.25, '2024-09-18_00C00C00': 1.0, '2024-09-19_00C00C00': 889.64, '2024-09-20_00C00C00': 888.51, '2024-09-21_00C00C00': 888.35, '2024-09-22_00C00C00': 1.0, '2024-09-23_00C00C00': 1.0, '2024-09-24_00C00C00': 1.0, '2024-09-25_00C00C00': 2.0, '2024-09-26_00C00C00': 1.0, '2024-09-27_00C00C00': 892.15, '2024-09-28_00C00C00': 892.15, '2024-09-29_00C00C00': 1.0, '2024-09-30_00C00C00': 895.2, '2024-10-01_00C00C00': 895.96, '2024-10-02_00C00C00': 2689.7, '2024-10-03_00C00C00': 897.94, '2024-10-04_00C00C00': 901.65, '2024-10-05_00C00C00': 901.65, '2024-10-06_00C00C00': 902.56, '2024-10-07_00C00C00': 900.8, '2024-10-08_00C00C00': 900.27, '2024-10-09_00C00C00': 900.72, '2024-10-10_00C00C00': None, '2024-10-11_00C00C00': 905.79, '2024-10-12_00C00C00': None, '2024-10-13_00C00C00': None, '2024-10-14_00C00C00': None, '2024-10-15_00C00C00': None, '2024-10-16_00C00C00': None, '2024-10-17_00C00C00': None, '2024-10-18_00C00C00': None}, {'id_product': 'ID-00000007', 'model': 'TM17', 'descripcion_': 'TUBO ESTRIADO LARGO DE 1/2" 17 MM', 'suppliers': 'ITURRIA S.A', 'blands': 'BAHCO', '2024-09-09_00C00C00': 0.0, '2024-09-10_00C00C00': 0.0, '2024-09-11_00C00C00': 0.0, '2024-09-12_00C00C00': 0.0, '2024-09-13_00C00C00': 0.0, '2024-09-14_00C00C00': 0.0, '2024-09-15_00C00C00': 0.0, '2024-09-16_00C00C00': 0.0, '2024-09-17_00C00C00': 0.0, '2024-09-18_00C00C00': 0.0, '2024-09-19_00C00C00': 0.0, '2024-09-20_00C00C00': 0.0, '2024-09-21_00C00C00': 0.0, '2024-09-22_00C00C00': 0.0, '2024-09-23_00C00C00': 0.0, '2024-09-24_00C00C00': 0.0, '2024-09-25_00C00C00': 0.0, '2024-09-26_00C00C00': 0.0, '2024-09-27_00C00C00': 0.0, '2024-09-28_00C00C00': 0.0, '2024-09-29_00C00C00': 0.0, '2024-09-30_00C00C00': 0.0, '2024-10-01_00C00C00': 0.0, '2024-10-02_00C00C00': 0.0, '2024-10-03_00C00C00': 0.0, '2024-10-04_00C00C00': 0.0, '2024-10-05_00C00C00': 0.0, '2024-10-06_00C00C00': 0.0, '2024-10-07_00C00C00': 0.0, '2024-10-08_00C00C00': 0.0, '2024-10-09_00C00C00': 0.0, '2024-10-10_00C00C00': None, '2024-10-11_00C00C00': 0.0, '2024-10-12_00C00C00': None, '2024-10-13_00C00C00': None, '2024-10-14_00C00C00': None, '2024-10-15_00C00C00': None, '2024-10-16_00C00C00': None, '2024-10-17_00C00C00': None, '2024-10-18_00C00C00': None}, {'id_product': 'ID-00000008', 'model': 'TM18', 'descripcion_': 'TUBO ESTRIADO LARGO DE 1/2" 18 MM', 'suppliers': 'ITURRIA S.A', 'blands': 'BAHCO', '2024-09-09_00C00C00': 1927.36, '2024-09-10_00C00C00': 1926.69, '2024-09-11_00C00C00': 1927.31, '2024-09-12_00C00C00': 1931.85, '2024-09-13_00C00C00': 1927.92, '2024-09-14_00C00C00': 1930.35, '2024-09-15_00C00C00': 1930.35, '2024-09-16_00C00C00': 1932.76, '2024-09-17_00C00C00': 1934.36, '2024-09-18_00C00C00': 2.0, '2024-09-19_00C00C00': 1937.4, '2024-09-20_00C00C00': 1934.94, '2024-09-21_00C00C00': 1934.59, '2024-09-22_00C00C00': 2.0, '2024-09-23_00C00C00': 2.0, '2024-09-24_00C00C00': 2.0, '2024-09-25_00C00C00': 4.0, '2024-09-26_00C00C00': 2.0, '2024-09-27_00C00C00': 1942.86, '2024-09-28_00C00C00': 1942.86, '2024-09-29_00C00C00': 2.0, '2024-09-30_00C00C00': 1949.5, '2024-10-01_00C00C00': 1951.16, '2024-10-02_00C00C00': 5857.43, '2024-10-03_00C00C00': 1955.48, '2024-10-04_00C00C00': 1963.54, '2024-10-05_00C00C00': 1963.54, '2024-10-06_00C00C00': 1965.53, '2024-10-07_00C00C00': 1961.7, '2024-10-08_00C00C00': 1960.54, '2024-10-09_00C00C00': 1961.52, '2024-10-10_00C00C00': None, '2024-10-11_00C00C00': 1972.56, '2024-10-12_00C00C00': None, '2024-10-13_00C00C00': None, '2024-10-14_00C00C00': None, '2024-10-15_00C00C00': None, '2024-10-16_00C00C00': None, '2024-10-17_00C00C00': None, '2024-10-18_00C00C00': None}  ... displaying 10 of 440 total bound parameter sets ...  {'id_product': 'nan', 'model': 'nan', 'descripcion_': 'nan', 'suppliers': 'nan', 'blands': 'nan', '2024-09-09_00C00C00': None, '2024-09-10_00C00C00': None, '2024-09-11_00C00C00': None, '2024-09-12_00C00C00': None, '2024-09-13_00C00C00': None, '2024-09-14_00C00C00': None, '2024-09-15_00C00C00': None, '2024-09-16_00C00C00': None, '2024-09-17_00C00C00': None, '2024-09-18_00C00C00': None, '2024-09-19_00C00C00': None, '2024-09-20_00C00C00': None, '2024-09-21_00C00C00': None, '2024-09-22_00C00C00': None, '2024-09-23_00C00C00': None, '2024-09-24_00C00C00': None, '2024-09-25_00C00C00': None, '2024-09-26_00C00C00': None, '2024-09-27_00C00C00': None, '2024-09-28_00C00C00': None, '2024-09-29_00C00C00': None, '2024-09-30_00C00C00': None, '2024-10-01_00C00C00': None, '2024-10-02_00C00C00': None, '2024-10-03_00C00C00': None, '2024-10-04_00C00C00': None, '2024-10-05_00C00C00': None, '2024-10-06_00C00C00': None, '2024-10-07_00C00C00': None, '2024-10-08_00C00C00': None, '2024-10-09_00C00C00': None, '2024-10-10_00C00C00': None, '2024-10-11_00C00C00': None, '2024-10-12_00C00C00': None, '2024-10-13_00C00C00': None, '2024-10-14_00C00C00': None, '2024-10-15_00C00C00': None, '2024-10-16_00C00C00': None, '2024-10-17_00C00C00': None, '2024-10-18_00C00C00': None}, {'id_product': 'TOTAL', 'model': 'nan', 'descripcion_': 'nan', 'suppliers': 'nan', 'blands': 'nan', '2024-09-09_00C00C00': 4096565754.5400004, '2024-09-10_00C00C00': 128043541948.42998, '2024-09-11_00C00C00': 126068802495.26996, '2024-09-12_00C00C00': 128386607888.90009, '2024-09-13_00C00C00': 128125479811.02997, '2024-09-14_00C00C00': 128286938679.24, '2024-09-15_00C00C00': 128286877562.61995, '2024-09-16_00C00C00': 128447141092.93999, '2024-09-17_00C00C00': 128553208131.06993, '2024-09-18_00C00C00': 49073.38, '2024-09-19_00C00C00': 128755537709.56, '2024-09-20_00C00C00': 128591952030.16, '2024-09-21_00C00C00': 128568937031.12997, '2024-09-22_00C00C00': 49077.38, '2024-09-23_00C00C00': 49078.38, '2024-09-24_00C00C00': 49044.38, '2024-09-25_00C00C00': 52561.76, '2024-09-26_00C00C00': 49059.38, '2024-09-27_00C00C00': 129117240553.05003, '2024-09-28_00C00C00': 129033715943.06999, '2024-09-29_00C00C00': 49002.38, '2024-09-30_00C00C00': 128657205258.53004, '2024-10-01_00C00C00': 124655458109.2399, '2024-10-02_00C00C00': 385825241868.1902, '2024-10-03_00C00C00': 129918173710.58006, '2024-10-04_00C00C00': 130471706737.83998, '2024-10-05_00C00C00': 130481642850.11998, '2024-10-06_00C00C00': 129305993998.37999, '2024-10-07_00C00C00': 129357050108.80998, '2024-10-08_00C00C00': 130293130093.41002, '2024-10-09_00C00C00': 130356489427.33002, '2024-10-10_00C00C00': None, '2024-10-11_00C00C00': None, '2024-10-12_00C00C00': None, '2024-10-13_00C00C00': None, '2024-10-14_00C00C00': None, '2024-10-15_00C00C00': None, '2024-10-16_00C00C00': None, '2024-10-17_00C00C00': None, '2024-10-18_00C00C00': None})]
(Background on this error at: https://sqlalche.me/e/14/f405)

During handling of the above exception, another exception occurred:

Traceback (most recent call last):
  File "/home/airflow/.local/lib/python3.12/site-packages/airflow/task/task_runner/standard_task_runner.py", line 117, in _start_by_fork
    ret = args.func(args, dag=self.dag)
          ^^^^^^^^^^^^^^^^^^^^^^^^^^^^^
  File "/home/airflow/.local/lib/python3.12/site-packages/airflow/cli/cli_config.py", line 49, in command
    return func(*args, **kwargs)
           ^^^^^^^^^^^^^^^^^^^^^
  File "/home/airflow/.local/lib/python3.12/site-packages/airflow/utils/cli.py", line 115, in wrapper
    return f(*args, **kwargs)
           ^^^^^^^^^^^^^^^^^^
  File "/home/airflow/.local/lib/python3.12/site-packages/airflow/cli/commands/task_command.py", line 483, in task_run
    task_return_code = _run_task_by_selected_method(args, _dag, ti)
                       ^^^^^^^^^^^^^^^^^^^^^^^^^^^^^^^^^^^^^^^^^^^^
  File "/home/airflow/.local/lib/python3.12/site-packages/airflow/cli/commands/task_command.py", line 256, in _run_task_by_selected_method
    return _run_raw_task(args, ti)
           ^^^^^^^^^^^^^^^^^^^^^^^
  File "/home/airflow/.local/lib/python3.12/site-packages/airflow/cli/commands/task_command.py", line 341, in _run_raw_task
    return ti._run_raw_task(
           ^^^^^^^^^^^^^^^^^
  File "/home/airflow/.local/lib/python3.12/site-packages/airflow/utils/session.py", line 97, in wrapper
    return func(*args, session=session, **kwargs)
           ^^^^^^^^^^^^^^^^^^^^^^^^^^^^^^^^^^^^^^
  File "/home/airflow/.local/lib/python3.12/site-packages/airflow/models/taskinstance.py", line 3004, in _run_raw_task
    return _run_raw_task(
           ^^^^^^^^^^^^^^
  File "/home/airflow/.local/lib/python3.12/site-packages/airflow/models/taskinstance.py", line 273, in _run_raw_task
    TaskInstance._execute_task_with_callbacks(
  File "/home/airflow/.local/lib/python3.12/site-packages/airflow/models/taskinstance.py", line 3158, in _execute_task_with_callbacks
    result = self._execute_task(context, task_orig)
             ^^^^^^^^^^^^^^^^^^^^^^^^^^^^^^^^^^^^^^
  File "/home/airflow/.local/lib/python3.12/site-packages/airflow/models/taskinstance.py", line 3182, in _execute_task
    return _execute_task(self, context, task_orig)
           ^^^^^^^^^^^^^^^^^^^^^^^^^^^^^^^^^^^^^^^
  File "/home/airflow/.local/lib/python3.12/site-packages/airflow/models/taskinstance.py", line 767, in _execute_task
    result = _execute_callable(context=context, **execute_callable_kwargs)
             ^^^^^^^^^^^^^^^^^^^^^^^^^^^^^^^^^^^^^^^^^^^^^^^^^^^^^^^^^^^^^
  File "/home/airflow/.local/lib/python3.12/site-packages/airflow/models/taskinstance.py", line 733, in _execute_callable
    return ExecutionCallableRunner(
           ^^^^^^^^^^^^^^^^^^^^^^^^
  File "/home/airflow/.local/lib/python3.12/site-packages/airflow/utils/operator_helpers.py", line 252, in run
    return self.func(*args, **kwargs)
           ^^^^^^^^^^^^^^^^^^^^^^^^^^
  File "/home/airflow/.local/lib/python3.12/site-packages/airflow/models/baseoperator.py", line 406, in wrapper
    return func(self, *args, **kwargs)
           ^^^^^^^^^^^^^^^^^^^^^^^^^^^
  File "/home/airflow/.local/lib/python3.12/site-packages/airflow/operators/python.py", line 238, in execute
    return_value = self.execute_callable()
                   ^^^^^^^^^^^^^^^^^^^^^^^
  File "/home/airflow/.local/lib/python3.12/site-packages/airflow/operators/python.py", line 256, in execute_callable
    return runner.run(*self.op_args, **self.op_kwargs)
           ^^^^^^^^^^^^^^^^^^^^^^^^^^^^^^^^^^^^^^^^^^^
  File "/home/airflow/.local/lib/python3.12/site-packages/airflow/utils/operator_helpers.py", line 252, in run
    return self.func(*args, **kwargs)
           ^^^^^^^^^^^^^^^^^^^^^^^^^^
  File "/opt/airflow/functions_etl/load_data.py", line 110, in load_data_to_Redshift
    raise RuntimeError(f"Error loading data into Redshift table '{redshift_table}': {e}")
RuntimeError: Error loading data into Redshift table 'stock_monetized': (psycopg2.errors.UndefinedColumn) column "2024-10-11 00:00:00" of relation "stock_monetized" does not exist

[SQL: INSERT INTO "2024_simon_tiberio_schema".stock_monetized (id_product, model, "descripcion ", suppliers, blands, "2024-09-09 00:00:00", "2024-09-10 00:00:00", "2024-09-11 00:00:00", "2024-09-12 00:00:00", "2024-09-13 00:00:00", "2024-09-14 00:00:00", "2024-09-15 00:00:00", "2024-09-16 00:00:00", "2024-09-17 00:00:00", "2024-09-18 00:00:00", "2024-09-19 00:00:00", "2024-09-20 00:00:00", "2024-09-21 00:00:00", "2024-09-22 00:00:00", "2024-09-23 00:00:00", "2024-09-24 00:00:00", "2024-09-25 00:00:00", "2024-09-26 00:00:00", "2024-09-27 00:00:00", "2024-09-28 00:00:00", "2024-09-29 00:00:00", "2024-09-30 00:00:00", "2024-10-01 00:00:00", "2024-10-02 00:00:00", "2024-10-03 00:00:00", "2024-10-04 00:00:00", "2024-10-05 00:00:00", "2024-10-06 00:00:00", "2024-10-07 00:00:00", "2024-10-08 00:00:00", "2024-10-09 00:00:00", "2024-10-10 00:00:00", "2024-10-11 00:00:00", "2024-10-12 00:00:00", "2024-10-13 00:00:00", "2024-10-14 00:00:00", "2024-10-15 00:00:00", "2024-10-16 00:00:00", "2024-10-17 00:00:00", "2024-10-18 00:00:00") VALUES (%(id_product)s, %(model)s, %(descripcion_)s, %(suppliers)s, %(blands)s, %(2024-09-09_00C00C00)s, %(2024-09-10_00C00C00)s, %(2024-09-11_00C00C00)s, %(2024-09-12_00C00C00)s, %(2024-09-13_00C00C00)s, %(2024-09-14_00C00C00)s, %(2024-09-15_00C00C00)s, %(2024-09-16_00C00C00)s, %(2024-09-17_00C00C00)s, %(2024-09-18_00C00C00)s, %(2024-09-19_00C00C00)s, %(2024-09-20_00C00C00)s, %(2024-09-21_00C00C00)s, %(2024-09-22_00C00C00)s, %(2024-09-23_00C00C00)s, %(2024-09-24_00C00C00)s, %(2024-09-25_00C00C00)s, %(2024-09-26_00C00C00)s, %(2024-09-27_00C00C00)s, %(2024-09-28_00C00C00)s, %(2024-09-29_00C00C00)s, %(2024-09-30_00C00C00)s, %(2024-10-01_00C00C00)s, %(2024-10-02_00C00C00)s, %(2024-10-03_00C00C00)s, %(2024-10-04_00C00C00)s, %(2024-10-05_00C00C00)s, %(2024-10-06_00C00C00)s, %(2024-10-07_00C00C00)s, %(2024-10-08_00C00C00)s, %(2024-10-09_00C00C00)s, %(2024-10-10_00C00C00)s, %(2024-10-11_00C00C00)s, %(2024-10-12_00C00C00)s, %(2024-10-13_00C00C00)s, %(2024-10-14_00C00C00)s, %(2024-10-15_00C00C00)s, %(2024-10-16_00C00C00)s, %(2024-10-17_00C00C00)s, %(2024-10-18_00C00C00)s)]
[parameters: ({'id_product': 'ID-00000001', 'model': 'BSX17', 'descripcion_': 'JUEGO DE TUBOS BAHCO 17P CON CRIQUE', 'suppliers': 'ITURRIA S.A', 'blands': 'BAHCO', '2024-09-09_00C00C00': 1266.28, '2024-09-10_00C00C00': 1265.84, '2024-09-11_00C00C00': 1266.25, '2024-09-12_00C00C00': 1269.23, '2024-09-13_00C00C00': 1266.65, '2024-09-14_00C00C00': 1268.25, '2024-09-15_00C00C00': 1268.25, '2024-09-16_00C00C00': 1269.83, '2024-09-17_00C00C00': 1270.88, '2024-09-18_00C00C00': 1.0, '2024-09-19_00C00C00': 1272.88, '2024-09-20_00C00C00': 1271.26, '2024-09-21_00C00C00': 1271.04, '2024-09-22_00C00C00': 1.0, '2024-09-23_00C00C00': 1.0, '2024-09-24_00C00C00': 1.0, '2024-09-25_00C00C00': 2.0, '2024-09-26_00C00C00': 1.0, '2024-09-27_00C00C00': 1276.47, '2024-09-28_00C00C00': 1276.47, '2024-09-29_00C00C00': 1.0, '2024-09-30_00C00C00': 1280.83, '2024-10-01_00C00C00': 1281.92, '2024-10-02_00C00C00': 1282.78, '2024-10-03_00C00C00': 1284.76, '2024-10-04_00C00C00': 1290.05, '2024-10-05_00C00C00': 1290.05, '2024-10-06_00C00C00': 1291.36, '2024-10-07_00C00C00': 1288.85, '2024-10-08_00C00C00': 1288.08, '2024-10-09_00C00C00': 1288.73, '2024-10-10_00C00C00': None, '2024-10-11_00C00C00': 1295.98, '2024-10-12_00C00C00': None, '2024-10-13_00C00C00': None, '2024-10-14_00C00C00': None, '2024-10-15_00C00C00': None, '2024-10-16_00C00C00': None, '2024-10-17_00C00C00': None, '2024-10-18_00C00C00': None}, {'id_product': 'ID-00000002', 'model': 'TM12', 'descripcion_': 'TUBO ESTRIADO LARGO DE 1/2" 12MM', 'suppliers': 'ITURRIA S.A', 'blands': 'BAHCO', '2024-09-09_00C00C00': 1380.84, '2024-09-10_00C00C00': 1380.36, '2024-09-11_00C00C00': 1380.8, '2024-09-12_00C00C00': 1384.05, '2024-09-13_00C00C00': 1381.24, '2024-09-14_00C00C00': 1382.98, '2024-09-15_00C00C00': 1382.98, '2024-09-16_00C00C00': 1384.71, '2024-09-17_00C00C00': 1385.85, '2024-09-18_00C00C00': 2.0, '2024-09-19_00C00C00': 1388.03, '2024-09-20_00C00C00': 1386.27, '2024-09-21_00C00C00': 1386.02, '2024-09-22_00C00C00': 2.0, '2024-09-23_00C00C00': 2.0, '2024-09-24_00C00C00': 2.0, '2024-09-25_00C00C00': 4.0, '2024-09-26_00C00C00': 2.0, '2024-09-27_00C00C00': 1391.94, '2024-09-28_00C00C00': 1391.94, '2024-09-29_00C00C00': 2.0, '2024-09-30_00C00C00': 1396.7, '2024-10-01_00C00C00': 1397.89, '2024-10-02_00C00C00': 4196.5, '2024-10-03_00C00C00': 1400.98, '2024-10-04_00C00C00': 1406.76, '2024-10-05_00C00C00': 1406.76, '2024-10-06_00C00C00': 1408.19, '2024-10-07_00C00C00': 1405.44, '2024-10-08_00C00C00': 1404.61, '2024-10-09_00C00C00': 1405.31, '2024-10-10_00C00C00': None, '2024-10-11_00C00C00': 1413.22, '2024-10-12_00C00C00': None, '2024-10-13_00C00C00': None, '2024-10-14_00C00C00': None, '2024-10-15_00C00C00': None, '2024-10-16_00C00C00': None, '2024-10-17_00C00C00': None, '2024-10-18_00C00C00': None}, {'id_product': 'ID-00000003', 'model': 'TM13', 'descripcion_': 'TUBO ESTRIADO LARGO DE 1/2" 13MM', 'suppliers': 'ITURRIA S.A', 'blands': 'BAHCO', '2024-09-09_00C00C00': 0.0, '2024-09-10_00C00C00': 0.0, '2024-09-11_00C00C00': 0.0, '2024-09-12_00C00C00': 0.0, '2024-09-13_00C00C00': 0.0, '2024-09-14_00C00C00': 0.0, '2024-09-15_00C00C00': 0.0, '2024-09-16_00C00C00': 0.0, '2024-09-17_00C00C00': 0.0, '2024-09-18_00C00C00': 0.0, '2024-09-19_00C00C00': 0.0, '2024-09-20_00C00C00': 0.0, '2024-09-21_00C00C00': 0.0, '2024-09-22_00C00C00': 0.0, '2024-09-23_00C00C00': 0.0, '2024-09-24_00C00C00': 0.0, '2024-09-25_00C00C00': 0.0, '2024-09-26_00C00C00': 0.0, '2024-09-27_00C00C00': 0.0, '2024-09-28_00C00C00': 0.0, '2024-09-29_00C00C00': 0.0, '2024-09-30_00C00C00': 0.0, '2024-10-01_00C00C00': 0.0, '2024-10-02_00C00C00': 0.0, '2024-10-03_00C00C00': 0.0, '2024-10-04_00C00C00': 0.0, '2024-10-05_00C00C00': 0.0, '2024-10-06_00C00C00': 0.0, '2024-10-07_00C00C00': 0.0, '2024-10-08_00C00C00': 0.0, '2024-10-09_00C00C00': 0.0, '2024-10-10_00C00C00': None, '2024-10-11_00C00C00': 0.0, '2024-10-12_00C00C00': None, '2024-10-13_00C00C00': None, '2024-10-14_00C00C00': None, '2024-10-15_00C00C00': None, '2024-10-16_00C00C00': None, '2024-10-17_00C00C00': None, '2024-10-18_00C00C00': None}, {'id_product': 'ID-00000004', 'model': 'TM14', 'descripcion_': 'TUBO ESTRIADO LARGO DE 1/2" 14 MM', 'suppliers': 'ITURRIA S.A', 'blands': 'BAHCO', '2024-09-09_00C00C00': 0.0, '2024-09-10_00C00C00': 0.0, '2024-09-11_00C00C00': 0.0, '2024-09-12_00C00C00': 0.0, '2024-09-13_00C00C00': 0.0, '2024-09-14_00C00C00': 0.0, '2024-09-15_00C00C00': 0.0, '2024-09-16_00C00C00': 0.0, '2024-09-17_00C00C00': 0.0, '2024-09-18_00C00C00': 0.0, '2024-09-19_00C00C00': 0.0, '2024-09-20_00C00C00': 0.0, '2024-09-21_00C00C00': 0.0, '2024-09-22_00C00C00': 0.0, '2024-09-23_00C00C00': 0.0, '2024-09-24_00C00C00': 0.0, '2024-09-25_00C00C00': 0.0, '2024-09-26_00C00C00': 0.0, '2024-09-27_00C00C00': 0.0, '2024-09-28_00C00C00': 0.0, '2024-09-29_00C00C00': 0.0, '2024-09-30_00C00C00': 0.0, '2024-10-01_00C00C00': 0.0, '2024-10-02_00C00C00': 0.0, '2024-10-03_00C00C00': 0.0, '2024-10-04_00C00C00': 0.0, '2024-10-05_00C00C00': 0.0, '2024-10-06_00C00C00': 0.0, '2024-10-07_00C00C00': 0.0, '2024-10-08_00C00C00': 0.0, '2024-10-09_00C00C00': 0.0, '2024-10-10_00C00C00': None, '2024-10-11_00C00C00': 0.0, '2024-10-12_00C00C00': None, '2024-10-13_00C00C00': None, '2024-10-14_00C00C00': None, '2024-10-15_00C00C00': None, '2024-10-16_00C00C00': None, '2024-10-17_00C00C00': None, '2024-10-18_00C00C00': None}, {'id_product': 'ID-00000005', 'model': 'TM15', 'descripcion_': 'TUBO ESTRIADO LARGO DE 1/2" 15 MM', 'suppliers': 'ITURRIA S.A', 'blands': 'BAHCO', '2024-09-09_00C00C00': 344.75, '2024-09-10_00C00C00': 344.63, '2024-09-11_00C00C00': 344.74, '2024-09-12_00C00C00': 345.56, '2024-09-13_00C00C00': 344.85, '2024-09-14_00C00C00': 345.29, '2024-09-15_00C00C00': 345.29, '2024-09-16_00C00C00': 345.72, '2024-09-17_00C00C00': 346.0, '2024-09-18_00C00C00': 1.0, '2024-09-19_00C00C00': 346.55, '2024-09-20_00C00C00': 346.11, '2024-09-21_00C00C00': 346.05, '2024-09-22_00C00C00': 1.0, '2024-09-23_00C00C00': 1.0, '2024-09-24_00C00C00': 1.0, '2024-09-25_00C00C00': 2.0, '2024-09-26_00C00C00': 1.0, '2024-09-27_00C00C00': 347.52, '2024-09-28_00C00C00': 347.52, '2024-09-29_00C00C00': 1.0, '2024-09-30_00C00C00': 348.71, '2024-10-01_00C00C00': 349.01, '2024-10-02_00C00C00': 1047.73, '2024-10-03_00C00C00': 349.78, '2024-10-04_00C00C00': -351.22, '2024-10-05_00C00C00': 351.22, '2024-10-06_00C00C00': 351.58, '2024-10-07_00C00C00': 350.89, '2024-10-08_00C00C00': 350.69, '2024-10-09_00C00C00': 350.86, '2024-10-10_00C00C00': None, '2024-10-11_00C00C00': 352.84, '2024-10-12_00C00C00': None, '2024-10-13_00C00C00': None, '2024-10-14_00C00C00': None, '2024-10-15_00C00C00': None, '2024-10-16_00C00C00': None, '2024-10-17_00C00C00': None, '2024-10-18_00C00C00': None}, {'id_product': 'ID-00000006', 'model': 'TM16', 'descripcion_': 'TUBO ESTRIADO LARGO DE 1/2" 16 MM', 'suppliers': 'ITURRIA S.A', 'blands': 'BAHCO', '2024-09-09_00C00C00': 885.03, '2024-09-10_00C00C00': 884.72, '2024-09-11_00C00C00': 885.01, '2024-09-12_00C00C00': 887.09, '2024-09-13_00C00C00': 885.29, '2024-09-14_00C00C00': 886.41, '2024-09-15_00C00C00': 886.41, '2024-09-16_00C00C00': 887.51, '2024-09-17_00C00C00': 888.25, '2024-09-18_00C00C00': 1.0, '2024-09-19_00C00C00': 889.64, '2024-09-20_00C00C00': 888.51, '2024-09-21_00C00C00': 888.35, '2024-09-22_00C00C00': 1.0, '2024-09-23_00C00C00': 1.0, '2024-09-24_00C00C00': 1.0, '2024-09-25_00C00C00': 2.0, '2024-09-26_00C00C00': 1.0, '2024-09-27_00C00C00': 892.15, '2024-09-28_00C00C00': 892.15, '2024-09-29_00C00C00': 1.0, '2024-09-30_00C00C00': 895.2, '2024-10-01_00C00C00': 895.96, '2024-10-02_00C00C00': 2689.7, '2024-10-03_00C00C00': 897.94, '2024-10-04_00C00C00': 901.65, '2024-10-05_00C00C00': 901.65, '2024-10-06_00C00C00': 902.56, '2024-10-07_00C00C00': 900.8, '2024-10-08_00C00C00': 900.27, '2024-10-09_00C00C00': 900.72, '2024-10-10_00C00C00': None, '2024-10-11_00C00C00': 905.79, '2024-10-12_00C00C00': None, '2024-10-13_00C00C00': None, '2024-10-14_00C00C00': None, '2024-10-15_00C00C00': None, '2024-10-16_00C00C00': None, '2024-10-17_00C00C00': None, '2024-10-18_00C00C00': None}, {'id_product': 'ID-00000007', 'model': 'TM17', 'descripcion_': 'TUBO ESTRIADO LARGO DE 1/2" 17 MM', 'suppliers': 'ITURRIA S.A', 'blands': 'BAHCO', '2024-09-09_00C00C00': 0.0, '2024-09-10_00C00C00': 0.0, '2024-09-11_00C00C00': 0.0, '2024-09-12_00C00C00': 0.0, '2024-09-13_00C00C00': 0.0, '2024-09-14_00C00C00': 0.0, '2024-09-15_00C00C00': 0.0, '2024-09-16_00C00C00': 0.0, '2024-09-17_00C00C00': 0.0, '2024-09-18_00C00C00': 0.0, '2024-09-19_00C00C00': 0.0, '2024-09-20_00C00C00': 0.0, '2024-09-21_00C00C00': 0.0, '2024-09-22_00C00C00': 0.0, '2024-09-23_00C00C00': 0.0, '2024-09-24_00C00C00': 0.0, '2024-09-25_00C00C00': 0.0, '2024-09-26_00C00C00': 0.0, '2024-09-27_00C00C00': 0.0, '2024-09-28_00C00C00': 0.0, '2024-09-29_00C00C00': 0.0, '2024-09-30_00C00C00': 0.0, '2024-10-01_00C00C00': 0.0, '2024-10-02_00C00C00': 0.0, '2024-10-03_00C00C00': 0.0, '2024-10-04_00C00C00': 0.0, '2024-10-05_00C00C00': 0.0, '2024-10-06_00C00C00': 0.0, '2024-10-07_00C00C00': 0.0, '2024-10-08_00C00C00': 0.0, '2024-10-09_00C00C00': 0.0, '2024-10-10_00C00C00': None, '2024-10-11_00C00C00': 0.0, '2024-10-12_00C00C00': None, '2024-10-13_00C00C00': None, '2024-10-14_00C00C00': None, '2024-10-15_00C00C00': None, '2024-10-16_00C00C00': None, '2024-10-17_00C00C00': None, '2024-10-18_00C00C00': None}, {'id_product': 'ID-00000008', 'model': 'TM18', 'descripcion_': 'TUBO ESTRIADO LARGO DE 1/2" 18 MM', 'suppliers': 'ITURRIA S.A', 'blands': 'BAHCO', '2024-09-09_00C00C00': 1927.36, '2024-09-10_00C00C00': 1926.69, '2024-09-11_00C00C00': 1927.31, '2024-09-12_00C00C00': 1931.85, '2024-09-13_00C00C00': 1927.92, '2024-09-14_00C00C00': 1930.35, '2024-09-15_00C00C00': 1930.35, '2024-09-16_00C00C00': 1932.76, '2024-09-17_00C00C00': 1934.36, '2024-09-18_00C00C00': 2.0, '2024-09-19_00C00C00': 1937.4, '2024-09-20_00C00C00': 1934.94, '2024-09-21_00C00C00': 1934.59, '2024-09-22_00C00C00': 2.0, '2024-09-23_00C00C00': 2.0, '2024-09-24_00C00C00': 2.0, '2024-09-25_00C00C00': 4.0, '2024-09-26_00C00C00': 2.0, '2024-09-27_00C00C00': 1942.86, '2024-09-28_00C00C00': 1942.86, '2024-09-29_00C00C00': 2.0, '2024-09-30_00C00C00': 1949.5, '2024-10-01_00C00C00': 1951.16, '2024-10-02_00C00C00': 5857.43, '2024-10-03_00C00C00': 1955.48, '2024-10-04_00C00C00': 1963.54, '2024-10-05_00C00C00': 1963.54, '2024-10-06_00C00C00': 1965.53, '2024-10-07_00C00C00': 1961.7, '2024-10-08_00C00C00': 1960.54, '2024-10-09_00C00C00': 1961.52, '2024-10-10_00C00C00': None, '2024-10-11_00C00C00': 1972.56, '2024-10-12_00C00C00': None, '2024-10-13_00C00C00': None, '2024-10-14_00C00C00': None, '2024-10-15_00C00C00': None, '2024-10-16_00C00C00': None, '2024-10-17_00C00C00': None, '2024-10-18_00C00C00': None}  ... displaying 10 of 440 total bound parameter sets ...  {'id_product': 'nan', 'model': 'nan', 'descripcion_': 'nan', 'suppliers': 'nan', 'blands': 'nan', '2024-09-09_00C00C00': None, '2024-09-10_00C00C00': None, '2024-09-11_00C00C00': None, '2024-09-12_00C00C00': None, '2024-09-13_00C00C00': None, '2024-09-14_00C00C00': None, '2024-09-15_00C00C00': None, '2024-09-16_00C00C00': None, '2024-09-17_00C00C00': None, '2024-09-18_00C00C00': None, '2024-09-19_00C00C00': None, '2024-09-20_00C00C00': None, '2024-09-21_00C00C00': None, '2024-09-22_00C00C00': None, '2024-09-23_00C00C00': None, '2024-09-24_00C00C00': None, '2024-09-25_00C00C00': None, '2024-09-26_00C00C00': None, '2024-09-27_00C00C00': None, '2024-09-28_00C00C00': None, '2024-09-29_00C00C00': None, '2024-09-30_00C00C00': None, '2024-10-01_00C00C00': None, '2024-10-02_00C00C00': None, '2024-10-03_00C00C00': None, '2024-10-04_00C00C00': None, '2024-10-05_00C00C00': None, '2024-10-06_00C00C00': None, '2024-10-07_00C00C00': None, '2024-10-08_00C00C00': None, '2024-10-09_00C00C00': None, '2024-10-10_00C00C00': None, '2024-10-11_00C00C00': None, '2024-10-12_00C00C00': None, '2024-10-13_00C00C00': None, '2024-10-14_00C00C00': None, '2024-10-15_00C00C00': None, '2024-10-16_00C00C00': None, '2024-10-17_00C00C00': None, '2024-10-18_00C00C00': None}, {'id_product': 'TOTAL', 'model': 'nan', 'descripcion_': 'nan', 'suppliers': 'nan', 'blands': 'nan', '2024-09-09_00C00C00': 4096565754.5400004, '2024-09-10_00C00C00': 128043541948.42998, '2024-09-11_00C00C00': 126068802495.26996, '2024-09-12_00C00C00': 128386607888.90009, '2024-09-13_00C00C00': 128125479811.02997, '2024-09-14_00C00C00': 128286938679.24, '2024-09-15_00C00C00': 128286877562.61995, '2024-09-16_00C00C00': 128447141092.93999, '2024-09-17_00C00C00': 128553208131.06993, '2024-09-18_00C00C00': 49073.38, '2024-09-19_00C00C00': 128755537709.56, '2024-09-20_00C00C00': 128591952030.16, '2024-09-21_00C00C00': 128568937031.12997, '2024-09-22_00C00C00': 49077.38, '2024-09-23_00C00C00': 49078.38, '2024-09-24_00C00C00': 49044.38, '2024-09-25_00C00C00': 52561.76, '2024-09-26_00C00C00': 49059.38, '2024-09-27_00C00C00': 129117240553.05003, '2024-09-28_00C00C00': 129033715943.06999, '2024-09-29_00C00C00': 49002.38, '2024-09-30_00C00C00': 128657205258.53004, '2024-10-01_00C00C00': 124655458109.2399, '2024-10-02_00C00C00': 385825241868.1902, '2024-10-03_00C00C00': 129918173710.58006, '2024-10-04_00C00C00': 130471706737.83998, '2024-10-05_00C00C00': 130481642850.11998, '2024-10-06_00C00C00': 129305993998.37999, '2024-10-07_00C00C00': 129357050108.80998, '2024-10-08_00C00C00': 130293130093.41002, '2024-10-09_00C00C00': 130356489427.33002, '2024-10-10_00C00C00': None, '2024-10-11_00C00C00': None, '2024-10-12_00C00C00': None, '2024-10-13_00C00C00': None, '2024-10-14_00C00C00': None, '2024-10-15_00C00C00': None, '2024-10-16_00C00C00': None, '2024-10-17_00C00C00': None, '2024-10-18_00C00C00': None})]
(Background on this error at: https://sqlalche.me/e/14/f405)
[2024-10-28T02:55:16.087+0000] {local_task_job_runner.py:266} INFO - Task exited with return code 1
[2024-10-28T02:55:16.103+0000] {taskinstance.py:3900} INFO - 0 downstream tasks scheduled from follow-on schedule check
[2024-10-28T02:55:16.120+0000] {local_task_job_runner.py:245} INFO - ::endgroup::
