[2024-10-29T23:34:24.814+0000] {local_task_job_runner.py:123} INFO - ::group::Pre task execution logs
[2024-10-29T23:34:24.837+0000] {taskinstance.py:2612} INFO - Dependencies all met for dep_context=non-requeueable deps ti=<TaskInstance: etl_update_stock_ferrimac.load_data_into_Redshif manual__2024-10-29T23:28:58.461264+00:00 [queued]>
[2024-10-29T23:34:24.846+0000] {taskinstance.py:2612} INFO - Dependencies all met for dep_context=requeueable deps ti=<TaskInstance: etl_update_stock_ferrimac.load_data_into_Redshif manual__2024-10-29T23:28:58.461264+00:00 [queued]>
[2024-10-29T23:34:24.847+0000] {taskinstance.py:2865} INFO - Starting attempt 2 of 2
[2024-10-29T23:34:24.874+0000] {taskinstance.py:2888} INFO - Executing <Task(PythonOperator): load_data_into_Redshif> on 2024-10-29 23:28:58.461264+00:00
[2024-10-29T23:34:24.880+0000] {warnings.py:112} WARNING - /home/***/.local/lib/python3.12/site-packages/***/task/task_runner/standard_task_runner.py:70: DeprecationWarning: This process (pid=823) is multi-threaded, use of fork() may lead to deadlocks in the child.
  pid = os.fork()

[2024-10-29T23:34:24.883+0000] {standard_task_runner.py:72} INFO - Started process 825 to run task
[2024-10-29T23:34:24.883+0000] {standard_task_runner.py:104} INFO - Running: ['***', 'tasks', 'run', 'etl_update_stock_ferrimac', 'load_data_into_Redshif', 'manual__2024-10-29T23:28:58.461264+00:00', '--job-id', '27', '--raw', '--subdir', 'DAGS_FOLDER/object_dag.py', '--cfg-path', '/tmp/tmpsj6i69w6']
[2024-10-29T23:34:24.886+0000] {standard_task_runner.py:105} INFO - Job 27: Subtask load_data_into_Redshif
[2024-10-29T23:34:24.939+0000] {task_command.py:467} INFO - Running <TaskInstance: etl_update_stock_ferrimac.load_data_into_Redshif manual__2024-10-29T23:28:58.461264+00:00 [running]> on host 94e12afb2788
[2024-10-29T23:34:25.027+0000] {taskinstance.py:3131} INFO - Exporting env vars: AIRFLOW_CTX_DAG_OWNER='***' AIRFLOW_CTX_DAG_ID='etl_update_stock_ferrimac' AIRFLOW_CTX_TASK_ID='load_data_into_Redshif' AIRFLOW_CTX_EXECUTION_DATE='2024-10-29T23:28:58.461264+00:00' AIRFLOW_CTX_TRY_NUMBER='2' AIRFLOW_CTX_DAG_RUN_ID='manual__2024-10-29T23:28:58.461264+00:00'
[2024-10-29T23:34:25.029+0000] {taskinstance.py:731} INFO - ::endgroup::
[2024-10-29T23:34:27.916+0000] {load_data.py:116} INFO - Connection to Redshift successful.
[2024-10-29T23:34:28.251+0000] {load_data.py:119} INFO - Update from Redshift: 2024-10-29
[2024-10-29T23:34:29.607+0000] {warnings.py:112} WARNING - /home/***/.local/lib/python3.12/site-packages/pandas/io/parquet.py:189: UserWarning: The DataFrame has column names of mixed type. They will be converted to strings and not roundtrip correctly.
  table = self.api.Table.from_pandas(df, **from_pandas_kwargs)

[2024-10-29T23:34:31.074+0000] {load_data.py:60} INFO - Excel file read and converted to Parquet
[2024-10-29T23:34:31.841+0000] {taskinstance.py:3310} ERROR - Task failed with exception
Traceback (most recent call last):
  File "/home/airflow/.local/lib/python3.12/site-packages/sqlalchemy/engine/base.py", line 1890, in _execute_context
    self.dialect.do_executemany(
  File "/home/airflow/.local/lib/python3.12/site-packages/sqlalchemy/dialects/postgresql/psycopg2.py", line 1000, in do_executemany
    cursor.executemany(statement, parameters)
psycopg2.errors.UndefinedColumn: column "2024-10-11 00:00:00" of relation "stock_monetized" does not exist


The above exception was the direct cause of the following exception:

Traceback (most recent call last):
  File "/opt/airflow/functions_etl/load_data.py", line 133, in load_data_to_Redshift
    df.to_sql(redshift_table, con=engine, schema=REDSHIFT_SCHEMA, if_exists='append', index=False)
  File "/home/airflow/.local/lib/python3.12/site-packages/pandas/util/_decorators.py", line 333, in wrapper
    return func(*args, **kwargs)
           ^^^^^^^^^^^^^^^^^^^^^
  File "/home/airflow/.local/lib/python3.12/site-packages/pandas/core/generic.py", line 3008, in to_sql
    return sql.to_sql(
           ^^^^^^^^^^^
  File "/home/airflow/.local/lib/python3.12/site-packages/pandas/io/sql.py", line 788, in to_sql
    return pandas_sql.to_sql(
           ^^^^^^^^^^^^^^^^^^
  File "/home/airflow/.local/lib/python3.12/site-packages/pandas/io/sql.py", line 1958, in to_sql
    total_inserted = sql_engine.insert_records(
                     ^^^^^^^^^^^^^^^^^^^^^^^^^^
  File "/home/airflow/.local/lib/python3.12/site-packages/pandas/io/sql.py", line 1507, in insert_records
    raise err
  File "/home/airflow/.local/lib/python3.12/site-packages/pandas/io/sql.py", line 1498, in insert_records
    return table.insert(chunksize=chunksize, method=method)
           ^^^^^^^^^^^^^^^^^^^^^^^^^^^^^^^^^^^^^^^^^^^^^^^^
  File "/home/airflow/.local/lib/python3.12/site-packages/pandas/io/sql.py", line 1059, in insert
    num_inserted = exec_insert(conn, keys, chunk_iter)
                   ^^^^^^^^^^^^^^^^^^^^^^^^^^^^^^^^^^^
  File "/home/airflow/.local/lib/python3.12/site-packages/pandas/io/sql.py", line 951, in _execute_insert
    result = conn.execute(self.table.insert(), data)
             ^^^^^^^^^^^^^^^^^^^^^^^^^^^^^^^^^^^^^^^
  File "/home/airflow/.local/lib/python3.12/site-packages/sqlalchemy/engine/base.py", line 1385, in execute
    return meth(self, multiparams, params, _EMPTY_EXECUTION_OPTS)
           ^^^^^^^^^^^^^^^^^^^^^^^^^^^^^^^^^^^^^^^^^^^^^^^^^^^^^^
  File "/home/airflow/.local/lib/python3.12/site-packages/sqlalchemy/sql/elements.py", line 334, in _execute_on_connection
    return connection._execute_clauseelement(
           ^^^^^^^^^^^^^^^^^^^^^^^^^^^^^^^^^^
  File "/home/airflow/.local/lib/python3.12/site-packages/sqlalchemy/engine/base.py", line 1577, in _execute_clauseelement
    ret = self._execute_context(
          ^^^^^^^^^^^^^^^^^^^^^^
  File "/home/airflow/.local/lib/python3.12/site-packages/sqlalchemy/engine/base.py", line 1953, in _execute_context
    self._handle_dbapi_exception(
  File "/home/airflow/.local/lib/python3.12/site-packages/sqlalchemy/engine/base.py", line 2134, in _handle_dbapi_exception
    util.raise_(
  File "/home/airflow/.local/lib/python3.12/site-packages/sqlalchemy/util/compat.py", line 211, in raise_
    raise exception
  File "/home/airflow/.local/lib/python3.12/site-packages/sqlalchemy/engine/base.py", line 1890, in _execute_context
    self.dialect.do_executemany(
  File "/home/airflow/.local/lib/python3.12/site-packages/sqlalchemy/dialects/postgresql/psycopg2.py", line 1000, in do_executemany
    cursor.executemany(statement, parameters)
sqlalchemy.exc.ProgrammingError: (psycopg2.errors.UndefinedColumn) column "2024-10-11 00:00:00" of relation "stock_monetized" does not exist

[SQL: INSERT INTO "2024_simon_tiberio_schema".stock_monetized (id_product, model, "descripcion ", suppliers, blands, "2024-09-24 00:00:00", "2024-09-25 00:00:00", "2024-09-26 00:00:00", "2024-09-27 00:00:00", "2024-09-28 00:00:00", "2024-09-29 00:00:00", "2024-09-30 00:00:00", "2024-10-01 00:00:00", "2024-10-02 00:00:00", "2024-10-03 00:00:00", "2024-10-04 00:00:00", "2024-10-05 00:00:00", "2024-10-06 00:00:00", "2024-10-07 00:00:00", "2024-10-08 00:00:00", "2024-10-09 00:00:00", "2024-10-10 00:00:00", "2024-10-11 00:00:00", "2024-10-12 00:00:00", "2024-10-13 00:00:00", "2024-10-14 00:00:00", "2024-10-15 00:00:00", "2024-10-16 00:00:00", "2024-10-17 00:00:00", "2024-10-18 00:00:00", "2024-10-19 00:00:00", "2024-10-20 00:00:00", "2024-10-21 00:00:00", "2024-10-22 00:00:00", "2024-10-23 00:00:00", "2024-10-24 00:00:00", "2024-10-25 00:00:00", "2024-10-26 00:00:00", "2024-10-27 00:00:00", "2024-10-28 00:00:00", "2024-10-29 00:00:00", "2024-10-30 00:00:00", "2024-10-31 00:00:00", "2024-11-01 00:00:00") VALUES (%(id_product)s, %(model)s, %(descripcion_)s, %(suppliers)s, %(blands)s, %(2024-09-24_00C00C00)s, %(2024-09-25_00C00C00)s, %(2024-09-26_00C00C00)s, %(2024-09-27_00C00C00)s, %(2024-09-28_00C00C00)s, %(2024-09-29_00C00C00)s, %(2024-09-30_00C00C00)s, %(2024-10-01_00C00C00)s, %(2024-10-02_00C00C00)s, %(2024-10-03_00C00C00)s, %(2024-10-04_00C00C00)s, %(2024-10-05_00C00C00)s, %(2024-10-06_00C00C00)s, %(2024-10-07_00C00C00)s, %(2024-10-08_00C00C00)s, %(2024-10-09_00C00C00)s, %(2024-10-10_00C00C00)s, %(2024-10-11_00C00C00)s, %(2024-10-12_00C00C00)s, %(2024-10-13_00C00C00)s, %(2024-10-14_00C00C00)s, %(2024-10-15_00C00C00)s, %(2024-10-16_00C00C00)s, %(2024-10-17_00C00C00)s, %(2024-10-18_00C00C00)s, %(2024-10-19_00C00C00)s, %(2024-10-20_00C00C00)s, %(2024-10-21_00C00C00)s, %(2024-10-22_00C00C00)s, %(2024-10-23_00C00C00)s, %(2024-10-24_00C00C00)s, %(2024-10-25_00C00C00)s, %(2024-10-26_00C00C00)s, %(2024-10-27_00C00C00)s, %(2024-10-28_00C00C00)s, %(2024-10-29_00C00C00)s, %(2024-10-30_00C00C00)s, %(2024-10-31_00C00C00)s, %(2024-11-01_00C00C00)s)]
[parameters: ({'id_product': 'ID-00000001', 'model': 'BSX17', 'descripcion_': 'JUEGO DE TUBOS BAHCO 17P CON CRIQUE', 'suppliers': 'ITURRIA S.A', 'blands': 'BAHCO', '2024-09-24_00C00C00': 1.0, '2024-09-25_00C00C00': 2560.95, '2024-09-26_00C00C00': 2557.6, '2024-09-27_00C00C00': 2552.93, '2024-09-28_00C00C00': 2552.93, '2024-09-29_00C00C00': 2553.33, '2024-09-30_00C00C00': 2561.66, '2024-10-01_00C00C00': 2563.84, '2024-10-02_00C00C00': 1282.78, '2024-10-03_00C00C00': 1284.76, '2024-10-04_00C00C00': 1290.05, '2024-10-05_00C00C00': 1290.05, '2024-10-06_00C00C00': 1291.36, '2024-10-07_00C00C00': 1288.85, '2024-10-08_00C00C00': 1288.08, '2024-10-09_00C00C00': 1288.73, '2024-10-10_00C00C00': None, '2024-10-11_00C00C00': 1295.98, '2024-10-12_00C00C00': None, '2024-10-13_00C00C00': None, '2024-10-14_00C00C00': None, '2024-10-15_00C00C00': None, '2024-10-16_00C00C00': None, '2024-10-17_00C00C00': None, '2024-10-18_00C00C00': None, '2024-10-19_00C00C00': 1305.92, '2024-10-20_00C00C00': 1305.92, '2024-10-21_00C00C00': None, '2024-10-22_00C00C00': None, '2024-10-23_00C00C00': None, '2024-10-24_00C00C00': None, '2024-10-25_00C00C00': None, '2024-10-26_00C00C00': None, '2024-10-27_00C00C00': 7835.5, '2024-10-28_00C00C00': 9141.41, '2024-10-29_00C00C00': 9141.58, '2024-10-30_00C00C00': None, '2024-10-31_00C00C00': None, '2024-11-01_00C00C00': None}, {'id_product': 'ID-00000002', 'model': 'TM12', 'descripcion_': 'TUBO ESTRIADO LARGO DE 1/2" 12MM', 'suppliers': 'ITURRIA S.A', 'blands': 'BAHCO', '2024-09-24_00C00C00': 2.0, '2024-09-25_00C00C00': 6981.58, '2024-09-26_00C00C00': 6972.44, '2024-09-27_00C00C00': 6959.71, '2024-09-28_00C00C00': 6263.74, '2024-09-29_00C00C00': 6264.72, '2024-09-30_00C00C00': 6285.16, '2024-10-01_00C00C00': 6290.51, '2024-10-02_00C00C00': 7693.58, '2024-10-03_00C00C00': 7705.4, '2024-10-04_00C00C00': 7737.17, '2024-10-05_00C00C00': 1406.76, '2024-10-06_00C00C00': 1408.19, '2024-10-07_00C00C00': 1405.44, '2024-10-08_00C00C00': 1404.61, '2024-10-09_00C00C00': 1405.31, '2024-10-10_00C00C00': None, '2024-10-11_00C00C00': 1413.22, '2024-10-12_00C00C00': None, '2024-10-13_00C00C00': None, '2024-10-14_00C00C00': None, '2024-10-15_00C00C00': None, '2024-10-16_00C00C00': None, '2024-10-17_00C00C00': None, '2024-10-18_00C00C00': None, '2024-10-19_00C00C00': 2136.08, '2024-10-20_00C00C00': 712.03, '2024-10-21_00C00C00': None, '2024-10-22_00C00C00': None, '2024-10-23_00C00C00': None, '2024-10-24_00C00C00': None, '2024-10-25_00C00C00': None, '2024-10-26_00C00C00': None, '2024-10-27_00C00C00': 13528.53, '2024-10-28_00C00C00': 14952.59, '2024-10-29_00C00C00': 14952.86, '2024-10-30_00C00C00': None, '2024-10-31_00C00C00': None, '2024-11-01_00C00C00': None}, {'id_product': 'ID-00000003', 'model': 'TM13', 'descripcion_': 'TUBO ESTRIADO LARGO DE 1/2" 13MM', 'suppliers': 'ITURRIA S.A', 'blands': 'BAHCO', '2024-09-24_00C00C00': 0.0, '2024-09-25_00C00C00': 2094.47, '2024-09-26_00C00C00': 2091.73, '2024-09-27_00C00C00': 2087.91, '2024-09-28_00C00C00': 2087.91, '2024-09-29_00C00C00': 2088.24, '2024-09-30_00C00C00': 2095.05, '2024-10-01_00C00C00': 2096.84, '2024-10-02_00C00C00': 2098.25, '2024-10-03_00C00C00': 2101.47, '2024-10-04_00C00C00': 0.0, '2024-10-05_00C00C00': 0.0, '2024-10-06_00C00C00': 0.0, '2024-10-07_00C00C00': 0.0, '2024-10-08_00C00C00': 0.0, '2024-10-09_00C00C00': 0.0, '2024-10-10_00C00C00': None, '2024-10-11_00C00C00': 0.0, '2024-10-12_00C00C00': None, '2024-10-13_00C00C00': None, '2024-10-14_00C00C00': None, '2024-10-15_00C00C00': None, '2024-10-16_00C00C00': None, '2024-10-17_00C00C00': None, '2024-10-18_00C00C00': None, '2024-10-19_00C00C00': 0.0, '2024-10-20_00C00C00': 0.0, '2024-10-21_00C00C00': None, '2024-10-22_00C00C00': None, '2024-10-23_00C00C00': None, '2024-10-24_00C00C00': None, '2024-10-25_00C00C00': None, '2024-10-26_00C00C00': None, '2024-10-27_00C00C00': 6408.25, '2024-10-28_00C00C00': 6408.25, '2024-10-29_00C00C00': 6408.37, '2024-10-30_00C00C00': None, '2024-10-31_00C00C00': None, '2024-11-01_00C00C00': None}, {'id_product': 'ID-00000004', 'model': 'TM14', 'descripcion_': 'TUBO ESTRIADO LARGO DE 1/2" 14 MM', 'suppliers': 'ITURRIA S.A', 'blands': 'BAHCO', '2024-09-24_00C00C00': 0.0, '2024-09-25_00C00C00': 3490.79, '2024-09-26_00C00C00': 3486.22, '2024-09-27_00C00C00': 1391.94, '2024-09-28_00C00C00': 1391.94, '2024-09-29_00C00C00': 1392.16, '2024-09-30_00C00C00': 1396.7, '2024-10-01_00C00C00': 1397.89, '2024-10-02_00C00C00': 1398.83, '2024-10-03_00C00C00': 1400.98, '2024-10-04_00C00C00': 1406.76, '2024-10-05_00C00C00': 0.0, '2024-10-06_00C00C00': 0.0, '2024-10-07_00C00C00': 0.0, '2024-10-08_00C00C00': 0.0, '2024-10-09_00C00C00': 0.0, '2024-10-10_00C00C00': None, '2024-10-11_00C00C00': 0.0, '2024-10-12_00C00C00': None, '2024-10-13_00C00C00': None, '2024-10-14_00C00C00': None, '2024-10-15_00C00C00': None, '2024-10-16_00C00C00': None, '2024-10-17_00C00C00': None, '2024-10-18_00C00C00': None, '2024-10-19_00C00C00': 0.0, '2024-10-20_00C00C00': 0.0, '2024-10-21_00C00C00': None, '2024-10-22_00C00C00': None, '2024-10-23_00C00C00': None, '2024-10-24_00C00C00': None, '2024-10-25_00C00C00': None, '2024-10-26_00C00C00': None, '2024-10-27_00C00C00': 1424.06, '2024-10-28_00C00C00': 0.0, '2024-10-29_00C00C00': 0.0, '2024-10-30_00C00C00': None, '2024-10-31_00C00C00': None, '2024-11-01_00C00C00': None}, {'id_product': 'ID-00000005', 'model': 'TM15', 'descripcion_': 'TUBO ESTRIADO LARGO DE 1/2" 15 MM', 'suppliers': 'ITURRIA S.A', 'blands': 'BAHCO', '2024-09-24_00C00C00': 1.0, '2024-09-25_00C00C00': 3137.55, '2024-09-26_00C00C00': 3133.44, '2024-09-27_00C00C00': 2085.15, '2024-09-28_00C00C00': 2085.15, '2024-09-29_00C00C00': 2085.47, '2024-09-30_00C00C00': 1743.56, '2024-10-01_00C00C00': 1745.05, '2024-10-02_00C00C00': 2095.47, '2024-10-03_00C00C00': 2098.69, '2024-10-04_00C00C00': 1404.89, '2024-10-05_00C00C00': 351.22, '2024-10-06_00C00C00': 351.58, '2024-10-07_00C00C00': 350.89, '2024-10-08_00C00C00': 350.69, '2024-10-09_00C00C00': 350.86, '2024-10-10_00C00C00': None, '2024-10-11_00C00C00': 352.84, '2024-10-12_00C00C00': None, '2024-10-13_00C00C00': None, '2024-10-14_00C00C00': None, '2024-10-15_00C00C00': None, '2024-10-16_00C00C00': None, '2024-10-17_00C00C00': None, '2024-10-18_00C00C00': None, '2024-10-19_00C00C00': 711.08, '2024-10-20_00C00C00': 355.54, '2024-10-21_00C00C00': None, '2024-10-22_00C00C00': None, '2024-10-23_00C00C00': None, '2024-10-24_00C00C00': None, '2024-10-25_00C00C00': None, '2024-10-26_00C00C00': None, '2024-10-27_00C00C00': 1422.17, '2024-10-28_00C00C00': 1066.63, '2024-10-29_00C00C00': 1066.65, '2024-10-30_00C00C00': None, '2024-10-31_00C00C00': None, '2024-11-01_00C00C00': None}, {'id_product': 'ID-00000006', 'model': 'TM16', 'descripcion_': 'TUBO ESTRIADO LARGO DE 1/2" 16 MM', 'suppliers': 'ITURRIA S.A', 'blands': 'BAHCO', '2024-09-24_00C00C00': 1.0, '2024-09-25_00C00C00': 1789.91, '2024-09-26_00C00C00': 1787.56, '2024-09-27_00C00C00': 1784.3, '2024-09-28_00C00C00': 892.15, '2024-09-29_00C00C00': 892.29, '2024-09-30_00C00C00': 895.2, '2024-10-01_00C00C00': -1791.93, '2024-10-02_00C00C00': -896.57, '2024-10-03_00C00C00': -897.94, '2024-10-04_00C00C00': -901.65, '2024-10-05_00C00C00': 901.65, '2024-10-06_00C00C00': 902.56, '2024-10-07_00C00C00': 900.8, '2024-10-08_00C00C00': 900.27, '2024-10-09_00C00C00': 900.72, '2024-10-10_00C00C00': None, '2024-10-11_00C00C00': 905.79, '2024-10-12_00C00C00': None, '2024-10-13_00C00C00': None, '2024-10-14_00C00C00': None, '2024-10-15_00C00C00': None, '2024-10-16_00C00C00': None, '2024-10-17_00C00C00': None, '2024-10-18_00C00C00': None, '2024-10-19_00C00C00': 912.73, '2024-10-20_00C00C00': 912.73, '2024-10-21_00C00C00': None, '2024-10-22_00C00C00': None, '2024-10-23_00C00C00': None, '2024-10-24_00C00C00': None, '2024-10-25_00C00C00': None, '2024-10-26_00C00C00': None, '2024-10-27_00C00C00': 14603.74, '2024-10-28_00C00C00': 15516.47, '2024-10-29_00C00C00': 15516.75, '2024-10-30_00C00C00': None, '2024-10-31_00C00C00': None, '2024-11-01_00C00C00': None}, {'id_product': 'ID-00000007', 'model': 'TM17', 'descripcion_': 'TUBO ESTRIADO LARGO DE 1/2" 17 MM', 'suppliers': 'ITURRIA S.A', 'blands': 'BAHCO', '2024-09-24_00C00C00': 0.0, '2024-09-25_00C00C00': 3579.81, '2024-09-26_00C00C00': 3575.13, '2024-09-27_00C00C00': 3568.6, '2024-09-28_00C00C00': 3568.6, '2024-09-29_00C00C00': 3569.16, '2024-09-30_00C00C00': 3580.8, '2024-10-01_00C00C00': 1791.93, '2024-10-02_00C00C00': -896.57, '2024-10-03_00C00C00': -897.94, '2024-10-04_00C00C00': -901.65, '2024-10-05_00C00C00': 0.0, '2024-10-06_00C00C00': 0.0, '2024-10-07_00C00C00': 0.0, '2024-10-08_00C00C00': 0.0, '2024-10-09_00C00C00': 0.0, '2024-10-10_00C00C00': None, '2024-10-11_00C00C00': 0.0, '2024-10-12_00C00C00': None, '2024-10-13_00C00C00': None, '2024-10-14_00C00C00': None, '2024-10-15_00C00C00': None, '2024-10-16_00C00C00': None, '2024-10-17_00C00C00': None, '2024-10-18_00C00C00': None, '2024-10-19_00C00C00': 0.0, '2024-10-20_00C00C00': 0.0, '2024-10-21_00C00C00': None, '2024-10-22_00C00C00': None, '2024-10-23_00C00C00': None, '2024-10-24_00C00C00': None, '2024-10-25_00C00C00': None, '2024-10-26_00C00C00': None, '2024-10-27_00C00C00': 2738.2, '2024-10-28_00C00C00': 2738.2, '2024-10-29_00C00C00': 2738.25, '2024-10-30_00C00C00': None, '2024-10-31_00C00C00': None, '2024-11-01_00C00C00': None}, {'id_product': 'ID-00000008', 'model': 'TM18', 'descripcion_': 'TUBO ESTRIADO LARGO DE 1/2" 18 MM', 'suppliers': 'ITURRIA S.A', 'blands': 'BAHCO', '2024-09-24_00C00C00': 2.0, '2024-09-25_00C00C00': 7795.85, '2024-09-26_00C00C00': 7785.65, '2024-09-27_00C00C00': 7771.43, '2024-09-28_00C00C00': 7771.43, '2024-09-29_00C00C00': 7772.65, '2024-09-30_00C00C00': 7798.01, '2024-10-01_00C00C00': 7804.64, '2024-10-02_00C00C00': 9762.38, '2024-10-03_00C00C00': 9777.38, '2024-10-04_00C00C00': 8835.92, '2024-10-05_00C00C00': 1963.54, '2024-10-06_00C00C00': 1965.53, '2024-10-07_00C00C00': 1961.7, '2024-10-08_00C00C00': 1960.54, '2024-10-09_00C00C00': 1961.52, '2024-10-10_00C00C00': None, '2024-10-11_00C00C00': 1972.56, '2024-10-12_00C00C00': None, '2024-10-13_00C00C00': None, '2024-10-14_00C00C00': None, '2024-10-15_00C00C00': None, '2024-10-16_00C00C00': None, '2024-10-17_00C00C00': None, '2024-10-18_00C00C00': None, '2024-10-19_00C00C00': 3975.37, '2024-10-20_00C00C00': 1987.68, '2024-10-21_00C00C00': None, '2024-10-22_00C00C00': None, '2024-10-23_00C00C00': None, '2024-10-24_00C00C00': None, '2024-10-25_00C00C00': None, '2024-10-26_00C00C00': None, '2024-10-27_00C00C00': 12919.94, '2024-10-28_00C00C00': 14907.62, '2024-10-29_00C00C00': 14907.9, '2024-10-30_00C00C00': None, '2024-10-31_00C00C00': None, '2024-11-01_00C00C00': None}  ... displaying 10 of 440 total bound parameter sets ...  {'id_product': 'nan', 'model': 'nan', 'descripcion_': 'nan', 'suppliers': 'nan', 'blands': 'nan', '2024-09-24_00C00C00': None, '2024-09-25_00C00C00': None, '2024-09-26_00C00C00': None, '2024-09-27_00C00C00': None, '2024-09-28_00C00C00': None, '2024-09-29_00C00C00': None, '2024-09-30_00C00C00': None, '2024-10-01_00C00C00': None, '2024-10-02_00C00C00': None, '2024-10-03_00C00C00': None, '2024-10-04_00C00C00': None, '2024-10-05_00C00C00': None, '2024-10-06_00C00C00': None, '2024-10-07_00C00C00': None, '2024-10-08_00C00C00': None, '2024-10-09_00C00C00': None, '2024-10-10_00C00C00': None, '2024-10-11_00C00C00': None, '2024-10-12_00C00C00': None, '2024-10-13_00C00C00': None, '2024-10-14_00C00C00': None, '2024-10-15_00C00C00': None, '2024-10-16_00C00C00': None, '2024-10-17_00C00C00': None, '2024-10-18_00C00C00': None, '2024-10-19_00C00C00': None, '2024-10-20_00C00C00': None, '2024-10-21_00C00C00': None, '2024-10-22_00C00C00': None, '2024-10-23_00C00C00': None, '2024-10-24_00C00C00': None, '2024-10-25_00C00C00': None, '2024-10-26_00C00C00': None, '2024-10-27_00C00C00': None, '2024-10-28_00C00C00': None, '2024-10-29_00C00C00': None, '2024-10-30_00C00C00': None, '2024-10-31_00C00C00': None, '2024-11-01_00C00C00': None}, {'id_product': 'TOTAL', 'model': 'nan', 'descripcion_': 'nan', 'suppliers': 'nan', 'blands': 'nan', '2024-09-24_00C00C00': 49044.38, '2024-09-25_00C00C00': 52561.76, '2024-09-26_00C00C00': 49059.38, '2024-09-27_00C00C00': 129117240553.05, '2024-09-28_00C00C00': 129033715943.07, '2024-09-29_00C00C00': 49002.38, '2024-09-30_00C00C00': 128657205258.53, '2024-10-01_00C00C00': 124655458109.2399, '2024-10-02_00C00C00': 385825241868.1902, '2024-10-03_00C00C00': 129918173710.5801, '2024-10-04_00C00C00': 130471706737.84, '2024-10-05_00C00C00': 130481642850.12, '2024-10-06_00C00C00': 129305993998.38, '2024-10-07_00C00C00': 129357050108.81, '2024-10-08_00C00C00': 130293130093.41, '2024-10-09_00C00C00': 130356489427.33, '2024-10-10_00C00C00': None, '2024-10-11_00C00C00': None, '2024-10-12_00C00C00': None, '2024-10-13_00C00C00': None, '2024-10-14_00C00C00': None, '2024-10-15_00C00C00': None, '2024-10-16_00C00C00': None, '2024-10-17_00C00C00': None, '2024-10-18_00C00C00': None, '2024-10-19_00C00C00': None, '2024-10-20_00C00C00': None, '2024-10-21_00C00C00': None, '2024-10-22_00C00C00': None, '2024-10-23_00C00C00': None, '2024-10-24_00C00C00': None, '2024-10-25_00C00C00': None, '2024-10-26_00C00C00': None, '2024-10-27_00C00C00': None, '2024-10-28_00C00C00': None, '2024-10-29_00C00C00': None, '2024-10-30_00C00C00': None, '2024-10-31_00C00C00': None, '2024-11-01_00C00C00': None})]
(Background on this error at: https://sqlalche.me/e/14/f405)

During handling of the above exception, another exception occurred:

Traceback (most recent call last):
  File "/home/airflow/.local/lib/python3.12/site-packages/airflow/models/taskinstance.py", line 767, in _execute_task
    result = _execute_callable(context=context, **execute_callable_kwargs)
             ^^^^^^^^^^^^^^^^^^^^^^^^^^^^^^^^^^^^^^^^^^^^^^^^^^^^^^^^^^^^^
  File "/home/airflow/.local/lib/python3.12/site-packages/airflow/models/taskinstance.py", line 733, in _execute_callable
    return ExecutionCallableRunner(
           ^^^^^^^^^^^^^^^^^^^^^^^^
  File "/home/airflow/.local/lib/python3.12/site-packages/airflow/utils/operator_helpers.py", line 252, in run
    return self.func(*args, **kwargs)
           ^^^^^^^^^^^^^^^^^^^^^^^^^^
  File "/home/airflow/.local/lib/python3.12/site-packages/airflow/models/baseoperator.py", line 406, in wrapper
    return func(self, *args, **kwargs)
           ^^^^^^^^^^^^^^^^^^^^^^^^^^^
  File "/home/airflow/.local/lib/python3.12/site-packages/airflow/operators/python.py", line 238, in execute
    return_value = self.execute_callable()
                   ^^^^^^^^^^^^^^^^^^^^^^^
  File "/home/airflow/.local/lib/python3.12/site-packages/airflow/operators/python.py", line 256, in execute_callable
    return runner.run(*self.op_args, **self.op_kwargs)
           ^^^^^^^^^^^^^^^^^^^^^^^^^^^^^^^^^^^^^^^^^^^
  File "/home/airflow/.local/lib/python3.12/site-packages/airflow/utils/operator_helpers.py", line 252, in run
    return self.func(*args, **kwargs)
           ^^^^^^^^^^^^^^^^^^^^^^^^^^
  File "/opt/airflow/functions_etl/load_data.py", line 136, in load_data_to_Redshift
    raise RuntimeError(f"Error loading data into Redshift table '{redshift_table}': {e}")
RuntimeError: Error loading data into Redshift table 'stock_monetized': (psycopg2.errors.UndefinedColumn) column "2024-10-11 00:00:00" of relation "stock_monetized" does not exist

[SQL: INSERT INTO "2024_simon_tiberio_schema".stock_monetized (id_product, model, "descripcion ", suppliers, blands, "2024-09-24 00:00:00", "2024-09-25 00:00:00", "2024-09-26 00:00:00", "2024-09-27 00:00:00", "2024-09-28 00:00:00", "2024-09-29 00:00:00", "2024-09-30 00:00:00", "2024-10-01 00:00:00", "2024-10-02 00:00:00", "2024-10-03 00:00:00", "2024-10-04 00:00:00", "2024-10-05 00:00:00", "2024-10-06 00:00:00", "2024-10-07 00:00:00", "2024-10-08 00:00:00", "2024-10-09 00:00:00", "2024-10-10 00:00:00", "2024-10-11 00:00:00", "2024-10-12 00:00:00", "2024-10-13 00:00:00", "2024-10-14 00:00:00", "2024-10-15 00:00:00", "2024-10-16 00:00:00", "2024-10-17 00:00:00", "2024-10-18 00:00:00", "2024-10-19 00:00:00", "2024-10-20 00:00:00", "2024-10-21 00:00:00", "2024-10-22 00:00:00", "2024-10-23 00:00:00", "2024-10-24 00:00:00", "2024-10-25 00:00:00", "2024-10-26 00:00:00", "2024-10-27 00:00:00", "2024-10-28 00:00:00", "2024-10-29 00:00:00", "2024-10-30 00:00:00", "2024-10-31 00:00:00", "2024-11-01 00:00:00") VALUES (%(id_product)s, %(model)s, %(descripcion_)s, %(suppliers)s, %(blands)s, %(2024-09-24_00C00C00)s, %(2024-09-25_00C00C00)s, %(2024-09-26_00C00C00)s, %(2024-09-27_00C00C00)s, %(2024-09-28_00C00C00)s, %(2024-09-29_00C00C00)s, %(2024-09-30_00C00C00)s, %(2024-10-01_00C00C00)s, %(2024-10-02_00C00C00)s, %(2024-10-03_00C00C00)s, %(2024-10-04_00C00C00)s, %(2024-10-05_00C00C00)s, %(2024-10-06_00C00C00)s, %(2024-10-07_00C00C00)s, %(2024-10-08_00C00C00)s, %(2024-10-09_00C00C00)s, %(2024-10-10_00C00C00)s, %(2024-10-11_00C00C00)s, %(2024-10-12_00C00C00)s, %(2024-10-13_00C00C00)s, %(2024-10-14_00C00C00)s, %(2024-10-15_00C00C00)s, %(2024-10-16_00C00C00)s, %(2024-10-17_00C00C00)s, %(2024-10-18_00C00C00)s, %(2024-10-19_00C00C00)s, %(2024-10-20_00C00C00)s, %(2024-10-21_00C00C00)s, %(2024-10-22_00C00C00)s, %(2024-10-23_00C00C00)s, %(2024-10-24_00C00C00)s, %(2024-10-25_00C00C00)s, %(2024-10-26_00C00C00)s, %(2024-10-27_00C00C00)s, %(2024-10-28_00C00C00)s, %(2024-10-29_00C00C00)s, %(2024-10-30_00C00C00)s, %(2024-10-31_00C00C00)s, %(2024-11-01_00C00C00)s)]
[parameters: ({'id_product': 'ID-00000001', 'model': 'BSX17', 'descripcion_': 'JUEGO DE TUBOS BAHCO 17P CON CRIQUE', 'suppliers': 'ITURRIA S.A', 'blands': 'BAHCO', '2024-09-24_00C00C00': 1.0, '2024-09-25_00C00C00': 2560.95, '2024-09-26_00C00C00': 2557.6, '2024-09-27_00C00C00': 2552.93, '2024-09-28_00C00C00': 2552.93, '2024-09-29_00C00C00': 2553.33, '2024-09-30_00C00C00': 2561.66, '2024-10-01_00C00C00': 2563.84, '2024-10-02_00C00C00': 1282.78, '2024-10-03_00C00C00': 1284.76, '2024-10-04_00C00C00': 1290.05, '2024-10-05_00C00C00': 1290.05, '2024-10-06_00C00C00': 1291.36, '2024-10-07_00C00C00': 1288.85, '2024-10-08_00C00C00': 1288.08, '2024-10-09_00C00C00': 1288.73, '2024-10-10_00C00C00': None, '2024-10-11_00C00C00': 1295.98, '2024-10-12_00C00C00': None, '2024-10-13_00C00C00': None, '2024-10-14_00C00C00': None, '2024-10-15_00C00C00': None, '2024-10-16_00C00C00': None, '2024-10-17_00C00C00': None, '2024-10-18_00C00C00': None, '2024-10-19_00C00C00': 1305.92, '2024-10-20_00C00C00': 1305.92, '2024-10-21_00C00C00': None, '2024-10-22_00C00C00': None, '2024-10-23_00C00C00': None, '2024-10-24_00C00C00': None, '2024-10-25_00C00C00': None, '2024-10-26_00C00C00': None, '2024-10-27_00C00C00': 7835.5, '2024-10-28_00C00C00': 9141.41, '2024-10-29_00C00C00': 9141.58, '2024-10-30_00C00C00': None, '2024-10-31_00C00C00': None, '2024-11-01_00C00C00': None}, {'id_product': 'ID-00000002', 'model': 'TM12', 'descripcion_': 'TUBO ESTRIADO LARGO DE 1/2" 12MM', 'suppliers': 'ITURRIA S.A', 'blands': 'BAHCO', '2024-09-24_00C00C00': 2.0, '2024-09-25_00C00C00': 6981.58, '2024-09-26_00C00C00': 6972.44, '2024-09-27_00C00C00': 6959.71, '2024-09-28_00C00C00': 6263.74, '2024-09-29_00C00C00': 6264.72, '2024-09-30_00C00C00': 6285.16, '2024-10-01_00C00C00': 6290.51, '2024-10-02_00C00C00': 7693.58, '2024-10-03_00C00C00': 7705.4, '2024-10-04_00C00C00': 7737.17, '2024-10-05_00C00C00': 1406.76, '2024-10-06_00C00C00': 1408.19, '2024-10-07_00C00C00': 1405.44, '2024-10-08_00C00C00': 1404.61, '2024-10-09_00C00C00': 1405.31, '2024-10-10_00C00C00': None, '2024-10-11_00C00C00': 1413.22, '2024-10-12_00C00C00': None, '2024-10-13_00C00C00': None, '2024-10-14_00C00C00': None, '2024-10-15_00C00C00': None, '2024-10-16_00C00C00': None, '2024-10-17_00C00C00': None, '2024-10-18_00C00C00': None, '2024-10-19_00C00C00': 2136.08, '2024-10-20_00C00C00': 712.03, '2024-10-21_00C00C00': None, '2024-10-22_00C00C00': None, '2024-10-23_00C00C00': None, '2024-10-24_00C00C00': None, '2024-10-25_00C00C00': None, '2024-10-26_00C00C00': None, '2024-10-27_00C00C00': 13528.53, '2024-10-28_00C00C00': 14952.59, '2024-10-29_00C00C00': 14952.86, '2024-10-30_00C00C00': None, '2024-10-31_00C00C00': None, '2024-11-01_00C00C00': None}, {'id_product': 'ID-00000003', 'model': 'TM13', 'descripcion_': 'TUBO ESTRIADO LARGO DE 1/2" 13MM', 'suppliers': 'ITURRIA S.A', 'blands': 'BAHCO', '2024-09-24_00C00C00': 0.0, '2024-09-25_00C00C00': 2094.47, '2024-09-26_00C00C00': 2091.73, '2024-09-27_00C00C00': 2087.91, '2024-09-28_00C00C00': 2087.91, '2024-09-29_00C00C00': 2088.24, '2024-09-30_00C00C00': 2095.05, '2024-10-01_00C00C00': 2096.84, '2024-10-02_00C00C00': 2098.25, '2024-10-03_00C00C00': 2101.47, '2024-10-04_00C00C00': 0.0, '2024-10-05_00C00C00': 0.0, '2024-10-06_00C00C00': 0.0, '2024-10-07_00C00C00': 0.0, '2024-10-08_00C00C00': 0.0, '2024-10-09_00C00C00': 0.0, '2024-10-10_00C00C00': None, '2024-10-11_00C00C00': 0.0, '2024-10-12_00C00C00': None, '2024-10-13_00C00C00': None, '2024-10-14_00C00C00': None, '2024-10-15_00C00C00': None, '2024-10-16_00C00C00': None, '2024-10-17_00C00C00': None, '2024-10-18_00C00C00': None, '2024-10-19_00C00C00': 0.0, '2024-10-20_00C00C00': 0.0, '2024-10-21_00C00C00': None, '2024-10-22_00C00C00': None, '2024-10-23_00C00C00': None, '2024-10-24_00C00C00': None, '2024-10-25_00C00C00': None, '2024-10-26_00C00C00': None, '2024-10-27_00C00C00': 6408.25, '2024-10-28_00C00C00': 6408.25, '2024-10-29_00C00C00': 6408.37, '2024-10-30_00C00C00': None, '2024-10-31_00C00C00': None, '2024-11-01_00C00C00': None}, {'id_product': 'ID-00000004', 'model': 'TM14', 'descripcion_': 'TUBO ESTRIADO LARGO DE 1/2" 14 MM', 'suppliers': 'ITURRIA S.A', 'blands': 'BAHCO', '2024-09-24_00C00C00': 0.0, '2024-09-25_00C00C00': 3490.79, '2024-09-26_00C00C00': 3486.22, '2024-09-27_00C00C00': 1391.94, '2024-09-28_00C00C00': 1391.94, '2024-09-29_00C00C00': 1392.16, '2024-09-30_00C00C00': 1396.7, '2024-10-01_00C00C00': 1397.89, '2024-10-02_00C00C00': 1398.83, '2024-10-03_00C00C00': 1400.98, '2024-10-04_00C00C00': 1406.76, '2024-10-05_00C00C00': 0.0, '2024-10-06_00C00C00': 0.0, '2024-10-07_00C00C00': 0.0, '2024-10-08_00C00C00': 0.0, '2024-10-09_00C00C00': 0.0, '2024-10-10_00C00C00': None, '2024-10-11_00C00C00': 0.0, '2024-10-12_00C00C00': None, '2024-10-13_00C00C00': None, '2024-10-14_00C00C00': None, '2024-10-15_00C00C00': None, '2024-10-16_00C00C00': None, '2024-10-17_00C00C00': None, '2024-10-18_00C00C00': None, '2024-10-19_00C00C00': 0.0, '2024-10-20_00C00C00': 0.0, '2024-10-21_00C00C00': None, '2024-10-22_00C00C00': None, '2024-10-23_00C00C00': None, '2024-10-24_00C00C00': None, '2024-10-25_00C00C00': None, '2024-10-26_00C00C00': None, '2024-10-27_00C00C00': 1424.06, '2024-10-28_00C00C00': 0.0, '2024-10-29_00C00C00': 0.0, '2024-10-30_00C00C00': None, '2024-10-31_00C00C00': None, '2024-11-01_00C00C00': None}, {'id_product': 'ID-00000005', 'model': 'TM15', 'descripcion_': 'TUBO ESTRIADO LARGO DE 1/2" 15 MM', 'suppliers': 'ITURRIA S.A', 'blands': 'BAHCO', '2024-09-24_00C00C00': 1.0, '2024-09-25_00C00C00': 3137.55, '2024-09-26_00C00C00': 3133.44, '2024-09-27_00C00C00': 2085.15, '2024-09-28_00C00C00': 2085.15, '2024-09-29_00C00C00': 2085.47, '2024-09-30_00C00C00': 1743.56, '2024-10-01_00C00C00': 1745.05, '2024-10-02_00C00C00': 2095.47, '2024-10-03_00C00C00': 2098.69, '2024-10-04_00C00C00': 1404.89, '2024-10-05_00C00C00': 351.22, '2024-10-06_00C00C00': 351.58, '2024-10-07_00C00C00': 350.89, '2024-10-08_00C00C00': 350.69, '2024-10-09_00C00C00': 350.86, '2024-10-10_00C00C00': None, '2024-10-11_00C00C00': 352.84, '2024-10-12_00C00C00': None, '2024-10-13_00C00C00': None, '2024-10-14_00C00C00': None, '2024-10-15_00C00C00': None, '2024-10-16_00C00C00': None, '2024-10-17_00C00C00': None, '2024-10-18_00C00C00': None, '2024-10-19_00C00C00': 711.08, '2024-10-20_00C00C00': 355.54, '2024-10-21_00C00C00': None, '2024-10-22_00C00C00': None, '2024-10-23_00C00C00': None, '2024-10-24_00C00C00': None, '2024-10-25_00C00C00': None, '2024-10-26_00C00C00': None, '2024-10-27_00C00C00': 1422.17, '2024-10-28_00C00C00': 1066.63, '2024-10-29_00C00C00': 1066.65, '2024-10-30_00C00C00': None, '2024-10-31_00C00C00': None, '2024-11-01_00C00C00': None}, {'id_product': 'ID-00000006', 'model': 'TM16', 'descripcion_': 'TUBO ESTRIADO LARGO DE 1/2" 16 MM', 'suppliers': 'ITURRIA S.A', 'blands': 'BAHCO', '2024-09-24_00C00C00': 1.0, '2024-09-25_00C00C00': 1789.91, '2024-09-26_00C00C00': 1787.56, '2024-09-27_00C00C00': 1784.3, '2024-09-28_00C00C00': 892.15, '2024-09-29_00C00C00': 892.29, '2024-09-30_00C00C00': 895.2, '2024-10-01_00C00C00': -1791.93, '2024-10-02_00C00C00': -896.57, '2024-10-03_00C00C00': -897.94, '2024-10-04_00C00C00': -901.65, '2024-10-05_00C00C00': 901.65, '2024-10-06_00C00C00': 902.56, '2024-10-07_00C00C00': 900.8, '2024-10-08_00C00C00': 900.27, '2024-10-09_00C00C00': 900.72, '2024-10-10_00C00C00': None, '2024-10-11_00C00C00': 905.79, '2024-10-12_00C00C00': None, '2024-10-13_00C00C00': None, '2024-10-14_00C00C00': None, '2024-10-15_00C00C00': None, '2024-10-16_00C00C00': None, '2024-10-17_00C00C00': None, '2024-10-18_00C00C00': None, '2024-10-19_00C00C00': 912.73, '2024-10-20_00C00C00': 912.73, '2024-10-21_00C00C00': None, '2024-10-22_00C00C00': None, '2024-10-23_00C00C00': None, '2024-10-24_00C00C00': None, '2024-10-25_00C00C00': None, '2024-10-26_00C00C00': None, '2024-10-27_00C00C00': 14603.74, '2024-10-28_00C00C00': 15516.47, '2024-10-29_00C00C00': 15516.75, '2024-10-30_00C00C00': None, '2024-10-31_00C00C00': None, '2024-11-01_00C00C00': None}, {'id_product': 'ID-00000007', 'model': 'TM17', 'descripcion_': 'TUBO ESTRIADO LARGO DE 1/2" 17 MM', 'suppliers': 'ITURRIA S.A', 'blands': 'BAHCO', '2024-09-24_00C00C00': 0.0, '2024-09-25_00C00C00': 3579.81, '2024-09-26_00C00C00': 3575.13, '2024-09-27_00C00C00': 3568.6, '2024-09-28_00C00C00': 3568.6, '2024-09-29_00C00C00': 3569.16, '2024-09-30_00C00C00': 3580.8, '2024-10-01_00C00C00': 1791.93, '2024-10-02_00C00C00': -896.57, '2024-10-03_00C00C00': -897.94, '2024-10-04_00C00C00': -901.65, '2024-10-05_00C00C00': 0.0, '2024-10-06_00C00C00': 0.0, '2024-10-07_00C00C00': 0.0, '2024-10-08_00C00C00': 0.0, '2024-10-09_00C00C00': 0.0, '2024-10-10_00C00C00': None, '2024-10-11_00C00C00': 0.0, '2024-10-12_00C00C00': None, '2024-10-13_00C00C00': None, '2024-10-14_00C00C00': None, '2024-10-15_00C00C00': None, '2024-10-16_00C00C00': None, '2024-10-17_00C00C00': None, '2024-10-18_00C00C00': None, '2024-10-19_00C00C00': 0.0, '2024-10-20_00C00C00': 0.0, '2024-10-21_00C00C00': None, '2024-10-22_00C00C00': None, '2024-10-23_00C00C00': None, '2024-10-24_00C00C00': None, '2024-10-25_00C00C00': None, '2024-10-26_00C00C00': None, '2024-10-27_00C00C00': 2738.2, '2024-10-28_00C00C00': 2738.2, '2024-10-29_00C00C00': 2738.25, '2024-10-30_00C00C00': None, '2024-10-31_00C00C00': None, '2024-11-01_00C00C00': None}, {'id_product': 'ID-00000008', 'model': 'TM18', 'descripcion_': 'TUBO ESTRIADO LARGO DE 1/2" 18 MM', 'suppliers': 'ITURRIA S.A', 'blands': 'BAHCO', '2024-09-24_00C00C00': 2.0, '2024-09-25_00C00C00': 7795.85, '2024-09-26_00C00C00': 7785.65, '2024-09-27_00C00C00': 7771.43, '2024-09-28_00C00C00': 7771.43, '2024-09-29_00C00C00': 7772.65, '2024-09-30_00C00C00': 7798.01, '2024-10-01_00C00C00': 7804.64, '2024-10-02_00C00C00': 9762.38, '2024-10-03_00C00C00': 9777.38, '2024-10-04_00C00C00': 8835.92, '2024-10-05_00C00C00': 1963.54, '2024-10-06_00C00C00': 1965.53, '2024-10-07_00C00C00': 1961.7, '2024-10-08_00C00C00': 1960.54, '2024-10-09_00C00C00': 1961.52, '2024-10-10_00C00C00': None, '2024-10-11_00C00C00': 1972.56, '2024-10-12_00C00C00': None, '2024-10-13_00C00C00': None, '2024-10-14_00C00C00': None, '2024-10-15_00C00C00': None, '2024-10-16_00C00C00': None, '2024-10-17_00C00C00': None, '2024-10-18_00C00C00': None, '2024-10-19_00C00C00': 3975.37, '2024-10-20_00C00C00': 1987.68, '2024-10-21_00C00C00': None, '2024-10-22_00C00C00': None, '2024-10-23_00C00C00': None, '2024-10-24_00C00C00': None, '2024-10-25_00C00C00': None, '2024-10-26_00C00C00': None, '2024-10-27_00C00C00': 12919.94, '2024-10-28_00C00C00': 14907.62, '2024-10-29_00C00C00': 14907.9, '2024-10-30_00C00C00': None, '2024-10-31_00C00C00': None, '2024-11-01_00C00C00': None}  ... displaying 10 of 440 total bound parameter sets ...  {'id_product': 'nan', 'model': 'nan', 'descripcion_': 'nan', 'suppliers': 'nan', 'blands': 'nan', '2024-09-24_00C00C00': None, '2024-09-25_00C00C00': None, '2024-09-26_00C00C00': None, '2024-09-27_00C00C00': None, '2024-09-28_00C00C00': None, '2024-09-29_00C00C00': None, '2024-09-30_00C00C00': None, '2024-10-01_00C00C00': None, '2024-10-02_00C00C00': None, '2024-10-03_00C00C00': None, '2024-10-04_00C00C00': None, '2024-10-05_00C00C00': None, '2024-10-06_00C00C00': None, '2024-10-07_00C00C00': None, '2024-10-08_00C00C00': None, '2024-10-09_00C00C00': None, '2024-10-10_00C00C00': None, '2024-10-11_00C00C00': None, '2024-10-12_00C00C00': None, '2024-10-13_00C00C00': None, '2024-10-14_00C00C00': None, '2024-10-15_00C00C00': None, '2024-10-16_00C00C00': None, '2024-10-17_00C00C00': None, '2024-10-18_00C00C00': None, '2024-10-19_00C00C00': None, '2024-10-20_00C00C00': None, '2024-10-21_00C00C00': None, '2024-10-22_00C00C00': None, '2024-10-23_00C00C00': None, '2024-10-24_00C00C00': None, '2024-10-25_00C00C00': None, '2024-10-26_00C00C00': None, '2024-10-27_00C00C00': None, '2024-10-28_00C00C00': None, '2024-10-29_00C00C00': None, '2024-10-30_00C00C00': None, '2024-10-31_00C00C00': None, '2024-11-01_00C00C00': None}, {'id_product': 'TOTAL', 'model': 'nan', 'descripcion_': 'nan', 'suppliers': 'nan', 'blands': 'nan', '2024-09-24_00C00C00': 49044.38, '2024-09-25_00C00C00': 52561.76, '2024-09-26_00C00C00': 49059.38, '2024-09-27_00C00C00': 129117240553.05, '2024-09-28_00C00C00': 129033715943.07, '2024-09-29_00C00C00': 49002.38, '2024-09-30_00C00C00': 128657205258.53, '2024-10-01_00C00C00': 124655458109.2399, '2024-10-02_00C00C00': 385825241868.1902, '2024-10-03_00C00C00': 129918173710.5801, '2024-10-04_00C00C00': 130471706737.84, '2024-10-05_00C00C00': 130481642850.12, '2024-10-06_00C00C00': 129305993998.38, '2024-10-07_00C00C00': 129357050108.81, '2024-10-08_00C00C00': 130293130093.41, '2024-10-09_00C00C00': 130356489427.33, '2024-10-10_00C00C00': None, '2024-10-11_00C00C00': None, '2024-10-12_00C00C00': None, '2024-10-13_00C00C00': None, '2024-10-14_00C00C00': None, '2024-10-15_00C00C00': None, '2024-10-16_00C00C00': None, '2024-10-17_00C00C00': None, '2024-10-18_00C00C00': None, '2024-10-19_00C00C00': None, '2024-10-20_00C00C00': None, '2024-10-21_00C00C00': None, '2024-10-22_00C00C00': None, '2024-10-23_00C00C00': None, '2024-10-24_00C00C00': None, '2024-10-25_00C00C00': None, '2024-10-26_00C00C00': None, '2024-10-27_00C00C00': None, '2024-10-28_00C00C00': None, '2024-10-29_00C00C00': None, '2024-10-30_00C00C00': None, '2024-10-31_00C00C00': None, '2024-11-01_00C00C00': None})]
(Background on this error at: https://sqlalche.me/e/14/f405)
[2024-10-29T23:34:31.879+0000] {taskinstance.py:1225} INFO - Marking task as FAILED. dag_id=etl_update_stock_ferrimac, task_id=load_data_into_Redshif, run_id=manual__2024-10-29T23:28:58.461264+00:00, execution_date=20241029T232858, start_date=20241029T233424, end_date=20241029T233431
[2024-10-29T23:34:31.902+0000] {taskinstance.py:340} INFO - ::group::Post task execution logs
[2024-10-29T23:34:31.903+0000] {standard_task_runner.py:124} ERROR - Failed to execute job 27 for task load_data_into_Redshif (Error loading data into Redshift table 'stock_monetized': (psycopg2.errors.UndefinedColumn) column "2024-10-11 00:00:00" of relation "stock_monetized" does not exist

[SQL: INSERT INTO "2024_simon_tiberio_schema".stock_monetized (id_product, model, "descripcion ", suppliers, blands, "2024-09-24 00:00:00", "2024-09-25 00:00:00", "2024-09-26 00:00:00", "2024-09-27 00:00:00", "2024-09-28 00:00:00", "2024-09-29 00:00:00", "2024-09-30 00:00:00", "2024-10-01 00:00:00", "2024-10-02 00:00:00", "2024-10-03 00:00:00", "2024-10-04 00:00:00", "2024-10-05 00:00:00", "2024-10-06 00:00:00", "2024-10-07 00:00:00", "2024-10-08 00:00:00", "2024-10-09 00:00:00", "2024-10-10 00:00:00", "2024-10-11 00:00:00", "2024-10-12 00:00:00", "2024-10-13 00:00:00", "2024-10-14 00:00:00", "2024-10-15 00:00:00", "2024-10-16 00:00:00", "2024-10-17 00:00:00", "2024-10-18 00:00:00", "2024-10-19 00:00:00", "2024-10-20 00:00:00", "2024-10-21 00:00:00", "2024-10-22 00:00:00", "2024-10-23 00:00:00", "2024-10-24 00:00:00", "2024-10-25 00:00:00", "2024-10-26 00:00:00", "2024-10-27 00:00:00", "2024-10-28 00:00:00", "2024-10-29 00:00:00", "2024-10-30 00:00:00", "2024-10-31 00:00:00", "2024-11-01 00:00:00") VALUES (%(id_product)s, %(model)s, %(descripcion_)s, %(suppliers)s, %(blands)s, %(2024-09-24_00C00C00)s, %(2024-09-25_00C00C00)s, %(2024-09-26_00C00C00)s, %(2024-09-27_00C00C00)s, %(2024-09-28_00C00C00)s, %(2024-09-29_00C00C00)s, %(2024-09-30_00C00C00)s, %(2024-10-01_00C00C00)s, %(2024-10-02_00C00C00)s, %(2024-10-03_00C00C00)s, %(2024-10-04_00C00C00)s, %(2024-10-05_00C00C00)s, %(2024-10-06_00C00C00)s, %(2024-10-07_00C00C00)s, %(2024-10-08_00C00C00)s, %(2024-10-09_00C00C00)s, %(2024-10-10_00C00C00)s, %(2024-10-11_00C00C00)s, %(2024-10-12_00C00C00)s, %(2024-10-13_00C00C00)s, %(2024-10-14_00C00C00)s, %(2024-10-15_00C00C00)s, %(2024-10-16_00C00C00)s, %(2024-10-17_00C00C00)s, %(2024-10-18_00C00C00)s, %(2024-10-19_00C00C00)s, %(2024-10-20_00C00C00)s, %(2024-10-21_00C00C00)s, %(2024-10-22_00C00C00)s, %(2024-10-23_00C00C00)s, %(2024-10-24_00C00C00)s, %(2024-10-25_00C00C00)s, %(2024-10-26_00C00C00)s, %(2024-10-27_00C00C00)s, %(2024-10-28_00C00C00)s, %(2024-10-29_00C00C00)s, %(2024-10-30_00C00C00)s, %(2024-10-31_00C00C00)s, %(2024-11-01_00C00C00)s)]
[parameters: ({'id_product': 'ID-00000001', 'model': 'BSX17', 'descripcion_': 'JUEGO DE TUBOS BAHCO 17P CON CRIQUE', 'suppliers': 'ITURRIA S.A', 'blands': 'BAHCO', '2024-09-24_00C00C00': 1.0, '2024-09-25_00C00C00': 2560.95, '2024-09-26_00C00C00': 2557.6, '2024-09-27_00C00C00': 2552.93, '2024-09-28_00C00C00': 2552.93, '2024-09-29_00C00C00': 2553.33, '2024-09-30_00C00C00': 2561.66, '2024-10-01_00C00C00': 2563.84, '2024-10-02_00C00C00': 1282.78, '2024-10-03_00C00C00': 1284.76, '2024-10-04_00C00C00': 1290.05, '2024-10-05_00C00C00': 1290.05, '2024-10-06_00C00C00': 1291.36, '2024-10-07_00C00C00': 1288.85, '2024-10-08_00C00C00': 1288.08, '2024-10-09_00C00C00': 1288.73, '2024-10-10_00C00C00': None, '2024-10-11_00C00C00': 1295.98, '2024-10-12_00C00C00': None, '2024-10-13_00C00C00': None, '2024-10-14_00C00C00': None, '2024-10-15_00C00C00': None, '2024-10-16_00C00C00': None, '2024-10-17_00C00C00': None, '2024-10-18_00C00C00': None, '2024-10-19_00C00C00': 1305.92, '2024-10-20_00C00C00': 1305.92, '2024-10-21_00C00C00': None, '2024-10-22_00C00C00': None, '2024-10-23_00C00C00': None, '2024-10-24_00C00C00': None, '2024-10-25_00C00C00': None, '2024-10-26_00C00C00': None, '2024-10-27_00C00C00': 7835.5, '2024-10-28_00C00C00': 9141.41, '2024-10-29_00C00C00': 9141.58, '2024-10-30_00C00C00': None, '2024-10-31_00C00C00': None, '2024-11-01_00C00C00': None}, {'id_product': 'ID-00000002', 'model': 'TM12', 'descripcion_': 'TUBO ESTRIADO LARGO DE 1/2" 12MM', 'suppliers': 'ITURRIA S.A', 'blands': 'BAHCO', '2024-09-24_00C00C00': 2.0, '2024-09-25_00C00C00': 6981.58, '2024-09-26_00C00C00': 6972.44, '2024-09-27_00C00C00': 6959.71, '2024-09-28_00C00C00': 6263.74, '2024-09-29_00C00C00': 6264.72, '2024-09-30_00C00C00': 6285.16, '2024-10-01_00C00C00': 6290.51, '2024-10-02_00C00C00': 7693.58, '2024-10-03_00C00C00': 7705.4, '2024-10-04_00C00C00': 7737.17, '2024-10-05_00C00C00': 1406.76, '2024-10-06_00C00C00': 1408.19, '2024-10-07_00C00C00': 1405.44, '2024-10-08_00C00C00': 1404.61, '2024-10-09_00C00C00': 1405.31, '2024-10-10_00C00C00': None, '2024-10-11_00C00C00': 1413.22, '2024-10-12_00C00C00': None, '2024-10-13_00C00C00': None, '2024-10-14_00C00C00': None, '2024-10-15_00C00C00': None, '2024-10-16_00C00C00': None, '2024-10-17_00C00C00': None, '2024-10-18_00C00C00': None, '2024-10-19_00C00C00': 2136.08, '2024-10-20_00C00C00': 712.03, '2024-10-21_00C00C00': None, '2024-10-22_00C00C00': None, '2024-10-23_00C00C00': None, '2024-10-24_00C00C00': None, '2024-10-25_00C00C00': None, '2024-10-26_00C00C00': None, '2024-10-27_00C00C00': 13528.53, '2024-10-28_00C00C00': 14952.59, '2024-10-29_00C00C00': 14952.86, '2024-10-30_00C00C00': None, '2024-10-31_00C00C00': None, '2024-11-01_00C00C00': None}, {'id_product': 'ID-00000003', 'model': 'TM13', 'descripcion_': 'TUBO ESTRIADO LARGO DE 1/2" 13MM', 'suppliers': 'ITURRIA S.A', 'blands': 'BAHCO', '2024-09-24_00C00C00': 0.0, '2024-09-25_00C00C00': 2094.47, '2024-09-26_00C00C00': 2091.73, '2024-09-27_00C00C00': 2087.91, '2024-09-28_00C00C00': 2087.91, '2024-09-29_00C00C00': 2088.24, '2024-09-30_00C00C00': 2095.05, '2024-10-01_00C00C00': 2096.84, '2024-10-02_00C00C00': 2098.25, '2024-10-03_00C00C00': 2101.47, '2024-10-04_00C00C00': 0.0, '2024-10-05_00C00C00': 0.0, '2024-10-06_00C00C00': 0.0, '2024-10-07_00C00C00': 0.0, '2024-10-08_00C00C00': 0.0, '2024-10-09_00C00C00': 0.0, '2024-10-10_00C00C00': None, '2024-10-11_00C00C00': 0.0, '2024-10-12_00C00C00': None, '2024-10-13_00C00C00': None, '2024-10-14_00C00C00': None, '2024-10-15_00C00C00': None, '2024-10-16_00C00C00': None, '2024-10-17_00C00C00': None, '2024-10-18_00C00C00': None, '2024-10-19_00C00C00': 0.0, '2024-10-20_00C00C00': 0.0, '2024-10-21_00C00C00': None, '2024-10-22_00C00C00': None, '2024-10-23_00C00C00': None, '2024-10-24_00C00C00': None, '2024-10-25_00C00C00': None, '2024-10-26_00C00C00': None, '2024-10-27_00C00C00': 6408.25, '2024-10-28_00C00C00': 6408.25, '2024-10-29_00C00C00': 6408.37, '2024-10-30_00C00C00': None, '2024-10-31_00C00C00': None, '2024-11-01_00C00C00': None}, {'id_product': 'ID-00000004', 'model': 'TM14', 'descripcion_': 'TUBO ESTRIADO LARGO DE 1/2" 14 MM', 'suppliers': 'ITURRIA S.A', 'blands': 'BAHCO', '2024-09-24_00C00C00': 0.0, '2024-09-25_00C00C00': 3490.79, '2024-09-26_00C00C00': 3486.22, '2024-09-27_00C00C00': 1391.94, '2024-09-28_00C00C00': 1391.94, '2024-09-29_00C00C00': 1392.16, '2024-09-30_00C00C00': 1396.7, '2024-10-01_00C00C00': 1397.89, '2024-10-02_00C00C00': 1398.83, '2024-10-03_00C00C00': 1400.98, '2024-10-04_00C00C00': 1406.76, '2024-10-05_00C00C00': 0.0, '2024-10-06_00C00C00': 0.0, '2024-10-07_00C00C00': 0.0, '2024-10-08_00C00C00': 0.0, '2024-10-09_00C00C00': 0.0, '2024-10-10_00C00C00': None, '2024-10-11_00C00C00': 0.0, '2024-10-12_00C00C00': None, '2024-10-13_00C00C00': None, '2024-10-14_00C00C00': None, '2024-10-15_00C00C00': None, '2024-10-16_00C00C00': None, '2024-10-17_00C00C00': None, '2024-10-18_00C00C00': None, '2024-10-19_00C00C00': 0.0, '2024-10-20_00C00C00': 0.0, '2024-10-21_00C00C00': None, '2024-10-22_00C00C00': None, '2024-10-23_00C00C00': None, '2024-10-24_00C00C00': None, '2024-10-25_00C00C00': None, '2024-10-26_00C00C00': None, '2024-10-27_00C00C00': 1424.06, '2024-10-28_00C00C00': 0.0, '2024-10-29_00C00C00': 0.0, '2024-10-30_00C00C00': None, '2024-10-31_00C00C00': None, '2024-11-01_00C00C00': None}, {'id_product': 'ID-00000005', 'model': 'TM15', 'descripcion_': 'TUBO ESTRIADO LARGO DE 1/2" 15 MM', 'suppliers': 'ITURRIA S.A', 'blands': 'BAHCO', '2024-09-24_00C00C00': 1.0, '2024-09-25_00C00C00': 3137.55, '2024-09-26_00C00C00': 3133.44, '2024-09-27_00C00C00': 2085.15, '2024-09-28_00C00C00': 2085.15, '2024-09-29_00C00C00': 2085.47, '2024-09-30_00C00C00': 1743.56, '2024-10-01_00C00C00': 1745.05, '2024-10-02_00C00C00': 2095.47, '2024-10-03_00C00C00': 2098.69, '2024-10-04_00C00C00': 1404.89, '2024-10-05_00C00C00': 351.22, '2024-10-06_00C00C00': 351.58, '2024-10-07_00C00C00': 350.89, '2024-10-08_00C00C00': 350.69, '2024-10-09_00C00C00': 350.86, '2024-10-10_00C00C00': None, '2024-10-11_00C00C00': 352.84, '2024-10-12_00C00C00': None, '2024-10-13_00C00C00': None, '2024-10-14_00C00C00': None, '2024-10-15_00C00C00': None, '2024-10-16_00C00C00': None, '2024-10-17_00C00C00': None, '2024-10-18_00C00C00': None, '2024-10-19_00C00C00': 711.08, '2024-10-20_00C00C00': 355.54, '2024-10-21_00C00C00': None, '2024-10-22_00C00C00': None, '2024-10-23_00C00C00': None, '2024-10-24_00C00C00': None, '2024-10-25_00C00C00': None, '2024-10-26_00C00C00': None, '2024-10-27_00C00C00': 1422.17, '2024-10-28_00C00C00': 1066.63, '2024-10-29_00C00C00': 1066.65, '2024-10-30_00C00C00': None, '2024-10-31_00C00C00': None, '2024-11-01_00C00C00': None}, {'id_product': 'ID-00000006', 'model': 'TM16', 'descripcion_': 'TUBO ESTRIADO LARGO DE 1/2" 16 MM', 'suppliers': 'ITURRIA S.A', 'blands': 'BAHCO', '2024-09-24_00C00C00': 1.0, '2024-09-25_00C00C00': 1789.91, '2024-09-26_00C00C00': 1787.56, '2024-09-27_00C00C00': 1784.3, '2024-09-28_00C00C00': 892.15, '2024-09-29_00C00C00': 892.29, '2024-09-30_00C00C00': 895.2, '2024-10-01_00C00C00': -1791.93, '2024-10-02_00C00C00': -896.57, '2024-10-03_00C00C00': -897.94, '2024-10-04_00C00C00': -901.65, '2024-10-05_00C00C00': 901.65, '2024-10-06_00C00C00': 902.56, '2024-10-07_00C00C00': 900.8, '2024-10-08_00C00C00': 900.27, '2024-10-09_00C00C00': 900.72, '2024-10-10_00C00C00': None, '2024-10-11_00C00C00': 905.79, '2024-10-12_00C00C00': None, '2024-10-13_00C00C00': None, '2024-10-14_00C00C00': None, '2024-10-15_00C00C00': None, '2024-10-16_00C00C00': None, '2024-10-17_00C00C00': None, '2024-10-18_00C00C00': None, '2024-10-19_00C00C00': 912.73, '2024-10-20_00C00C00': 912.73, '2024-10-21_00C00C00': None, '2024-10-22_00C00C00': None, '2024-10-23_00C00C00': None, '2024-10-24_00C00C00': None, '2024-10-25_00C00C00': None, '2024-10-26_00C00C00': None, '2024-10-27_00C00C00': 14603.74, '2024-10-28_00C00C00': 15516.47, '2024-10-29_00C00C00': 15516.75, '2024-10-30_00C00C00': None, '2024-10-31_00C00C00': None, '2024-11-01_00C00C00': None}, {'id_product': 'ID-00000007', 'model': 'TM17', 'descripcion_': 'TUBO ESTRIADO LARGO DE 1/2" 17 MM', 'suppliers': 'ITURRIA S.A', 'blands': 'BAHCO', '2024-09-24_00C00C00': 0.0, '2024-09-25_00C00C00': 3579.81, '2024-09-26_00C00C00': 3575.13, '2024-09-27_00C00C00': 3568.6, '2024-09-28_00C00C00': 3568.6, '2024-09-29_00C00C00': 3569.16, '2024-09-30_00C00C00': 3580.8, '2024-10-01_00C00C00': 1791.93, '2024-10-02_00C00C00': -896.57, '2024-10-03_00C00C00': -897.94, '2024-10-04_00C00C00': -901.65, '2024-10-05_00C00C00': 0.0, '2024-10-06_00C00C00': 0.0, '2024-10-07_00C00C00': 0.0, '2024-10-08_00C00C00': 0.0, '2024-10-09_00C00C00': 0.0, '2024-10-10_00C00C00': None, '2024-10-11_00C00C00': 0.0, '2024-10-12_00C00C00': None, '2024-10-13_00C00C00': None, '2024-10-14_00C00C00': None, '2024-10-15_00C00C00': None, '2024-10-16_00C00C00': None, '2024-10-17_00C00C00': None, '2024-10-18_00C00C00': None, '2024-10-19_00C00C00': 0.0, '2024-10-20_00C00C00': 0.0, '2024-10-21_00C00C00': None, '2024-10-22_00C00C00': None, '2024-10-23_00C00C00': None, '2024-10-24_00C00C00': None, '2024-10-25_00C00C00': None, '2024-10-26_00C00C00': None, '2024-10-27_00C00C00': 2738.2, '2024-10-28_00C00C00': 2738.2, '2024-10-29_00C00C00': 2738.25, '2024-10-30_00C00C00': None, '2024-10-31_00C00C00': None, '2024-11-01_00C00C00': None}, {'id_product': 'ID-00000008', 'model': 'TM18', 'descripcion_': 'TUBO ESTRIADO LARGO DE 1/2" 18 MM', 'suppliers': 'ITURRIA S.A', 'blands': 'BAHCO', '2024-09-24_00C00C00': 2.0, '2024-09-25_00C00C00': 7795.85, '2024-09-26_00C00C00': 7785.65, '2024-09-27_00C00C00': 7771.43, '2024-09-28_00C00C00': 7771.43, '2024-09-29_00C00C00': 7772.65, '2024-09-30_00C00C00': 7798.01, '2024-10-01_00C00C00': 7804.64, '2024-10-02_00C00C00': 9762.38, '2024-10-03_00C00C00': 9777.38, '2024-10-04_00C00C00': 8835.92, '2024-10-05_00C00C00': 1963.54, '2024-10-06_00C00C00': 1965.53, '2024-10-07_00C00C00': 1961.7, '2024-10-08_00C00C00': 1960.54, '2024-10-09_00C00C00': 1961.52, '2024-10-10_00C00C00': None, '2024-10-11_00C00C00': 1972.56, '2024-10-12_00C00C00': None, '2024-10-13_00C00C00': None, '2024-10-14_00C00C00': None, '2024-10-15_00C00C00': None, '2024-10-16_00C00C00': None, '2024-10-17_00C00C00': None, '2024-10-18_00C00C00': None, '2024-10-19_00C00C00': 3975.37, '2024-10-20_00C00C00': 1987.68, '2024-10-21_00C00C00': None, '2024-10-22_00C00C00': None, '2024-10-23_00C00C00': None, '2024-10-24_00C00C00': None, '2024-10-25_00C00C00': None, '2024-10-26_00C00C00': None, '2024-10-27_00C00C00': 12919.94, '2024-10-28_00C00C00': 14907.62, '2024-10-29_00C00C00': 14907.9, '2024-10-30_00C00C00': None, '2024-10-31_00C00C00': None, '2024-11-01_00C00C00': None}  ... displaying 10 of 440 total bound parameter sets ...  {'id_product': 'nan', 'model': 'nan', 'descripcion_': 'nan', 'suppliers': 'nan', 'blands': 'nan', '2024-09-24_00C00C00': None, '2024-09-25_00C00C00': None, '2024-09-26_00C00C00': None, '2024-09-27_00C00C00': None, '2024-09-28_00C00C00': None, '2024-09-29_00C00C00': None, '2024-09-30_00C00C00': None, '2024-10-01_00C00C00': None, '2024-10-02_00C00C00': None, '2024-10-03_00C00C00': None, '2024-10-04_00C00C00': None, '2024-10-05_00C00C00': None, '2024-10-06_00C00C00': None, '2024-10-07_00C00C00': None, '2024-10-08_00C00C00': None, '2024-10-09_00C00C00': None, '2024-10-10_00C00C00': None, '2024-10-11_00C00C00': None, '2024-10-12_00C00C00': None, '2024-10-13_00C00C00': None, '2024-10-14_00C00C00': None, '2024-10-15_00C00C00': None, '2024-10-16_00C00C00': None, '2024-10-17_00C00C00': None, '2024-10-18_00C00C00': None, '2024-10-19_00C00C00': None, '2024-10-20_00C00C00': None, '2024-10-21_00C00C00': None, '2024-10-22_00C00C00': None, '2024-10-23_00C00C00': None, '2024-10-24_00C00C00': None, '2024-10-25_00C00C00': None, '2024-10-26_00C00C00': None, '2024-10-27_00C00C00': None, '2024-10-28_00C00C00': None, '2024-10-29_00C00C00': None, '2024-10-30_00C00C00': None, '2024-10-31_00C00C00': None, '2024-11-01_00C00C00': None}, {'id_product': 'TOTAL', 'model': 'nan', 'descripcion_': 'nan', 'suppliers': 'nan', 'blands': 'nan', '2024-09-24_00C00C00': 49044.38, '2024-09-25_00C00C00': 52561.76, '2024-09-26_00C00C00': 49059.38, '2024-09-27_00C00C00': 129117240553.05, '2024-09-28_00C00C00': 129033715943.07, '2024-09-29_00C00C00': 49002.38, '2024-09-30_00C00C00': 128657205258.53, '2024-10-01_00C00C00': 124655458109.2399, '2024-10-02_00C00C00': 385825241868.1902, '2024-10-03_00C00C00': 129918173710.5801, '2024-10-04_00C00C00': 130471706737.84, '2024-10-05_00C00C00': 130481642850.12, '2024-10-06_00C00C00': 129305993998.38, '2024-10-07_00C00C00': 129357050108.81, '2024-10-08_00C00C00': 130293130093.41, '2024-10-09_00C00C00': 130356489427.33, '2024-10-10_00C00C00': None, '2024-10-11_00C00C00': None, '2024-10-12_00C00C00': None, '2024-10-13_00C00C00': None, '2024-10-14_00C00C00': None, '2024-10-15_00C00C00': None, '2024-10-16_00C00C00': None, '2024-10-17_00C00C00': None, '2024-10-18_00C00C00': None, '2024-10-19_00C00C00': None, '2024-10-20_00C00C00': None, '2024-10-21_00C00C00': None, '2024-10-22_00C00C00': None, '2024-10-23_00C00C00': None, '2024-10-24_00C00C00': None, '2024-10-25_00C00C00': None, '2024-10-26_00C00C00': None, '2024-10-27_00C00C00': None, '2024-10-28_00C00C00': None, '2024-10-29_00C00C00': None, '2024-10-30_00C00C00': None, '2024-10-31_00C00C00': None, '2024-11-01_00C00C00': None})]
(Background on this error at: https://sqlalche.me/e/14/f405); 825)
Traceback (most recent call last):
  File "/home/airflow/.local/lib/python3.12/site-packages/sqlalchemy/engine/base.py", line 1890, in _execute_context
    self.dialect.do_executemany(
  File "/home/airflow/.local/lib/python3.12/site-packages/sqlalchemy/dialects/postgresql/psycopg2.py", line 1000, in do_executemany
    cursor.executemany(statement, parameters)
psycopg2.errors.UndefinedColumn: column "2024-10-11 00:00:00" of relation "stock_monetized" does not exist


The above exception was the direct cause of the following exception:

Traceback (most recent call last):
  File "/opt/airflow/functions_etl/load_data.py", line 133, in load_data_to_Redshift
    df.to_sql(redshift_table, con=engine, schema=REDSHIFT_SCHEMA, if_exists='append', index=False)
  File "/home/airflow/.local/lib/python3.12/site-packages/pandas/util/_decorators.py", line 333, in wrapper
    return func(*args, **kwargs)
           ^^^^^^^^^^^^^^^^^^^^^
  File "/home/airflow/.local/lib/python3.12/site-packages/pandas/core/generic.py", line 3008, in to_sql
    return sql.to_sql(
           ^^^^^^^^^^^
  File "/home/airflow/.local/lib/python3.12/site-packages/pandas/io/sql.py", line 788, in to_sql
    return pandas_sql.to_sql(
           ^^^^^^^^^^^^^^^^^^
  File "/home/airflow/.local/lib/python3.12/site-packages/pandas/io/sql.py", line 1958, in to_sql
    total_inserted = sql_engine.insert_records(
                     ^^^^^^^^^^^^^^^^^^^^^^^^^^
  File "/home/airflow/.local/lib/python3.12/site-packages/pandas/io/sql.py", line 1507, in insert_records
    raise err
  File "/home/airflow/.local/lib/python3.12/site-packages/pandas/io/sql.py", line 1498, in insert_records
    return table.insert(chunksize=chunksize, method=method)
           ^^^^^^^^^^^^^^^^^^^^^^^^^^^^^^^^^^^^^^^^^^^^^^^^
  File "/home/airflow/.local/lib/python3.12/site-packages/pandas/io/sql.py", line 1059, in insert
    num_inserted = exec_insert(conn, keys, chunk_iter)
                   ^^^^^^^^^^^^^^^^^^^^^^^^^^^^^^^^^^^
  File "/home/airflow/.local/lib/python3.12/site-packages/pandas/io/sql.py", line 951, in _execute_insert
    result = conn.execute(self.table.insert(), data)
             ^^^^^^^^^^^^^^^^^^^^^^^^^^^^^^^^^^^^^^^
  File "/home/airflow/.local/lib/python3.12/site-packages/sqlalchemy/engine/base.py", line 1385, in execute
    return meth(self, multiparams, params, _EMPTY_EXECUTION_OPTS)
           ^^^^^^^^^^^^^^^^^^^^^^^^^^^^^^^^^^^^^^^^^^^^^^^^^^^^^^
  File "/home/airflow/.local/lib/python3.12/site-packages/sqlalchemy/sql/elements.py", line 334, in _execute_on_connection
    return connection._execute_clauseelement(
           ^^^^^^^^^^^^^^^^^^^^^^^^^^^^^^^^^^
  File "/home/airflow/.local/lib/python3.12/site-packages/sqlalchemy/engine/base.py", line 1577, in _execute_clauseelement
    ret = self._execute_context(
          ^^^^^^^^^^^^^^^^^^^^^^
  File "/home/airflow/.local/lib/python3.12/site-packages/sqlalchemy/engine/base.py", line 1953, in _execute_context
    self._handle_dbapi_exception(
  File "/home/airflow/.local/lib/python3.12/site-packages/sqlalchemy/engine/base.py", line 2134, in _handle_dbapi_exception
    util.raise_(
  File "/home/airflow/.local/lib/python3.12/site-packages/sqlalchemy/util/compat.py", line 211, in raise_
    raise exception
  File "/home/airflow/.local/lib/python3.12/site-packages/sqlalchemy/engine/base.py", line 1890, in _execute_context
    self.dialect.do_executemany(
  File "/home/airflow/.local/lib/python3.12/site-packages/sqlalchemy/dialects/postgresql/psycopg2.py", line 1000, in do_executemany
    cursor.executemany(statement, parameters)
sqlalchemy.exc.ProgrammingError: (psycopg2.errors.UndefinedColumn) column "2024-10-11 00:00:00" of relation "stock_monetized" does not exist

[SQL: INSERT INTO "2024_simon_tiberio_schema".stock_monetized (id_product, model, "descripcion ", suppliers, blands, "2024-09-24 00:00:00", "2024-09-25 00:00:00", "2024-09-26 00:00:00", "2024-09-27 00:00:00", "2024-09-28 00:00:00", "2024-09-29 00:00:00", "2024-09-30 00:00:00", "2024-10-01 00:00:00", "2024-10-02 00:00:00", "2024-10-03 00:00:00", "2024-10-04 00:00:00", "2024-10-05 00:00:00", "2024-10-06 00:00:00", "2024-10-07 00:00:00", "2024-10-08 00:00:00", "2024-10-09 00:00:00", "2024-10-10 00:00:00", "2024-10-11 00:00:00", "2024-10-12 00:00:00", "2024-10-13 00:00:00", "2024-10-14 00:00:00", "2024-10-15 00:00:00", "2024-10-16 00:00:00", "2024-10-17 00:00:00", "2024-10-18 00:00:00", "2024-10-19 00:00:00", "2024-10-20 00:00:00", "2024-10-21 00:00:00", "2024-10-22 00:00:00", "2024-10-23 00:00:00", "2024-10-24 00:00:00", "2024-10-25 00:00:00", "2024-10-26 00:00:00", "2024-10-27 00:00:00", "2024-10-28 00:00:00", "2024-10-29 00:00:00", "2024-10-30 00:00:00", "2024-10-31 00:00:00", "2024-11-01 00:00:00") VALUES (%(id_product)s, %(model)s, %(descripcion_)s, %(suppliers)s, %(blands)s, %(2024-09-24_00C00C00)s, %(2024-09-25_00C00C00)s, %(2024-09-26_00C00C00)s, %(2024-09-27_00C00C00)s, %(2024-09-28_00C00C00)s, %(2024-09-29_00C00C00)s, %(2024-09-30_00C00C00)s, %(2024-10-01_00C00C00)s, %(2024-10-02_00C00C00)s, %(2024-10-03_00C00C00)s, %(2024-10-04_00C00C00)s, %(2024-10-05_00C00C00)s, %(2024-10-06_00C00C00)s, %(2024-10-07_00C00C00)s, %(2024-10-08_00C00C00)s, %(2024-10-09_00C00C00)s, %(2024-10-10_00C00C00)s, %(2024-10-11_00C00C00)s, %(2024-10-12_00C00C00)s, %(2024-10-13_00C00C00)s, %(2024-10-14_00C00C00)s, %(2024-10-15_00C00C00)s, %(2024-10-16_00C00C00)s, %(2024-10-17_00C00C00)s, %(2024-10-18_00C00C00)s, %(2024-10-19_00C00C00)s, %(2024-10-20_00C00C00)s, %(2024-10-21_00C00C00)s, %(2024-10-22_00C00C00)s, %(2024-10-23_00C00C00)s, %(2024-10-24_00C00C00)s, %(2024-10-25_00C00C00)s, %(2024-10-26_00C00C00)s, %(2024-10-27_00C00C00)s, %(2024-10-28_00C00C00)s, %(2024-10-29_00C00C00)s, %(2024-10-30_00C00C00)s, %(2024-10-31_00C00C00)s, %(2024-11-01_00C00C00)s)]
[parameters: ({'id_product': 'ID-00000001', 'model': 'BSX17', 'descripcion_': 'JUEGO DE TUBOS BAHCO 17P CON CRIQUE', 'suppliers': 'ITURRIA S.A', 'blands': 'BAHCO', '2024-09-24_00C00C00': 1.0, '2024-09-25_00C00C00': 2560.95, '2024-09-26_00C00C00': 2557.6, '2024-09-27_00C00C00': 2552.93, '2024-09-28_00C00C00': 2552.93, '2024-09-29_00C00C00': 2553.33, '2024-09-30_00C00C00': 2561.66, '2024-10-01_00C00C00': 2563.84, '2024-10-02_00C00C00': 1282.78, '2024-10-03_00C00C00': 1284.76, '2024-10-04_00C00C00': 1290.05, '2024-10-05_00C00C00': 1290.05, '2024-10-06_00C00C00': 1291.36, '2024-10-07_00C00C00': 1288.85, '2024-10-08_00C00C00': 1288.08, '2024-10-09_00C00C00': 1288.73, '2024-10-10_00C00C00': None, '2024-10-11_00C00C00': 1295.98, '2024-10-12_00C00C00': None, '2024-10-13_00C00C00': None, '2024-10-14_00C00C00': None, '2024-10-15_00C00C00': None, '2024-10-16_00C00C00': None, '2024-10-17_00C00C00': None, '2024-10-18_00C00C00': None, '2024-10-19_00C00C00': 1305.92, '2024-10-20_00C00C00': 1305.92, '2024-10-21_00C00C00': None, '2024-10-22_00C00C00': None, '2024-10-23_00C00C00': None, '2024-10-24_00C00C00': None, '2024-10-25_00C00C00': None, '2024-10-26_00C00C00': None, '2024-10-27_00C00C00': 7835.5, '2024-10-28_00C00C00': 9141.41, '2024-10-29_00C00C00': 9141.58, '2024-10-30_00C00C00': None, '2024-10-31_00C00C00': None, '2024-11-01_00C00C00': None}, {'id_product': 'ID-00000002', 'model': 'TM12', 'descripcion_': 'TUBO ESTRIADO LARGO DE 1/2" 12MM', 'suppliers': 'ITURRIA S.A', 'blands': 'BAHCO', '2024-09-24_00C00C00': 2.0, '2024-09-25_00C00C00': 6981.58, '2024-09-26_00C00C00': 6972.44, '2024-09-27_00C00C00': 6959.71, '2024-09-28_00C00C00': 6263.74, '2024-09-29_00C00C00': 6264.72, '2024-09-30_00C00C00': 6285.16, '2024-10-01_00C00C00': 6290.51, '2024-10-02_00C00C00': 7693.58, '2024-10-03_00C00C00': 7705.4, '2024-10-04_00C00C00': 7737.17, '2024-10-05_00C00C00': 1406.76, '2024-10-06_00C00C00': 1408.19, '2024-10-07_00C00C00': 1405.44, '2024-10-08_00C00C00': 1404.61, '2024-10-09_00C00C00': 1405.31, '2024-10-10_00C00C00': None, '2024-10-11_00C00C00': 1413.22, '2024-10-12_00C00C00': None, '2024-10-13_00C00C00': None, '2024-10-14_00C00C00': None, '2024-10-15_00C00C00': None, '2024-10-16_00C00C00': None, '2024-10-17_00C00C00': None, '2024-10-18_00C00C00': None, '2024-10-19_00C00C00': 2136.08, '2024-10-20_00C00C00': 712.03, '2024-10-21_00C00C00': None, '2024-10-22_00C00C00': None, '2024-10-23_00C00C00': None, '2024-10-24_00C00C00': None, '2024-10-25_00C00C00': None, '2024-10-26_00C00C00': None, '2024-10-27_00C00C00': 13528.53, '2024-10-28_00C00C00': 14952.59, '2024-10-29_00C00C00': 14952.86, '2024-10-30_00C00C00': None, '2024-10-31_00C00C00': None, '2024-11-01_00C00C00': None}, {'id_product': 'ID-00000003', 'model': 'TM13', 'descripcion_': 'TUBO ESTRIADO LARGO DE 1/2" 13MM', 'suppliers': 'ITURRIA S.A', 'blands': 'BAHCO', '2024-09-24_00C00C00': 0.0, '2024-09-25_00C00C00': 2094.47, '2024-09-26_00C00C00': 2091.73, '2024-09-27_00C00C00': 2087.91, '2024-09-28_00C00C00': 2087.91, '2024-09-29_00C00C00': 2088.24, '2024-09-30_00C00C00': 2095.05, '2024-10-01_00C00C00': 2096.84, '2024-10-02_00C00C00': 2098.25, '2024-10-03_00C00C00': 2101.47, '2024-10-04_00C00C00': 0.0, '2024-10-05_00C00C00': 0.0, '2024-10-06_00C00C00': 0.0, '2024-10-07_00C00C00': 0.0, '2024-10-08_00C00C00': 0.0, '2024-10-09_00C00C00': 0.0, '2024-10-10_00C00C00': None, '2024-10-11_00C00C00': 0.0, '2024-10-12_00C00C00': None, '2024-10-13_00C00C00': None, '2024-10-14_00C00C00': None, '2024-10-15_00C00C00': None, '2024-10-16_00C00C00': None, '2024-10-17_00C00C00': None, '2024-10-18_00C00C00': None, '2024-10-19_00C00C00': 0.0, '2024-10-20_00C00C00': 0.0, '2024-10-21_00C00C00': None, '2024-10-22_00C00C00': None, '2024-10-23_00C00C00': None, '2024-10-24_00C00C00': None, '2024-10-25_00C00C00': None, '2024-10-26_00C00C00': None, '2024-10-27_00C00C00': 6408.25, '2024-10-28_00C00C00': 6408.25, '2024-10-29_00C00C00': 6408.37, '2024-10-30_00C00C00': None, '2024-10-31_00C00C00': None, '2024-11-01_00C00C00': None}, {'id_product': 'ID-00000004', 'model': 'TM14', 'descripcion_': 'TUBO ESTRIADO LARGO DE 1/2" 14 MM', 'suppliers': 'ITURRIA S.A', 'blands': 'BAHCO', '2024-09-24_00C00C00': 0.0, '2024-09-25_00C00C00': 3490.79, '2024-09-26_00C00C00': 3486.22, '2024-09-27_00C00C00': 1391.94, '2024-09-28_00C00C00': 1391.94, '2024-09-29_00C00C00': 1392.16, '2024-09-30_00C00C00': 1396.7, '2024-10-01_00C00C00': 1397.89, '2024-10-02_00C00C00': 1398.83, '2024-10-03_00C00C00': 1400.98, '2024-10-04_00C00C00': 1406.76, '2024-10-05_00C00C00': 0.0, '2024-10-06_00C00C00': 0.0, '2024-10-07_00C00C00': 0.0, '2024-10-08_00C00C00': 0.0, '2024-10-09_00C00C00': 0.0, '2024-10-10_00C00C00': None, '2024-10-11_00C00C00': 0.0, '2024-10-12_00C00C00': None, '2024-10-13_00C00C00': None, '2024-10-14_00C00C00': None, '2024-10-15_00C00C00': None, '2024-10-16_00C00C00': None, '2024-10-17_00C00C00': None, '2024-10-18_00C00C00': None, '2024-10-19_00C00C00': 0.0, '2024-10-20_00C00C00': 0.0, '2024-10-21_00C00C00': None, '2024-10-22_00C00C00': None, '2024-10-23_00C00C00': None, '2024-10-24_00C00C00': None, '2024-10-25_00C00C00': None, '2024-10-26_00C00C00': None, '2024-10-27_00C00C00': 1424.06, '2024-10-28_00C00C00': 0.0, '2024-10-29_00C00C00': 0.0, '2024-10-30_00C00C00': None, '2024-10-31_00C00C00': None, '2024-11-01_00C00C00': None}, {'id_product': 'ID-00000005', 'model': 'TM15', 'descripcion_': 'TUBO ESTRIADO LARGO DE 1/2" 15 MM', 'suppliers': 'ITURRIA S.A', 'blands': 'BAHCO', '2024-09-24_00C00C00': 1.0, '2024-09-25_00C00C00': 3137.55, '2024-09-26_00C00C00': 3133.44, '2024-09-27_00C00C00': 2085.15, '2024-09-28_00C00C00': 2085.15, '2024-09-29_00C00C00': 2085.47, '2024-09-30_00C00C00': 1743.56, '2024-10-01_00C00C00': 1745.05, '2024-10-02_00C00C00': 2095.47, '2024-10-03_00C00C00': 2098.69, '2024-10-04_00C00C00': 1404.89, '2024-10-05_00C00C00': 351.22, '2024-10-06_00C00C00': 351.58, '2024-10-07_00C00C00': 350.89, '2024-10-08_00C00C00': 350.69, '2024-10-09_00C00C00': 350.86, '2024-10-10_00C00C00': None, '2024-10-11_00C00C00': 352.84, '2024-10-12_00C00C00': None, '2024-10-13_00C00C00': None, '2024-10-14_00C00C00': None, '2024-10-15_00C00C00': None, '2024-10-16_00C00C00': None, '2024-10-17_00C00C00': None, '2024-10-18_00C00C00': None, '2024-10-19_00C00C00': 711.08, '2024-10-20_00C00C00': 355.54, '2024-10-21_00C00C00': None, '2024-10-22_00C00C00': None, '2024-10-23_00C00C00': None, '2024-10-24_00C00C00': None, '2024-10-25_00C00C00': None, '2024-10-26_00C00C00': None, '2024-10-27_00C00C00': 1422.17, '2024-10-28_00C00C00': 1066.63, '2024-10-29_00C00C00': 1066.65, '2024-10-30_00C00C00': None, '2024-10-31_00C00C00': None, '2024-11-01_00C00C00': None}, {'id_product': 'ID-00000006', 'model': 'TM16', 'descripcion_': 'TUBO ESTRIADO LARGO DE 1/2" 16 MM', 'suppliers': 'ITURRIA S.A', 'blands': 'BAHCO', '2024-09-24_00C00C00': 1.0, '2024-09-25_00C00C00': 1789.91, '2024-09-26_00C00C00': 1787.56, '2024-09-27_00C00C00': 1784.3, '2024-09-28_00C00C00': 892.15, '2024-09-29_00C00C00': 892.29, '2024-09-30_00C00C00': 895.2, '2024-10-01_00C00C00': -1791.93, '2024-10-02_00C00C00': -896.57, '2024-10-03_00C00C00': -897.94, '2024-10-04_00C00C00': -901.65, '2024-10-05_00C00C00': 901.65, '2024-10-06_00C00C00': 902.56, '2024-10-07_00C00C00': 900.8, '2024-10-08_00C00C00': 900.27, '2024-10-09_00C00C00': 900.72, '2024-10-10_00C00C00': None, '2024-10-11_00C00C00': 905.79, '2024-10-12_00C00C00': None, '2024-10-13_00C00C00': None, '2024-10-14_00C00C00': None, '2024-10-15_00C00C00': None, '2024-10-16_00C00C00': None, '2024-10-17_00C00C00': None, '2024-10-18_00C00C00': None, '2024-10-19_00C00C00': 912.73, '2024-10-20_00C00C00': 912.73, '2024-10-21_00C00C00': None, '2024-10-22_00C00C00': None, '2024-10-23_00C00C00': None, '2024-10-24_00C00C00': None, '2024-10-25_00C00C00': None, '2024-10-26_00C00C00': None, '2024-10-27_00C00C00': 14603.74, '2024-10-28_00C00C00': 15516.47, '2024-10-29_00C00C00': 15516.75, '2024-10-30_00C00C00': None, '2024-10-31_00C00C00': None, '2024-11-01_00C00C00': None}, {'id_product': 'ID-00000007', 'model': 'TM17', 'descripcion_': 'TUBO ESTRIADO LARGO DE 1/2" 17 MM', 'suppliers': 'ITURRIA S.A', 'blands': 'BAHCO', '2024-09-24_00C00C00': 0.0, '2024-09-25_00C00C00': 3579.81, '2024-09-26_00C00C00': 3575.13, '2024-09-27_00C00C00': 3568.6, '2024-09-28_00C00C00': 3568.6, '2024-09-29_00C00C00': 3569.16, '2024-09-30_00C00C00': 3580.8, '2024-10-01_00C00C00': 1791.93, '2024-10-02_00C00C00': -896.57, '2024-10-03_00C00C00': -897.94, '2024-10-04_00C00C00': -901.65, '2024-10-05_00C00C00': 0.0, '2024-10-06_00C00C00': 0.0, '2024-10-07_00C00C00': 0.0, '2024-10-08_00C00C00': 0.0, '2024-10-09_00C00C00': 0.0, '2024-10-10_00C00C00': None, '2024-10-11_00C00C00': 0.0, '2024-10-12_00C00C00': None, '2024-10-13_00C00C00': None, '2024-10-14_00C00C00': None, '2024-10-15_00C00C00': None, '2024-10-16_00C00C00': None, '2024-10-17_00C00C00': None, '2024-10-18_00C00C00': None, '2024-10-19_00C00C00': 0.0, '2024-10-20_00C00C00': 0.0, '2024-10-21_00C00C00': None, '2024-10-22_00C00C00': None, '2024-10-23_00C00C00': None, '2024-10-24_00C00C00': None, '2024-10-25_00C00C00': None, '2024-10-26_00C00C00': None, '2024-10-27_00C00C00': 2738.2, '2024-10-28_00C00C00': 2738.2, '2024-10-29_00C00C00': 2738.25, '2024-10-30_00C00C00': None, '2024-10-31_00C00C00': None, '2024-11-01_00C00C00': None}, {'id_product': 'ID-00000008', 'model': 'TM18', 'descripcion_': 'TUBO ESTRIADO LARGO DE 1/2" 18 MM', 'suppliers': 'ITURRIA S.A', 'blands': 'BAHCO', '2024-09-24_00C00C00': 2.0, '2024-09-25_00C00C00': 7795.85, '2024-09-26_00C00C00': 7785.65, '2024-09-27_00C00C00': 7771.43, '2024-09-28_00C00C00': 7771.43, '2024-09-29_00C00C00': 7772.65, '2024-09-30_00C00C00': 7798.01, '2024-10-01_00C00C00': 7804.64, '2024-10-02_00C00C00': 9762.38, '2024-10-03_00C00C00': 9777.38, '2024-10-04_00C00C00': 8835.92, '2024-10-05_00C00C00': 1963.54, '2024-10-06_00C00C00': 1965.53, '2024-10-07_00C00C00': 1961.7, '2024-10-08_00C00C00': 1960.54, '2024-10-09_00C00C00': 1961.52, '2024-10-10_00C00C00': None, '2024-10-11_00C00C00': 1972.56, '2024-10-12_00C00C00': None, '2024-10-13_00C00C00': None, '2024-10-14_00C00C00': None, '2024-10-15_00C00C00': None, '2024-10-16_00C00C00': None, '2024-10-17_00C00C00': None, '2024-10-18_00C00C00': None, '2024-10-19_00C00C00': 3975.37, '2024-10-20_00C00C00': 1987.68, '2024-10-21_00C00C00': None, '2024-10-22_00C00C00': None, '2024-10-23_00C00C00': None, '2024-10-24_00C00C00': None, '2024-10-25_00C00C00': None, '2024-10-26_00C00C00': None, '2024-10-27_00C00C00': 12919.94, '2024-10-28_00C00C00': 14907.62, '2024-10-29_00C00C00': 14907.9, '2024-10-30_00C00C00': None, '2024-10-31_00C00C00': None, '2024-11-01_00C00C00': None}  ... displaying 10 of 440 total bound parameter sets ...  {'id_product': 'nan', 'model': 'nan', 'descripcion_': 'nan', 'suppliers': 'nan', 'blands': 'nan', '2024-09-24_00C00C00': None, '2024-09-25_00C00C00': None, '2024-09-26_00C00C00': None, '2024-09-27_00C00C00': None, '2024-09-28_00C00C00': None, '2024-09-29_00C00C00': None, '2024-09-30_00C00C00': None, '2024-10-01_00C00C00': None, '2024-10-02_00C00C00': None, '2024-10-03_00C00C00': None, '2024-10-04_00C00C00': None, '2024-10-05_00C00C00': None, '2024-10-06_00C00C00': None, '2024-10-07_00C00C00': None, '2024-10-08_00C00C00': None, '2024-10-09_00C00C00': None, '2024-10-10_00C00C00': None, '2024-10-11_00C00C00': None, '2024-10-12_00C00C00': None, '2024-10-13_00C00C00': None, '2024-10-14_00C00C00': None, '2024-10-15_00C00C00': None, '2024-10-16_00C00C00': None, '2024-10-17_00C00C00': None, '2024-10-18_00C00C00': None, '2024-10-19_00C00C00': None, '2024-10-20_00C00C00': None, '2024-10-21_00C00C00': None, '2024-10-22_00C00C00': None, '2024-10-23_00C00C00': None, '2024-10-24_00C00C00': None, '2024-10-25_00C00C00': None, '2024-10-26_00C00C00': None, '2024-10-27_00C00C00': None, '2024-10-28_00C00C00': None, '2024-10-29_00C00C00': None, '2024-10-30_00C00C00': None, '2024-10-31_00C00C00': None, '2024-11-01_00C00C00': None}, {'id_product': 'TOTAL', 'model': 'nan', 'descripcion_': 'nan', 'suppliers': 'nan', 'blands': 'nan', '2024-09-24_00C00C00': 49044.38, '2024-09-25_00C00C00': 52561.76, '2024-09-26_00C00C00': 49059.38, '2024-09-27_00C00C00': 129117240553.05, '2024-09-28_00C00C00': 129033715943.07, '2024-09-29_00C00C00': 49002.38, '2024-09-30_00C00C00': 128657205258.53, '2024-10-01_00C00C00': 124655458109.2399, '2024-10-02_00C00C00': 385825241868.1902, '2024-10-03_00C00C00': 129918173710.5801, '2024-10-04_00C00C00': 130471706737.84, '2024-10-05_00C00C00': 130481642850.12, '2024-10-06_00C00C00': 129305993998.38, '2024-10-07_00C00C00': 129357050108.81, '2024-10-08_00C00C00': 130293130093.41, '2024-10-09_00C00C00': 130356489427.33, '2024-10-10_00C00C00': None, '2024-10-11_00C00C00': None, '2024-10-12_00C00C00': None, '2024-10-13_00C00C00': None, '2024-10-14_00C00C00': None, '2024-10-15_00C00C00': None, '2024-10-16_00C00C00': None, '2024-10-17_00C00C00': None, '2024-10-18_00C00C00': None, '2024-10-19_00C00C00': None, '2024-10-20_00C00C00': None, '2024-10-21_00C00C00': None, '2024-10-22_00C00C00': None, '2024-10-23_00C00C00': None, '2024-10-24_00C00C00': None, '2024-10-25_00C00C00': None, '2024-10-26_00C00C00': None, '2024-10-27_00C00C00': None, '2024-10-28_00C00C00': None, '2024-10-29_00C00C00': None, '2024-10-30_00C00C00': None, '2024-10-31_00C00C00': None, '2024-11-01_00C00C00': None})]
(Background on this error at: https://sqlalche.me/e/14/f405)

During handling of the above exception, another exception occurred:

Traceback (most recent call last):
  File "/home/airflow/.local/lib/python3.12/site-packages/airflow/task/task_runner/standard_task_runner.py", line 117, in _start_by_fork
    ret = args.func(args, dag=self.dag)
          ^^^^^^^^^^^^^^^^^^^^^^^^^^^^^
  File "/home/airflow/.local/lib/python3.12/site-packages/airflow/cli/cli_config.py", line 49, in command
    return func(*args, **kwargs)
           ^^^^^^^^^^^^^^^^^^^^^
  File "/home/airflow/.local/lib/python3.12/site-packages/airflow/utils/cli.py", line 115, in wrapper
    return f(*args, **kwargs)
           ^^^^^^^^^^^^^^^^^^
  File "/home/airflow/.local/lib/python3.12/site-packages/airflow/cli/commands/task_command.py", line 483, in task_run
    task_return_code = _run_task_by_selected_method(args, _dag, ti)
                       ^^^^^^^^^^^^^^^^^^^^^^^^^^^^^^^^^^^^^^^^^^^^
  File "/home/airflow/.local/lib/python3.12/site-packages/airflow/cli/commands/task_command.py", line 256, in _run_task_by_selected_method
    return _run_raw_task(args, ti)
           ^^^^^^^^^^^^^^^^^^^^^^^
  File "/home/airflow/.local/lib/python3.12/site-packages/airflow/cli/commands/task_command.py", line 341, in _run_raw_task
    return ti._run_raw_task(
           ^^^^^^^^^^^^^^^^^
  File "/home/airflow/.local/lib/python3.12/site-packages/airflow/utils/session.py", line 97, in wrapper
    return func(*args, session=session, **kwargs)
           ^^^^^^^^^^^^^^^^^^^^^^^^^^^^^^^^^^^^^^
  File "/home/airflow/.local/lib/python3.12/site-packages/airflow/models/taskinstance.py", line 3004, in _run_raw_task
    return _run_raw_task(
           ^^^^^^^^^^^^^^
  File "/home/airflow/.local/lib/python3.12/site-packages/airflow/models/taskinstance.py", line 273, in _run_raw_task
    TaskInstance._execute_task_with_callbacks(
  File "/home/airflow/.local/lib/python3.12/site-packages/airflow/models/taskinstance.py", line 3158, in _execute_task_with_callbacks
    result = self._execute_task(context, task_orig)
             ^^^^^^^^^^^^^^^^^^^^^^^^^^^^^^^^^^^^^^
  File "/home/airflow/.local/lib/python3.12/site-packages/airflow/models/taskinstance.py", line 3182, in _execute_task
    return _execute_task(self, context, task_orig)
           ^^^^^^^^^^^^^^^^^^^^^^^^^^^^^^^^^^^^^^^
  File "/home/airflow/.local/lib/python3.12/site-packages/airflow/models/taskinstance.py", line 767, in _execute_task
    result = _execute_callable(context=context, **execute_callable_kwargs)
             ^^^^^^^^^^^^^^^^^^^^^^^^^^^^^^^^^^^^^^^^^^^^^^^^^^^^^^^^^^^^^
  File "/home/airflow/.local/lib/python3.12/site-packages/airflow/models/taskinstance.py", line 733, in _execute_callable
    return ExecutionCallableRunner(
           ^^^^^^^^^^^^^^^^^^^^^^^^
  File "/home/airflow/.local/lib/python3.12/site-packages/airflow/utils/operator_helpers.py", line 252, in run
    return self.func(*args, **kwargs)
           ^^^^^^^^^^^^^^^^^^^^^^^^^^
  File "/home/airflow/.local/lib/python3.12/site-packages/airflow/models/baseoperator.py", line 406, in wrapper
    return func(self, *args, **kwargs)
           ^^^^^^^^^^^^^^^^^^^^^^^^^^^
  File "/home/airflow/.local/lib/python3.12/site-packages/airflow/operators/python.py", line 238, in execute
    return_value = self.execute_callable()
                   ^^^^^^^^^^^^^^^^^^^^^^^
  File "/home/airflow/.local/lib/python3.12/site-packages/airflow/operators/python.py", line 256, in execute_callable
    return runner.run(*self.op_args, **self.op_kwargs)
           ^^^^^^^^^^^^^^^^^^^^^^^^^^^^^^^^^^^^^^^^^^^
  File "/home/airflow/.local/lib/python3.12/site-packages/airflow/utils/operator_helpers.py", line 252, in run
    return self.func(*args, **kwargs)
           ^^^^^^^^^^^^^^^^^^^^^^^^^^
  File "/opt/airflow/functions_etl/load_data.py", line 136, in load_data_to_Redshift
    raise RuntimeError(f"Error loading data into Redshift table '{redshift_table}': {e}")
RuntimeError: Error loading data into Redshift table 'stock_monetized': (psycopg2.errors.UndefinedColumn) column "2024-10-11 00:00:00" of relation "stock_monetized" does not exist

[SQL: INSERT INTO "2024_simon_tiberio_schema".stock_monetized (id_product, model, "descripcion ", suppliers, blands, "2024-09-24 00:00:00", "2024-09-25 00:00:00", "2024-09-26 00:00:00", "2024-09-27 00:00:00", "2024-09-28 00:00:00", "2024-09-29 00:00:00", "2024-09-30 00:00:00", "2024-10-01 00:00:00", "2024-10-02 00:00:00", "2024-10-03 00:00:00", "2024-10-04 00:00:00", "2024-10-05 00:00:00", "2024-10-06 00:00:00", "2024-10-07 00:00:00", "2024-10-08 00:00:00", "2024-10-09 00:00:00", "2024-10-10 00:00:00", "2024-10-11 00:00:00", "2024-10-12 00:00:00", "2024-10-13 00:00:00", "2024-10-14 00:00:00", "2024-10-15 00:00:00", "2024-10-16 00:00:00", "2024-10-17 00:00:00", "2024-10-18 00:00:00", "2024-10-19 00:00:00", "2024-10-20 00:00:00", "2024-10-21 00:00:00", "2024-10-22 00:00:00", "2024-10-23 00:00:00", "2024-10-24 00:00:00", "2024-10-25 00:00:00", "2024-10-26 00:00:00", "2024-10-27 00:00:00", "2024-10-28 00:00:00", "2024-10-29 00:00:00", "2024-10-30 00:00:00", "2024-10-31 00:00:00", "2024-11-01 00:00:00") VALUES (%(id_product)s, %(model)s, %(descripcion_)s, %(suppliers)s, %(blands)s, %(2024-09-24_00C00C00)s, %(2024-09-25_00C00C00)s, %(2024-09-26_00C00C00)s, %(2024-09-27_00C00C00)s, %(2024-09-28_00C00C00)s, %(2024-09-29_00C00C00)s, %(2024-09-30_00C00C00)s, %(2024-10-01_00C00C00)s, %(2024-10-02_00C00C00)s, %(2024-10-03_00C00C00)s, %(2024-10-04_00C00C00)s, %(2024-10-05_00C00C00)s, %(2024-10-06_00C00C00)s, %(2024-10-07_00C00C00)s, %(2024-10-08_00C00C00)s, %(2024-10-09_00C00C00)s, %(2024-10-10_00C00C00)s, %(2024-10-11_00C00C00)s, %(2024-10-12_00C00C00)s, %(2024-10-13_00C00C00)s, %(2024-10-14_00C00C00)s, %(2024-10-15_00C00C00)s, %(2024-10-16_00C00C00)s, %(2024-10-17_00C00C00)s, %(2024-10-18_00C00C00)s, %(2024-10-19_00C00C00)s, %(2024-10-20_00C00C00)s, %(2024-10-21_00C00C00)s, %(2024-10-22_00C00C00)s, %(2024-10-23_00C00C00)s, %(2024-10-24_00C00C00)s, %(2024-10-25_00C00C00)s, %(2024-10-26_00C00C00)s, %(2024-10-27_00C00C00)s, %(2024-10-28_00C00C00)s, %(2024-10-29_00C00C00)s, %(2024-10-30_00C00C00)s, %(2024-10-31_00C00C00)s, %(2024-11-01_00C00C00)s)]
[parameters: ({'id_product': 'ID-00000001', 'model': 'BSX17', 'descripcion_': 'JUEGO DE TUBOS BAHCO 17P CON CRIQUE', 'suppliers': 'ITURRIA S.A', 'blands': 'BAHCO', '2024-09-24_00C00C00': 1.0, '2024-09-25_00C00C00': 2560.95, '2024-09-26_00C00C00': 2557.6, '2024-09-27_00C00C00': 2552.93, '2024-09-28_00C00C00': 2552.93, '2024-09-29_00C00C00': 2553.33, '2024-09-30_00C00C00': 2561.66, '2024-10-01_00C00C00': 2563.84, '2024-10-02_00C00C00': 1282.78, '2024-10-03_00C00C00': 1284.76, '2024-10-04_00C00C00': 1290.05, '2024-10-05_00C00C00': 1290.05, '2024-10-06_00C00C00': 1291.36, '2024-10-07_00C00C00': 1288.85, '2024-10-08_00C00C00': 1288.08, '2024-10-09_00C00C00': 1288.73, '2024-10-10_00C00C00': None, '2024-10-11_00C00C00': 1295.98, '2024-10-12_00C00C00': None, '2024-10-13_00C00C00': None, '2024-10-14_00C00C00': None, '2024-10-15_00C00C00': None, '2024-10-16_00C00C00': None, '2024-10-17_00C00C00': None, '2024-10-18_00C00C00': None, '2024-10-19_00C00C00': 1305.92, '2024-10-20_00C00C00': 1305.92, '2024-10-21_00C00C00': None, '2024-10-22_00C00C00': None, '2024-10-23_00C00C00': None, '2024-10-24_00C00C00': None, '2024-10-25_00C00C00': None, '2024-10-26_00C00C00': None, '2024-10-27_00C00C00': 7835.5, '2024-10-28_00C00C00': 9141.41, '2024-10-29_00C00C00': 9141.58, '2024-10-30_00C00C00': None, '2024-10-31_00C00C00': None, '2024-11-01_00C00C00': None}, {'id_product': 'ID-00000002', 'model': 'TM12', 'descripcion_': 'TUBO ESTRIADO LARGO DE 1/2" 12MM', 'suppliers': 'ITURRIA S.A', 'blands': 'BAHCO', '2024-09-24_00C00C00': 2.0, '2024-09-25_00C00C00': 6981.58, '2024-09-26_00C00C00': 6972.44, '2024-09-27_00C00C00': 6959.71, '2024-09-28_00C00C00': 6263.74, '2024-09-29_00C00C00': 6264.72, '2024-09-30_00C00C00': 6285.16, '2024-10-01_00C00C00': 6290.51, '2024-10-02_00C00C00': 7693.58, '2024-10-03_00C00C00': 7705.4, '2024-10-04_00C00C00': 7737.17, '2024-10-05_00C00C00': 1406.76, '2024-10-06_00C00C00': 1408.19, '2024-10-07_00C00C00': 1405.44, '2024-10-08_00C00C00': 1404.61, '2024-10-09_00C00C00': 1405.31, '2024-10-10_00C00C00': None, '2024-10-11_00C00C00': 1413.22, '2024-10-12_00C00C00': None, '2024-10-13_00C00C00': None, '2024-10-14_00C00C00': None, '2024-10-15_00C00C00': None, '2024-10-16_00C00C00': None, '2024-10-17_00C00C00': None, '2024-10-18_00C00C00': None, '2024-10-19_00C00C00': 2136.08, '2024-10-20_00C00C00': 712.03, '2024-10-21_00C00C00': None, '2024-10-22_00C00C00': None, '2024-10-23_00C00C00': None, '2024-10-24_00C00C00': None, '2024-10-25_00C00C00': None, '2024-10-26_00C00C00': None, '2024-10-27_00C00C00': 13528.53, '2024-10-28_00C00C00': 14952.59, '2024-10-29_00C00C00': 14952.86, '2024-10-30_00C00C00': None, '2024-10-31_00C00C00': None, '2024-11-01_00C00C00': None}, {'id_product': 'ID-00000003', 'model': 'TM13', 'descripcion_': 'TUBO ESTRIADO LARGO DE 1/2" 13MM', 'suppliers': 'ITURRIA S.A', 'blands': 'BAHCO', '2024-09-24_00C00C00': 0.0, '2024-09-25_00C00C00': 2094.47, '2024-09-26_00C00C00': 2091.73, '2024-09-27_00C00C00': 2087.91, '2024-09-28_00C00C00': 2087.91, '2024-09-29_00C00C00': 2088.24, '2024-09-30_00C00C00': 2095.05, '2024-10-01_00C00C00': 2096.84, '2024-10-02_00C00C00': 2098.25, '2024-10-03_00C00C00': 2101.47, '2024-10-04_00C00C00': 0.0, '2024-10-05_00C00C00': 0.0, '2024-10-06_00C00C00': 0.0, '2024-10-07_00C00C00': 0.0, '2024-10-08_00C00C00': 0.0, '2024-10-09_00C00C00': 0.0, '2024-10-10_00C00C00': None, '2024-10-11_00C00C00': 0.0, '2024-10-12_00C00C00': None, '2024-10-13_00C00C00': None, '2024-10-14_00C00C00': None, '2024-10-15_00C00C00': None, '2024-10-16_00C00C00': None, '2024-10-17_00C00C00': None, '2024-10-18_00C00C00': None, '2024-10-19_00C00C00': 0.0, '2024-10-20_00C00C00': 0.0, '2024-10-21_00C00C00': None, '2024-10-22_00C00C00': None, '2024-10-23_00C00C00': None, '2024-10-24_00C00C00': None, '2024-10-25_00C00C00': None, '2024-10-26_00C00C00': None, '2024-10-27_00C00C00': 6408.25, '2024-10-28_00C00C00': 6408.25, '2024-10-29_00C00C00': 6408.37, '2024-10-30_00C00C00': None, '2024-10-31_00C00C00': None, '2024-11-01_00C00C00': None}, {'id_product': 'ID-00000004', 'model': 'TM14', 'descripcion_': 'TUBO ESTRIADO LARGO DE 1/2" 14 MM', 'suppliers': 'ITURRIA S.A', 'blands': 'BAHCO', '2024-09-24_00C00C00': 0.0, '2024-09-25_00C00C00': 3490.79, '2024-09-26_00C00C00': 3486.22, '2024-09-27_00C00C00': 1391.94, '2024-09-28_00C00C00': 1391.94, '2024-09-29_00C00C00': 1392.16, '2024-09-30_00C00C00': 1396.7, '2024-10-01_00C00C00': 1397.89, '2024-10-02_00C00C00': 1398.83, '2024-10-03_00C00C00': 1400.98, '2024-10-04_00C00C00': 1406.76, '2024-10-05_00C00C00': 0.0, '2024-10-06_00C00C00': 0.0, '2024-10-07_00C00C00': 0.0, '2024-10-08_00C00C00': 0.0, '2024-10-09_00C00C00': 0.0, '2024-10-10_00C00C00': None, '2024-10-11_00C00C00': 0.0, '2024-10-12_00C00C00': None, '2024-10-13_00C00C00': None, '2024-10-14_00C00C00': None, '2024-10-15_00C00C00': None, '2024-10-16_00C00C00': None, '2024-10-17_00C00C00': None, '2024-10-18_00C00C00': None, '2024-10-19_00C00C00': 0.0, '2024-10-20_00C00C00': 0.0, '2024-10-21_00C00C00': None, '2024-10-22_00C00C00': None, '2024-10-23_00C00C00': None, '2024-10-24_00C00C00': None, '2024-10-25_00C00C00': None, '2024-10-26_00C00C00': None, '2024-10-27_00C00C00': 1424.06, '2024-10-28_00C00C00': 0.0, '2024-10-29_00C00C00': 0.0, '2024-10-30_00C00C00': None, '2024-10-31_00C00C00': None, '2024-11-01_00C00C00': None}, {'id_product': 'ID-00000005', 'model': 'TM15', 'descripcion_': 'TUBO ESTRIADO LARGO DE 1/2" 15 MM', 'suppliers': 'ITURRIA S.A', 'blands': 'BAHCO', '2024-09-24_00C00C00': 1.0, '2024-09-25_00C00C00': 3137.55, '2024-09-26_00C00C00': 3133.44, '2024-09-27_00C00C00': 2085.15, '2024-09-28_00C00C00': 2085.15, '2024-09-29_00C00C00': 2085.47, '2024-09-30_00C00C00': 1743.56, '2024-10-01_00C00C00': 1745.05, '2024-10-02_00C00C00': 2095.47, '2024-10-03_00C00C00': 2098.69, '2024-10-04_00C00C00': 1404.89, '2024-10-05_00C00C00': 351.22, '2024-10-06_00C00C00': 351.58, '2024-10-07_00C00C00': 350.89, '2024-10-08_00C00C00': 350.69, '2024-10-09_00C00C00': 350.86, '2024-10-10_00C00C00': None, '2024-10-11_00C00C00': 352.84, '2024-10-12_00C00C00': None, '2024-10-13_00C00C00': None, '2024-10-14_00C00C00': None, '2024-10-15_00C00C00': None, '2024-10-16_00C00C00': None, '2024-10-17_00C00C00': None, '2024-10-18_00C00C00': None, '2024-10-19_00C00C00': 711.08, '2024-10-20_00C00C00': 355.54, '2024-10-21_00C00C00': None, '2024-10-22_00C00C00': None, '2024-10-23_00C00C00': None, '2024-10-24_00C00C00': None, '2024-10-25_00C00C00': None, '2024-10-26_00C00C00': None, '2024-10-27_00C00C00': 1422.17, '2024-10-28_00C00C00': 1066.63, '2024-10-29_00C00C00': 1066.65, '2024-10-30_00C00C00': None, '2024-10-31_00C00C00': None, '2024-11-01_00C00C00': None}, {'id_product': 'ID-00000006', 'model': 'TM16', 'descripcion_': 'TUBO ESTRIADO LARGO DE 1/2" 16 MM', 'suppliers': 'ITURRIA S.A', 'blands': 'BAHCO', '2024-09-24_00C00C00': 1.0, '2024-09-25_00C00C00': 1789.91, '2024-09-26_00C00C00': 1787.56, '2024-09-27_00C00C00': 1784.3, '2024-09-28_00C00C00': 892.15, '2024-09-29_00C00C00': 892.29, '2024-09-30_00C00C00': 895.2, '2024-10-01_00C00C00': -1791.93, '2024-10-02_00C00C00': -896.57, '2024-10-03_00C00C00': -897.94, '2024-10-04_00C00C00': -901.65, '2024-10-05_00C00C00': 901.65, '2024-10-06_00C00C00': 902.56, '2024-10-07_00C00C00': 900.8, '2024-10-08_00C00C00': 900.27, '2024-10-09_00C00C00': 900.72, '2024-10-10_00C00C00': None, '2024-10-11_00C00C00': 905.79, '2024-10-12_00C00C00': None, '2024-10-13_00C00C00': None, '2024-10-14_00C00C00': None, '2024-10-15_00C00C00': None, '2024-10-16_00C00C00': None, '2024-10-17_00C00C00': None, '2024-10-18_00C00C00': None, '2024-10-19_00C00C00': 912.73, '2024-10-20_00C00C00': 912.73, '2024-10-21_00C00C00': None, '2024-10-22_00C00C00': None, '2024-10-23_00C00C00': None, '2024-10-24_00C00C00': None, '2024-10-25_00C00C00': None, '2024-10-26_00C00C00': None, '2024-10-27_00C00C00': 14603.74, '2024-10-28_00C00C00': 15516.47, '2024-10-29_00C00C00': 15516.75, '2024-10-30_00C00C00': None, '2024-10-31_00C00C00': None, '2024-11-01_00C00C00': None}, {'id_product': 'ID-00000007', 'model': 'TM17', 'descripcion_': 'TUBO ESTRIADO LARGO DE 1/2" 17 MM', 'suppliers': 'ITURRIA S.A', 'blands': 'BAHCO', '2024-09-24_00C00C00': 0.0, '2024-09-25_00C00C00': 3579.81, '2024-09-26_00C00C00': 3575.13, '2024-09-27_00C00C00': 3568.6, '2024-09-28_00C00C00': 3568.6, '2024-09-29_00C00C00': 3569.16, '2024-09-30_00C00C00': 3580.8, '2024-10-01_00C00C00': 1791.93, '2024-10-02_00C00C00': -896.57, '2024-10-03_00C00C00': -897.94, '2024-10-04_00C00C00': -901.65, '2024-10-05_00C00C00': 0.0, '2024-10-06_00C00C00': 0.0, '2024-10-07_00C00C00': 0.0, '2024-10-08_00C00C00': 0.0, '2024-10-09_00C00C00': 0.0, '2024-10-10_00C00C00': None, '2024-10-11_00C00C00': 0.0, '2024-10-12_00C00C00': None, '2024-10-13_00C00C00': None, '2024-10-14_00C00C00': None, '2024-10-15_00C00C00': None, '2024-10-16_00C00C00': None, '2024-10-17_00C00C00': None, '2024-10-18_00C00C00': None, '2024-10-19_00C00C00': 0.0, '2024-10-20_00C00C00': 0.0, '2024-10-21_00C00C00': None, '2024-10-22_00C00C00': None, '2024-10-23_00C00C00': None, '2024-10-24_00C00C00': None, '2024-10-25_00C00C00': None, '2024-10-26_00C00C00': None, '2024-10-27_00C00C00': 2738.2, '2024-10-28_00C00C00': 2738.2, '2024-10-29_00C00C00': 2738.25, '2024-10-30_00C00C00': None, '2024-10-31_00C00C00': None, '2024-11-01_00C00C00': None}, {'id_product': 'ID-00000008', 'model': 'TM18', 'descripcion_': 'TUBO ESTRIADO LARGO DE 1/2" 18 MM', 'suppliers': 'ITURRIA S.A', 'blands': 'BAHCO', '2024-09-24_00C00C00': 2.0, '2024-09-25_00C00C00': 7795.85, '2024-09-26_00C00C00': 7785.65, '2024-09-27_00C00C00': 7771.43, '2024-09-28_00C00C00': 7771.43, '2024-09-29_00C00C00': 7772.65, '2024-09-30_00C00C00': 7798.01, '2024-10-01_00C00C00': 7804.64, '2024-10-02_00C00C00': 9762.38, '2024-10-03_00C00C00': 9777.38, '2024-10-04_00C00C00': 8835.92, '2024-10-05_00C00C00': 1963.54, '2024-10-06_00C00C00': 1965.53, '2024-10-07_00C00C00': 1961.7, '2024-10-08_00C00C00': 1960.54, '2024-10-09_00C00C00': 1961.52, '2024-10-10_00C00C00': None, '2024-10-11_00C00C00': 1972.56, '2024-10-12_00C00C00': None, '2024-10-13_00C00C00': None, '2024-10-14_00C00C00': None, '2024-10-15_00C00C00': None, '2024-10-16_00C00C00': None, '2024-10-17_00C00C00': None, '2024-10-18_00C00C00': None, '2024-10-19_00C00C00': 3975.37, '2024-10-20_00C00C00': 1987.68, '2024-10-21_00C00C00': None, '2024-10-22_00C00C00': None, '2024-10-23_00C00C00': None, '2024-10-24_00C00C00': None, '2024-10-25_00C00C00': None, '2024-10-26_00C00C00': None, '2024-10-27_00C00C00': 12919.94, '2024-10-28_00C00C00': 14907.62, '2024-10-29_00C00C00': 14907.9, '2024-10-30_00C00C00': None, '2024-10-31_00C00C00': None, '2024-11-01_00C00C00': None}  ... displaying 10 of 440 total bound parameter sets ...  {'id_product': 'nan', 'model': 'nan', 'descripcion_': 'nan', 'suppliers': 'nan', 'blands': 'nan', '2024-09-24_00C00C00': None, '2024-09-25_00C00C00': None, '2024-09-26_00C00C00': None, '2024-09-27_00C00C00': None, '2024-09-28_00C00C00': None, '2024-09-29_00C00C00': None, '2024-09-30_00C00C00': None, '2024-10-01_00C00C00': None, '2024-10-02_00C00C00': None, '2024-10-03_00C00C00': None, '2024-10-04_00C00C00': None, '2024-10-05_00C00C00': None, '2024-10-06_00C00C00': None, '2024-10-07_00C00C00': None, '2024-10-08_00C00C00': None, '2024-10-09_00C00C00': None, '2024-10-10_00C00C00': None, '2024-10-11_00C00C00': None, '2024-10-12_00C00C00': None, '2024-10-13_00C00C00': None, '2024-10-14_00C00C00': None, '2024-10-15_00C00C00': None, '2024-10-16_00C00C00': None, '2024-10-17_00C00C00': None, '2024-10-18_00C00C00': None, '2024-10-19_00C00C00': None, '2024-10-20_00C00C00': None, '2024-10-21_00C00C00': None, '2024-10-22_00C00C00': None, '2024-10-23_00C00C00': None, '2024-10-24_00C00C00': None, '2024-10-25_00C00C00': None, '2024-10-26_00C00C00': None, '2024-10-27_00C00C00': None, '2024-10-28_00C00C00': None, '2024-10-29_00C00C00': None, '2024-10-30_00C00C00': None, '2024-10-31_00C00C00': None, '2024-11-01_00C00C00': None}, {'id_product': 'TOTAL', 'model': 'nan', 'descripcion_': 'nan', 'suppliers': 'nan', 'blands': 'nan', '2024-09-24_00C00C00': 49044.38, '2024-09-25_00C00C00': 52561.76, '2024-09-26_00C00C00': 49059.38, '2024-09-27_00C00C00': 129117240553.05, '2024-09-28_00C00C00': 129033715943.07, '2024-09-29_00C00C00': 49002.38, '2024-09-30_00C00C00': 128657205258.53, '2024-10-01_00C00C00': 124655458109.2399, '2024-10-02_00C00C00': 385825241868.1902, '2024-10-03_00C00C00': 129918173710.5801, '2024-10-04_00C00C00': 130471706737.84, '2024-10-05_00C00C00': 130481642850.12, '2024-10-06_00C00C00': 129305993998.38, '2024-10-07_00C00C00': 129357050108.81, '2024-10-08_00C00C00': 130293130093.41, '2024-10-09_00C00C00': 130356489427.33, '2024-10-10_00C00C00': None, '2024-10-11_00C00C00': None, '2024-10-12_00C00C00': None, '2024-10-13_00C00C00': None, '2024-10-14_00C00C00': None, '2024-10-15_00C00C00': None, '2024-10-16_00C00C00': None, '2024-10-17_00C00C00': None, '2024-10-18_00C00C00': None, '2024-10-19_00C00C00': None, '2024-10-20_00C00C00': None, '2024-10-21_00C00C00': None, '2024-10-22_00C00C00': None, '2024-10-23_00C00C00': None, '2024-10-24_00C00C00': None, '2024-10-25_00C00C00': None, '2024-10-26_00C00C00': None, '2024-10-27_00C00C00': None, '2024-10-28_00C00C00': None, '2024-10-29_00C00C00': None, '2024-10-30_00C00C00': None, '2024-10-31_00C00C00': None, '2024-11-01_00C00C00': None})]
(Background on this error at: https://sqlalche.me/e/14/f405)
[2024-10-29T23:34:31.945+0000] {local_task_job_runner.py:266} INFO - Task exited with return code 1
[2024-10-29T23:34:31.970+0000] {taskinstance.py:3900} INFO - 0 downstream tasks scheduled from follow-on schedule check
[2024-10-29T23:34:31.984+0000] {local_task_job_runner.py:245} INFO - ::endgroup::
